Archive member included to satisfy reference by file (symbol)

c:/program files (x86)/atmel/studio/7.0/toolchain/avr8/avr8-gnu-toolchain/bin/../lib/gcc/avr/5.4.0/../../../../avr/lib/avr5\libm.a(addsf3.o)
                              HAL/LCD/LCD_PROG.o (__subsf3)
c:/program files (x86)/atmel/studio/7.0/toolchain/avr8/avr8-gnu-toolchain/bin/../lib/gcc/avr/5.4.0/../../../../avr/lib/avr5\libm.a(addsf3x.o)
                              c:/program files (x86)/atmel/studio/7.0/toolchain/avr8/avr8-gnu-toolchain/bin/../lib/gcc/avr/5.4.0/../../../../avr/lib/avr5\libm.a(addsf3.o) (__addsf3x)
c:/program files (x86)/atmel/studio/7.0/toolchain/avr8/avr8-gnu-toolchain/bin/../lib/gcc/avr/5.4.0/../../../../avr/lib/avr5\libm.a(cmpsf2.o)
                              APP/SmartHome/Code_APP.o (__ltsf2)
c:/program files (x86)/atmel/studio/7.0/toolchain/avr8/avr8-gnu-toolchain/bin/../lib/gcc/avr/5.4.0/../../../../avr/lib/avr5\libm.a(fixsfsi.o)
                              HAL/LCD/LCD_PROG.o (__fixsfsi)
c:/program files (x86)/atmel/studio/7.0/toolchain/avr8/avr8-gnu-toolchain/bin/../lib/gcc/avr/5.4.0/../../../../avr/lib/avr5\libm.a(fixunssfsi.o)
                              APP/SmartHome/Code_APP.o (__fixunssfsi)
c:/program files (x86)/atmel/studio/7.0/toolchain/avr8/avr8-gnu-toolchain/bin/../lib/gcc/avr/5.4.0/../../../../avr/lib/avr5\libm.a(floatsisf.o)
                              APP/SmartHome/Code_APP.o (__floatunsisf)
c:/program files (x86)/atmel/studio/7.0/toolchain/avr8/avr8-gnu-toolchain/bin/../lib/gcc/avr/5.4.0/../../../../avr/lib/avr5\libm.a(fp_cmp.o)
                              c:/program files (x86)/atmel/studio/7.0/toolchain/avr8/avr8-gnu-toolchain/bin/../lib/gcc/avr/5.4.0/../../../../avr/lib/avr5\libm.a(cmpsf2.o) (__fp_cmp)
c:/program files (x86)/atmel/studio/7.0/toolchain/avr8/avr8-gnu-toolchain/bin/../lib/gcc/avr/5.4.0/../../../../avr/lib/avr5\libm.a(fp_inf.o)
                              c:/program files (x86)/atmel/studio/7.0/toolchain/avr8/avr8-gnu-toolchain/bin/../lib/gcc/avr/5.4.0/../../../../avr/lib/avr5\libm.a(addsf3x.o) (__fp_inf)
c:/program files (x86)/atmel/studio/7.0/toolchain/avr8/avr8-gnu-toolchain/bin/../lib/gcc/avr/5.4.0/../../../../avr/lib/avr5\libm.a(fp_nan.o)
                              c:/program files (x86)/atmel/studio/7.0/toolchain/avr8/avr8-gnu-toolchain/bin/../lib/gcc/avr/5.4.0/../../../../avr/lib/avr5\libm.a(addsf3x.o) (__fp_nan)
c:/program files (x86)/atmel/studio/7.0/toolchain/avr8/avr8-gnu-toolchain/bin/../lib/gcc/avr/5.4.0/../../../../avr/lib/avr5\libm.a(fp_pscA.o)
                              c:/program files (x86)/atmel/studio/7.0/toolchain/avr8/avr8-gnu-toolchain/bin/../lib/gcc/avr/5.4.0/../../../../avr/lib/avr5\libm.a(addsf3x.o) (__fp_pscA)
c:/program files (x86)/atmel/studio/7.0/toolchain/avr8/avr8-gnu-toolchain/bin/../lib/gcc/avr/5.4.0/../../../../avr/lib/avr5\libm.a(fp_pscB.o)
                              c:/program files (x86)/atmel/studio/7.0/toolchain/avr8/avr8-gnu-toolchain/bin/../lib/gcc/avr/5.4.0/../../../../avr/lib/avr5\libm.a(addsf3x.o) (__fp_pscB)
c:/program files (x86)/atmel/studio/7.0/toolchain/avr8/avr8-gnu-toolchain/bin/../lib/gcc/avr/5.4.0/../../../../avr/lib/avr5\libm.a(fp_round.o)
                              c:/program files (x86)/atmel/studio/7.0/toolchain/avr8/avr8-gnu-toolchain/bin/../lib/gcc/avr/5.4.0/../../../../avr/lib/avr5\libm.a(addsf3.o) (__fp_round)
c:/program files (x86)/atmel/studio/7.0/toolchain/avr8/avr8-gnu-toolchain/bin/../lib/gcc/avr/5.4.0/../../../../avr/lib/avr5\libm.a(fp_split3.o)
                              c:/program files (x86)/atmel/studio/7.0/toolchain/avr8/avr8-gnu-toolchain/bin/../lib/gcc/avr/5.4.0/../../../../avr/lib/avr5\libm.a(addsf3x.o) (__fp_split3)
c:/program files (x86)/atmel/studio/7.0/toolchain/avr8/avr8-gnu-toolchain/bin/../lib/gcc/avr/5.4.0/../../../../avr/lib/avr5\libm.a(fp_zero.o)
                              c:/program files (x86)/atmel/studio/7.0/toolchain/avr8/avr8-gnu-toolchain/bin/../lib/gcc/avr/5.4.0/../../../../avr/lib/avr5\libm.a(addsf3x.o) (__fp_zero)
c:/program files (x86)/atmel/studio/7.0/toolchain/avr8/avr8-gnu-toolchain/bin/../lib/gcc/avr/5.4.0/../../../../avr/lib/avr5\libm.a(gesf2.o)
                              APP/SmartHome/Code_APP.o (__gtsf2)
c:/program files (x86)/atmel/studio/7.0/toolchain/avr8/avr8-gnu-toolchain/bin/../lib/gcc/avr/5.4.0/../../../../avr/lib/avr5\libm.a(mulsf3.o)
                              APP/SmartHome/Code_APP.o (__mulsf3)
c:/program files (x86)/atmel/studio/7.0/toolchain/avr8/avr8-gnu-toolchain/bin/../lib/gcc/avr/5.4.0/../../../../avr/lib/avr5\libm.a(mulsf3x.o)
                              c:/program files (x86)/atmel/studio/7.0/toolchain/avr8/avr8-gnu-toolchain/bin/../lib/gcc/avr/5.4.0/../../../../avr/lib/avr5\libm.a(mulsf3.o) (__mulsf3x)
c:/program files (x86)/atmel/studio/7.0/toolchain/avr8/avr8-gnu-toolchain/bin/../lib/gcc/avr/5.4.0/avr5\libgcc.a(_udivmodhi4.o)
                              FREERTOS/queue.o (__udivmodhi4)
[...]
Memory Configuration

Name             Origin             Length             Attributes
text             0x00000000         0x00008000         xr
data             0x00800060         0x00000800         rw !x
eeprom           0x00810000         0x00000400         rw !x
fuse             0x00820000         0x00000002         rw !x
lock             0x00830000         0x00000400         rw !x
signature        0x00840000         0x00000400         rw !x
user_signatures  0x00850000         0x00000400         rw !x
*default*        0x00000000         0xffffffff

Linker script and memory map

LOAD C:/Program Files (x86)/Atmel/Studio/7.0/Packs/atmel/ATmega_DFP/1.7.374/gcc/dev/atmega32/avr5/crtatmega32.o
LOAD APP/main.o
LOAD APP/SmartHome/Code_APP.o
LOAD FREERTOS/croutine.o
LOAD FREERTOS/event_groups.o
LOAD FREERTOS/heap_1.o
LOAD FREERTOS/list.o
LOAD FREERTOS/port.o
LOAD FREERTOS/queue.o
LOAD FREERTOS/stream_buffer.o
LOAD FREERTOS/tasks.o
LOAD FREERTOS/timers.o
LOAD HAL/7seg/SS_PROG.o
LOAD HAL/EEPROM/EEPROM_PROG.o
LOAD HAL/KPD/KPD_PROG.o
LOAD HAL/LCD/LCD_PROG.o
LOAD MCAL/ADC/ADC_PROG.o
LOAD MCAL/DIO/DIO_PROG.o
LOAD MCAL/EXT/EXT_PROG.o
LOAD MCAL/GI/GI_PROG.o
LOAD MCAL/I2C/I2C_PROG.o
LOAD MCAL/SPI/SPI_PROG.o
LOAD MCAL/TIMER0/TIMER0_PROG.o
LOAD MCAL/TIMER1/TIMER1_PROG.o
LOAD MCAL/UART/UART_PROG.o
LOAD MCAL/WDT/WDT_PROG.o
START GROUP
LOAD c:/program files (x86)/atmel/studio/7.0/toolchain/avr8/avr8-gnu-toolchain/bin/../lib/gcc/avr/5.4.0/../../../../avr/lib/avr5\libm.a
END GROUP
START GROUP
LOAD c:/program files (x86)/atmel/studio/7.0/toolchain/avr8/avr8-gnu-toolchain/bin/../lib/gcc/avr/5.4.0/avr5\libgcc.a
LOAD c:/program files (x86)/atmel/studio/7.0/toolchain/avr8/avr8-gnu-toolchain/bin/../lib/gcc/avr/5.4.0/../../../../avr/lib/avr5\libm.a
LOAD c:/program files (x86)/atmel/studio/7.0/toolchain/avr8/avr8-gnu-toolchain/bin/../lib/gcc/avr/5.4.0/../../../../avr/lib/avr5\libc.a
LOAD C:/Program Files (x86)/Atmel/Studio/7.0/Packs/atmel/ATmega_DFP/1.7.374/gcc/dev/atmega32/avr5\libatmega32.a
END GROUP
                0x00000000                __TEXT_REGION_ORIGIN__ = DEFINED (__TEXT_REGION_ORIGIN__)?__TEXT_REGION_ORIGIN__:0x0
                [0x00800060]                __DATA_REGION_ORIGIN__ = DEFINED (__DATA_REGION_ORIGIN__)?__DATA_REGION_ORIGIN__:0x800060
                [0x00008000]                __TEXT_REGION_LENGTH__ = DEFINED (__TEXT_REGION_LENGTH__)?__TEXT_REGION_LENGTH__:0x20000
                [0x00000800]                __DATA_REGION_LENGTH__ = DEFINED (__DATA_REGION_LENGTH__)?__DATA_REGION_LENGTH__:0xffa0
                [0x00000400]                __EEPROM_REGION_LENGTH__ = DEFINED (__EEPROM_REGION_LENGTH__)?__EEPROM_REGION_LENGTH__:0x10000
                [0x00000002]                __FUSE_REGION_LENGTH__ = DEFINED (__FUSE_REGION_LENGTH__)?__FUSE_REGION_LENGTH__:0x400
                0x00000400                __LOCK_REGION_LENGTH__ = DEFINED (__LOCK_REGION_LENGTH__)?__LOCK_REGION_LENGTH__:0x400
                0x00000400                __SIGNATURE_REGION_LENGTH__ = DEFINED (__SIGNATURE_REGION_LENGTH__)?__SIGNATURE_REGION_LENGTH__:0x400
                0x00000400                __USER_SIGNATURE_REGION_LENGTH__ = DEFINED (__USER_SIGNATURE_REGION_LENGTH__)?__USER_SIGNATURE_REGION_LENGTH__:0x400

.hash
 *(.hash)

.dynsym
 *(.dynsym)

.dynstr
 *(.dynstr)

.gnu.version
 *(.gnu.version)

.gnu.version_d
 *(.gnu.version_d)

.gnu.version_r
 *(.gnu.version_r)

.rel.init
 *(.rel.init)

.rela.init
 *(.rela.init)

.rel.text
 *(.rel.text)
 *(.rel.text.*)
 *(.rel.gnu.linkonce.t*)

.rela.text
 *(.rela.text)
 *(.rela.text.*)
 *(.rela.gnu.linkonce.t*)

.rel.fini
 *(.rel.fini)

.rela.fini
 *(.rela.fini)

.rel.rodata
 *(.rel.rodata)
 *(.rel.rodata.*)
 *(.rel.gnu.linkonce.r*)

.rela.rodata
 *(.rela.rodata)
 *(.rela.rodata.*)
 *(.rela.gnu.linkonce.r*)

.rel.data
 *(.rel.data)
 *(.rel.data.*)
 *(.rel.gnu.linkonce.d*)

.rela.data
 *(.rela.data)
 *(.rela.data.*)
 *(.rela.gnu.linkonce.d*)

.rel.ctors
 *(.rel.ctors)

.rela.ctors
 *(.rela.ctors)

.rel.dtors
 *(.rel.dtors)

.rela.dtors
 *(.rela.dtors)

.rel.got
 *(.rel.got)

.rela.got
 *(.rela.got)

.rel.bss
 *(.rel.bss)

.rela.bss
 *(.rela.bss)

.rel.plt
 *(.rel.plt)

.rela.plt
 *(.rela.plt)

.text           0x00000000     0x3554
 *(.vectors)
 .vectors       0x00000000       0x54 C:/Program Files (x86)/Atmel/Studio/7.0/Packs/atmel/ATmega_DFP/1.7.374/gcc/dev/atmega32/avr5/crtatmega32.o
                0x00000000                __vector_default
                0x00000000                __vectors
 *(.vectors)
 *(.progmem.gcc*)
 .progmem.gcc_sw_table.prvProcessReceivedCommands
                0x00000054       0x12 FREERTOS/timers.o
                0x00000066                . = ALIGN (0x2)
                0x00000066                __trampolines_start = .
 *(.trampolines)
 .trampolines   0x00000066        0x0 linker stubs
 *(.trampolines*)
                0x00000066                __trampolines_end = .
 *libprintf_flt.a:*(.progmem.data)
 *libc.a:*(.progmem.data)
 *(.progmem*)
                0x00000066                . = ALIGN (0x2)
 *(.jumptables)
 *(.jumptables*)
 *(.lowtext)
 *(.lowtext*)
                0x00000066                __ctors_start = .
 *(.ctors)
                0x00000066                __ctors_end = .
                0x00000066                __dtors_start = .
 *(.dtors)
                0x00000066                __dtors_end = .
 SORT(*)(.ctors)
 SORT(*)(.dtors)
 *(.init0)
 .init0         0x00000066        0x0 C:/Program Files (x86)/Atmel/Studio/7.0/Packs/atmel/ATmega_DFP/1.7.374/gcc/dev/atmega32/avr5/crtatmega32.o
                0x00000066                __init
 *(.init0)
 *(.init1)
 *(.init1)
 *(.init2)
 .init2         0x00000066        0xc C:/Program Files (x86)/Atmel/Studio/7.0/Packs/atmel/ATmega_DFP/1.7.374/gcc/dev/atmega32/avr5/crtatmega32.o
 *(.init2)
 *(.init3)
 *(.init3)
 *(.init4)
 .init4         0x00000072       0x16 c:/program files (x86)/atmel/studio/7.0/toolchain/avr8/avr8-gnu-toolchain/bin/../lib/gcc/avr/5.4.0/avr5\libgcc.a(_copy_data.o)
                0x00000072                __do_copy_data
 .init4         0x00000088       0x10 c:/program files (x86)/atmel/studio/7.0/toolchain/avr8/avr8-gnu-toolchain/bin/../lib/gcc/avr/5.4.0/avr5\libgcc.a(_clear_bss.o)
                0x00000088                __do_clear_bss
 *(.init4)
 *(.init5)
 *(.init5)
 *(.init6)
 *(.init6)
 *(.init7)
 *(.init7)
 *(.init8)
 *(.init8)
 *(.init9)
 .init9         0x00000098        0x8 C:/Program Files (x86)/Atmel/Studio/7.0/Packs/atmel/ATmega_DFP/1.7.374/gcc/dev/atmega32/avr5/crtatmega32.o
 *(.init9)
 *(.text)
 .text          0x000000a0        0x4 C:/Program Files (x86)/Atmel/Studio/7.0/Packs/atmel/ATmega_DFP/1.7.374/gcc/dev/atmega32/avr5/crtatmega32.o
                0x000000a0                __vector_12
                0x000000a0                __bad_interrupt
                0x000000a0                __vector_17
                0x000000a0                __vector_19
                0x000000a0                __vector_5
                0x000000a0                __vector_4
                0x000000a0                __vector_9
                0x000000a0                __vector_15
                0x000000a0                __vector_8
                0x000000a0                __vector_14
                0x000000a0                __vector_16
                0x000000a0                __vector_18
                0x000000a0                __vector_20
                0x000000a4                . = ALIGN (0x2)
 *(.text.*)
 .text.main     0x000000a4        0xa APP/main.o
                0x000000a4                main
 .text.Code_APPInitDriversTask
                0x000000ae       0x26 APP/SmartHome/Code_APP.o
                0x000000ae                Code_APPInitDriversTask
 .text.UARTInputTask
                0x000000d4       0x3a APP/SmartHome/Code_APP.o
                0x000000d4                UARTInputTask
 .text.CheckPasswordAdmin
                0x0000010e      0x1e0 APP/SmartHome/Code_APP.o
                0x0000010e                CheckPasswordAdmin
 .text.TEMP_ControlAC
                0x000002ee       0x7c APP/SmartHome/Code_APP.o
                0x000002ee                TEMP_ControlAC
 .text.TEMP_Check
                0x0000036a       0x5a APP/SmartHome/Code_APP.o
                0x0000036a                TEMP_Check
 .text.LIGHTING_Start
                0x000003c4       0x1a APP/SmartHome/Code_APP.o
                0x000003c4                LIGHTING_Start
 .text.INPUT_Read
                0x000003de       0x3a APP/SmartHome/Code_APP.o
                0x000003de                INPUT_Read
 .text.OptionsTask
                0x00000418      0x138 APP/SmartHome/Code_APP.o
                0x00000418                OptionsTask
 .text.HOLD_Start
                0x00000550       0x1a APP/SmartHome/Code_APP.o
                0x00000550                HOLD_Start
 .text.HOLD_Retrun
                0x0000056a        0xa APP/SmartHome/Code_APP.o
                0x0000056a                HOLD_Retrun
 .text.DOORCONTROL_Start
                0x00000574       0x22 APP/SmartHome/Code_APP.o
                0x00000574                DOORCONTROL_Start
 .text.DoorControlTask
                0x00000596       0x38 APP/SmartHome/Code_APP.o
                0x00000596                DoorControlTask
 .text.CheckDataForUser
                0x000005ce       0x80 APP/SmartHome/Code_APP.o
                0x000005ce                CheckDataForUser
 .text.LoginTask
                0x0000064e       0x34 APP/SmartHome/Code_APP.o
                0x0000064e                LoginTask
 .text.source_code
                0x00000682       0xc0 APP/SmartHome/Code_APP.o
                0x00000682                source_code
 .text.prvTestWaitCondition
                0x00000742       0x26 FREERTOS/event_groups.o
 .text.xEventGroupCreate
                0x00000768       0x26 FREERTOS/event_groups.o
                0x00000768                xEventGroupCreate
 .text.xEventGroupWaitBits
                0x0000078e       0xe4 FREERTOS/event_groups.o
                0x0000078e                xEventGroupWaitBits
 .text.xEventGroupClearBits
                0x00000872       0x1e FREERTOS/event_groups.o
                0x00000872                xEventGroupClearBits
 .text.xEventGroupSetBits
                0x00000890       0xc8 FREERTOS/event_groups.o
                0x00000890                xEventGroupSetBits
 .text.pvPortMalloc
                0x00000958       0x74 FREERTOS/heap_1.o
                0x00000958                pvPortMalloc
 .text.vPortFree
                0x000009cc        0x2 FREERTOS/heap_1.o
                0x000009cc                vPortFree
 .text.vListInitialise
                0x000009ce       0x1c FREERTOS/list.o
                0x000009ce                vListInitialise
 .text.vListInitialiseItem
                0x000009ea        0x8 FREERTOS/list.o
                0x000009ea                vListInitialiseItem
 .text.vListInsertEnd
                0x000009f2       0x42 FREERTOS/list.o
                0x000009f2                vListInsertEnd
 .text.vListInsert
                0x00000a34       0x62 FREERTOS/list.o
                0x00000a34                vListInsert
 .text.uxListRemove
                0x00000a96       0x4e FREERTOS/list.o
                0x00000a96                uxListRemove
 .text.prvSetupTimerInterrupt
                0x00000ae4       0x12 FREERTOS/port.o
 .text.pxPortInitialiseStack
                0x00000af6       0xd8 FREERTOS/port.o
                0x00000af6                pxPortInitialiseStack
 .text.xPortStartScheduler
                0x00000bce       0x5e FREERTOS/port.o
                0x00000bce                xPortStartScheduler
 .text.vPortYield
                0x00000c2c       0xb2 FREERTOS/port.o
                0x00000c2c                vPortYield
 .text.vPortYieldFromTick
                0x00000cde       0xb8 FREERTOS/port.o
                0x00000cde                vPortYieldFromTick
 .text.__vector_7
                0x00000d96        0x6 FREERTOS/port.o
                0x00000d96                __vector_7
 .text.prvIsQueueEmpty
                0x00000d9c       0x1a FREERTOS/queue.o
 .text.prvIsQueueFull
                0x00000db6       0x1c FREERTOS/queue.o
 .text.prvCopyDataToQueue
                0x00000dd2       0x92 FREERTOS/queue.o
 .text.prvCopyDataFromQueue
                0x00000e64       0x34 FREERTOS/queue.o
 .text.prvUnlockQueue
                0x00000e98       0x68 FREERTOS/queue.o
 .text.xQueueGenericReset
                0x00000f00       0xc0 FREERTOS/queue.o
                0x00000f00                xQueueGenericReset
 .text.prvInitialiseNewQueue
                0x00000fc0       0x26 FREERTOS/queue.o
 .text.xQueueGenericCreate
                0x00000fe6       0x82 FREERTOS/queue.o
                0x00000fe6                xQueueGenericCreate
 .text.xQueueGenericSend
                0x00001068      0x124 FREERTOS/queue.o
                0x00001068                xQueueGenericSend
 .text.xQueueReceive
                0x0000118c      0x11e FREERTOS/queue.o
                0x0000118c                xQueueReceive
 .text.vQueueWaitForMessageRestricted
                0x000012aa       0x3a FREERTOS/queue.o
                0x000012aa                vQueueWaitForMessageRestricted
 .text.prvResetNextTaskUnblockTime
                0x000012e4       0x38 FREERTOS/tasks.o
 .text.prvInitialiseNewTask
                0x0000131c       0xd2 FREERTOS/tasks.o
 .text.prvIdleTask
                0x000013ee        0xe FREERTOS/tasks.o
 .text.prvInitialiseTaskLists
                0x000013fc       0x66 FREERTOS/tasks.o
 .text.prvAddNewTaskToReadyList
                0x00001462       0xfa FREERTOS/tasks.o
 .text.prvAddCurrentTaskToDelayedList
                0x0000155c      0x102 FREERTOS/tasks.o
 .text.xTaskCreate
                0x0000165e       0xb2 FREERTOS/tasks.o
                0x0000165e                xTaskCreate
 .text.vTaskStartScheduler
                0x00001710       0x60 FREERTOS/tasks.o
                0x00001710                vTaskStartScheduler
 .text.vTaskSuspendAll
                0x00001770        0xc FREERTOS/tasks.o
                0x00001770                vTaskSuspendAll
 .text.xTaskGetTickCount
                0x0000177c       0x14 FREERTOS/tasks.o
                0x0000177c                xTaskGetTickCount
 .text.xTaskIncrementTick
                0x00001790      0x234 FREERTOS/tasks.o
                0x00001790                xTaskIncrementTick
 .text.xTaskResumeAll
                0x000019c4      0x1aa FREERTOS/tasks.o
                0x000019c4                xTaskResumeAll
 .text.vTaskDelay
                0x00001b6e       0x2c FREERTOS/tasks.o
                0x00001b6e                vTaskDelay
 .text.vTaskSwitchContext
                0x00001b9a       0xa8 FREERTOS/tasks.o
                0x00001b9a                vTaskSwitchContext
 .text.vTaskSuspend
                0x00001c42       0xc2 FREERTOS/tasks.o
                0x00001c42                vTaskSuspend
 .text.vTaskPlaceOnEventList
                0x00001d04       0x24 FREERTOS/tasks.o
                0x00001d04                vTaskPlaceOnEventList
 .text.vTaskPlaceOnUnorderedEventList
                0x00001d28       0x8c FREERTOS/tasks.o
                0x00001d28                vTaskPlaceOnUnorderedEventList
 .text.vTaskPlaceOnEventListRestricted
                0x00001db4       0x92 FREERTOS/tasks.o
                0x00001db4                vTaskPlaceOnEventListRestricted
 .text.xTaskRemoveFromEventList
                0x00001e46      0x17a FREERTOS/tasks.o
                0x00001e46                xTaskRemoveFromEventList
 .text.vTaskRemoveFromUnorderedEventList
                0x00001fc0      0x14c FREERTOS/tasks.o
                0x00001fc0                vTaskRemoveFromUnorderedEventList
 .text.vTaskInternalSetTimeOutState
                0x0000210c       0x16 FREERTOS/tasks.o
                0x0000210c                vTaskInternalSetTimeOutState
 .text.xTaskCheckForTimeOut
                0x00002122       0x7e FREERTOS/tasks.o
                0x00002122                xTaskCheckForTimeOut
 .text.vTaskMissedYield
                0x000021a0        0x8 FREERTOS/tasks.o
                0x000021a0                vTaskMissedYield
 .text.uxTaskResetEventItemValue
                0x000021a8       0x2e FREERTOS/tasks.o
                0x000021a8                uxTaskResetEventItemValue
 .text.prvGetNextExpireTime
                0x000021d6       0x2a FREERTOS/timers.o
 .text.prvInsertTimerInActiveList
                0x00002200       0x5e FREERTOS/timers.o
 .text.prvReloadTimer
                0x0000225e       0x48 FREERTOS/timers.o
 .text.prvProcessExpiredTimer
                0x000022a6       0x56 FREERTOS/timers.o
 .text.prvSwitchTimerLists
                0x000022fc       0x3c FREERTOS/timers.o
 .text.prvSampleTimeNow
                0x00002338       0x42 FREERTOS/timers.o
 .text.prvProcessTimerOrBlockTask
                0x0000237a       0x90 FREERTOS/timers.o
 .text.prvProcessReceivedCommands
                0x0000240a      0x140 FREERTOS/timers.o
 .text.prvTimerTask
                0x0000254a       0x1e FREERTOS/timers.o
 .text.prvCheckForValidListAndQueue
                0x00002568       0x52 FREERTOS/timers.o
 .text.xTimerCreateTimerTask
                0x000025ba       0x44 FREERTOS/timers.o
                0x000025ba                xTimerCreateTimerTask
 .text.EEPROM_Init
                0x000025fe        0x8 HAL/EEPROM/EEPROM_PROG.o
                0x000025fe                EEPROM_Init
 .text.EEPROM_SendByte
                0x00002606       0x44 HAL/EEPROM/EEPROM_PROG.o
                0x00002606                EEPROM_SendByte
 .text.EEPROM_ReadByteNACK
                0x0000264a       0x62 HAL/EEPROM/EEPROM_PROG.o
                0x0000264a                EEPROM_ReadByteNACK
 .text.KPD_init
                0x000026ac       0x5a HAL/KPD/KPD_PROG.o
                0x000026ac                KPD_init
 .text.KPD_read
                0x00002706      0x17a HAL/KPD/KPD_PROG.o
                0x00002706                KPD_read
 .text.LCD_Instruction
                0x00002880       0x2c HAL/LCD/LCD_PROG.o
                0x00002880                LCD_Instruction
 .text.LCD_pulse
                0x000028ac       0x1e HAL/LCD/LCD_PROG.o
                0x000028ac                LCD_pulse
 .text.LCD_sendData
                0x000028ca       0x76 HAL/LCD/LCD_PROG.o
                0x000028ca                LCD_sendData
 .text.LCD_sendCmd
                0x00002940       0x76 HAL/LCD/LCD_PROG.o
                0x00002940                LCD_sendCmd
 .text.LCD_init
                0x000029b6       0x8e HAL/LCD/LCD_PROG.o
                0x000029b6                LCD_init
 .text.LCD_clearDis
                0x00002a44        0x8 HAL/LCD/LCD_PROG.o
                0x00002a44                LCD_clearDis
 .text.LCD_GoTo
                0x00002a4c       0x18 HAL/LCD/LCD_PROG.o
                0x00002a4c                LCD_GoTo
 .text.LCD_sendStr
                0x00002a64       0x26 HAL/LCD/LCD_PROG.o
                0x00002a64                LCD_sendStr
 .text.LCD_sendNum
                0x00002a8a       0x98 HAL/LCD/LCD_PROG.o
                0x00002a8a                LCD_sendNum
 .text.LCD_sendFloatNum
                0x00002b22       0x58 HAL/LCD/LCD_PROG.o
                0x00002b22                LCD_sendFloatNum
 .text.ADC_read
                0x00002b7a       0x56 MCAL/ADC/ADC_PROG.o
                0x00002b7a                ADC_read
 .text.ADC_convertAnalog
                0x00002bd0       0x18 MCAL/ADC/ADC_PROG.o
                0x00002bd0                ADC_convertAnalog
 .text.DIO_setPinDir
                0x00002be8      0x116 MCAL/DIO/DIO_PROG.o
                0x00002be8                DIO_setPinDir
 .text.DIO_setPinValue
                0x00002cfe      0x116 MCAL/DIO/DIO_PROG.o
                0x00002cfe                DIO_setPinValue
 .text.DIO_readPinValue
                0x00002e14       0x6c MCAL/DIO/DIO_PROG.o
                0x00002e14                DIO_readPinValue
 .text.DIO_togglePinValue
                0x00002e80       0x18 MCAL/DIO/DIO_PROG.o
                0x00002e80                DIO_togglePinValue
 .text.DIO_setPullUp
                0x00002e98        0x8 MCAL/DIO/DIO_PROG.o
                0x00002e98                DIO_setPullUp
 .text.__vector_1
                0x00002ea0       0x4e MCAL/EXT/EXT_PROG.o
                0x00002ea0                __vector_1
 .text.__vector_2
                0x00002eee       0x4e MCAL/EXT/EXT_PROG.o
                0x00002eee                __vector_2
 .text.__vector_3
                0x00002f3c       0x4e MCAL/EXT/EXT_PROG.o
                0x00002f3c                __vector_3
 .text.GI_enable
                0x00002f8a        0x8 MCAL/GI/GI_PROG.o
                0x00002f8a                GI_enable
 .text.I2C_init
                0x00002f92       0x18 MCAL/I2C/I2C_PROG.o
                0x00002f92                I2C_init
 .text.__vector_11
                0x00002faa       0x4e MCAL/TIMER0/TIMER0_PROG.o
                0x00002faa                __vector_11
 .text.__vector_10
                0x00002ff8       0x4e MCAL/TIMER0/TIMER0_PROG.o
                0x00002ff8                __vector_10
 .text.TIMER1_setOcr
                0x00003046        0x6 MCAL/TIMER1/TIMER1_PROG.o
                0x00003046                TIMER1_setOcr
 .text.__vector_6
                0x0000304c       0x4e MCAL/TIMER1/TIMER1_PROG.o
                0x0000304c                __vector_6
 .text.UART_init
                0x0000309a       0x1e MCAL/UART/UART_PROG.o
                0x0000309a                UART_init
 .text.UART_sendData
                0x000030b8        0x8 MCAL/UART/UART_PROG.o
                0x000030b8                UART_sendData
 .text.UART_sendStr
                0x000030c0       0x26 MCAL/UART/UART_PROG.o
                0x000030c0                UART_sendStr
 .text.UART_receiveData
                0x000030e6       0x16 MCAL/UART/UART_PROG.o
                0x000030e6                UART_receiveData
 .text.__vector_13
                0x000030fc       0x4e MCAL/UART/UART_PROG.o
                0x000030fc                __vector_13
 .text.avr-libc.fplib
                0x0000314a        0xe c:/program files (x86)/atmel/studio/7.0/toolchain/avr8/avr8-gnu-toolchain/bin/../lib/gcc/avr/5.4.0/../../../../avr/lib/avr5\libm.a(addsf3.o)
                0x0000314a                __subsf3
                0x0000314c                __addsf3
 .text.avr-libc.fplib
                0x00003158       0xcc c:/program files (x86)/atmel/studio/7.0/toolchain/avr8/avr8-gnu-toolchain/bin/../lib/gcc/avr/5.4.0/../../../../avr/lib/avr5\libm.a(addsf3x.o)
                0x0000317a                __addsf3x
 .text.avr-libc.fplib
                0x00003224        0xa c:/program files (x86)/atmel/studio/7.0/toolchain/avr8/avr8-gnu-toolchain/bin/../lib/gcc/avr/5.4.0/../../../../avr/lib/avr5\libm.a(cmpsf2.o)
                0x00003224                __nesf2
                0x00003224                __eqsf2
                0x00003224                __cmpsf2
                0x00003224                __ltsf2
                0x00003224                __lesf2
 .text.avr-libc.fplib
                0x0000322e        0xe c:/program files (x86)/atmel/studio/7.0/toolchain/avr8/avr8-gnu-toolchain/bin/../lib/gcc/avr/5.4.0/../../../../avr/lib/avr5\libm.a(fixsfsi.o)
                0x0000322e                __fixsfsi
 .text.avr-libc.fplib
                0x0000323c       0x5e c:/program files (x86)/atmel/studio/7.0/toolchain/avr8/avr8-gnu-toolchain/bin/../lib/gcc/avr/5.4.0/../../../../avr/lib/avr5\libm.a(fixunssfsi.o)
                0x0000323c                __fixunssfsi
 .text.avr-libc.fplib
                0x0000329a       0x7a c:/program files (x86)/atmel/studio/7.0/toolchain/avr8/avr8-gnu-toolchain/bin/../lib/gcc/avr/5.4.0/../../../../avr/lib/avr5\libm.a(floatsisf.o)
                0x0000329a                __floatunsisf
                0x0000329e                __floatsisf
 .text.avr-libc.fplib
                0x00003314       0x48 c:/program files (x86)/atmel/studio/7.0/toolchain/avr8/avr8-gnu-toolchain/bin/../lib/gcc/avr/5.4.0/../../../../avr/lib/avr5\libm.a(fp_cmp.o)
                0x00003314                __fp_cmp
 .text.avr-libc.fplib
                0x0000335c        0xc c:/program files (x86)/atmel/studio/7.0/toolchain/avr8/avr8-gnu-toolchain/bin/../lib/gcc/avr/5.4.0/../../../../avr/lib/avr5\libm.a(fp_inf.o)
                0x0000335c                __fp_inf
 .text.avr-libc.fplib
                0x00003368        0x6 c:/program files (x86)/atmel/studio/7.0/toolchain/avr8/avr8-gnu-toolchain/bin/../lib/gcc/avr/5.4.0/../../../../avr/lib/avr5\libm.a(fp_nan.o)
                0x00003368                __fp_nan
 .text.avr-libc.fplib
                0x0000336e        0xe c:/program files (x86)/atmel/studio/7.0/toolchain/avr8/avr8-gnu-toolchain/bin/../lib/gcc/avr/5.4.0/../../../../avr/lib/avr5\libm.a(fp_pscA.o)
                0x0000336e                __fp_pscA
 .text.avr-libc.fplib
                0x0000337c        0xe c:/program files (x86)/atmel/studio/7.0/toolchain/avr8/avr8-gnu-toolchain/bin/../lib/gcc/avr/5.4.0/../../../../avr/lib/avr5\libm.a(fp_pscB.o)
                0x0000337c                __fp_pscB
 .text.avr-libc.fplib
                0x0000338a       0x22 c:/program files (x86)/atmel/studio/7.0/toolchain/avr8/avr8-gnu-toolchain/bin/../lib/gcc/avr/5.4.0/../../../../avr/lib/avr5\libm.a(fp_round.o)
                0x0000338a                __fp_round
 .text.avr-libc.fplib
                0x000033ac       0x44 c:/program files (x86)/atmel/studio/7.0/toolchain/avr8/avr8-gnu-toolchain/bin/../lib/gcc/avr/5.4.0/../../../../avr/lib/avr5\libm.a(fp_split3.o)
                0x000033ac                __fp_split3
                0x000033bc                __fp_splitA
 .text.avr-libc.fplib
                0x000033f0        0xe c:/program files (x86)/atmel/studio/7.0/toolchain/avr8/avr8-gnu-toolchain/bin/../lib/gcc/avr/5.4.0/../../../../avr/lib/avr5\libm.a(fp_zero.o)
                0x000033f0                __fp_zero
                0x000033f2                __fp_szero
 .text.avr-libc.fplib
                0x000033fe        0xa c:/program files (x86)/atmel/studio/7.0/toolchain/avr8/avr8-gnu-toolchain/bin/../lib/gcc/avr/5.4.0/../../../../avr/lib/avr5\libm.a(gesf2.o)
                0x000033fe                __gesf2
                0x000033fe                __gtsf2
 .text.avr-libc.fplib
                0x00003408        0x8 c:/program files (x86)/atmel/studio/7.0/toolchain/avr8/avr8-gnu-toolchain/bin/../lib/gcc/avr/5.4.0/../../../../avr/lib/avr5\libm.a(mulsf3.o)
                0x00003408                __mulsf3
 .text.avr-libc.fplib
                0x00003410       0xd2 c:/program files (x86)/atmel/studio/7.0/toolchain/avr8/avr8-gnu-toolchain/bin/../lib/gcc/avr/5.4.0/../../../../avr/lib/avr5\libm.a(mulsf3x.o)
                0x0000342e                __mulsf3x
                0x00003434                __mulsf3_pse
 .text.libgcc.div
                0x000034e2       0x28 c:/program files (x86)/atmel/studio/7.0/toolchain/avr8/avr8-gnu-toolchain/bin/../lib/gcc/avr/5.4.0/avr5\libgcc.a(_udivmodhi4.o)
                0x000034e2                __udivmodhi4
 .text.libgcc.div
                0x0000350a       0x28 c:/program files (x86)/atmel/studio/7.0/toolchain/avr8/avr8-gnu-toolchain/bin/../lib/gcc/avr/5.4.0/avr5\libgcc.a(_divmodhi4.o)
                0x0000350a                _div
                0x0000350a                __divmodhi4
 .text.libgcc   0x00003532        0xc c:/program files (x86)/atmel/studio/7.0/toolchain/avr8/avr8-gnu-toolchain/bin/../lib/gcc/avr/5.4.0/avr5\libgcc.a(_tablejump2.o)
                0x00003532                __tablejump2__
 .text.avr-libc
                0x0000353e       0x12 c:/program files (x86)/atmel/studio/7.0/toolchain/avr8/avr8-gnu-toolchain/bin/../lib/gcc/avr/5.4.0/../../../../avr/lib/avr5\libc.a(memcpy.o)
                0x0000353e                memcpy
                0x00003550                . = ALIGN (0x2)
 *(.fini9)
 .fini9         0x00003550        0x0 c:/program files (x86)/atmel/studio/7.0/toolchain/avr8/avr8-gnu-toolchain/bin/../lib/gcc/avr/5.4.0/avr5\libgcc.a(_exit.o)
                0x00003550                _exit
                0x00003550                exit
 *(.fini9)
 *(.fini8)
 *(.fini8)
 *(.fini7)
 *(.fini7)
 *(.fini6)
 *(.fini6)
 *(.fini5)
 *(.fini5)
 *(.fini4)
 *(.fini4)
 *(.fini3)
 *(.fini3)
 *(.fini2)
 *(.fini2)
 *(.fini1)
 *(.fini1)
 *(.fini0)
 .fini0         0x00003550        0x4 c:/program files (x86)/atmel/studio/7.0/toolchain/avr8/avr8-gnu-toolchain/bin/../lib/gcc/avr/5.4.0/avr5\libgcc.a(_exit.o)
 *(.fini0)
                0x00003554                _etext = .

.data           0x00800060       0xa4 load address 0x00003554
                0x00800060                PROVIDE (__data_start, .)
 *(.data)
 *(.data*)
 .data.uxTopUsedPriority
                0x00800060        0x1 FREERTOS/tasks.o
                0x00800060                uxTopUsedPriority
 *(.gnu.linkonce.d*)
 *(.rodata)
 *(.rodata*)
 .rodata.str1.1
                0x00800061       0x95 APP/SmartHome/Code_APP.o
                                 0xa4 (size before relaxing)
 .rodata.str1.1
                0x008000f6        0x5 FREERTOS/tasks.o
 .rodata.str1.1
                0x008000fb        0x8 FREERTOS/timers.o
 *(.gnu.linkonce.r*)
                0x00800104                . = ALIGN (0x2)
 *fill*         0x00800103        0x1 
                0x00800104                _edata = .
                0x00800104                PROVIDE (__data_end, .)

.bss            0x00800104      0x6f0
                0x00800104                PROVIDE (__bss_start, .)
 *(.bss)
 *(.bss*)
 .bss.UART_Press.2484
                0x00800104        0x1 APP/SmartHome/Code_APP.o
 .bss.Keypad_Press_KPD.2483
                0x00800105        0x1 APP/SmartHome/Code_APP.o
 .bss.counter.2448
                0x00800106        0x1 APP/SmartHome/Code_APP.o
 .bss.Save_flage.2443
                0x00800107        0x1 APP/SmartHome/Code_APP.o
 .bss.Entered_Pass.2445
                0x00800108        0x4 APP/SmartHome/Code_APP.o
 .bss.InputIndex.2446
                0x0080010c        0x1 APP/SmartHome/Code_APP.o
 .bss.EEPROM_flage.2442
                0x0080010d        0x1 APP/SmartHome/Code_APP.o
 .bss.EEPROMRecevedData.2447
                0x0080010e        0x1 APP/SmartHome/Code_APP.o
 .bss.EEPROMAdminLocation.2449
                0x0080010f        0x2 APP/SmartHome/Code_APP.o
 .bss.flage     0x00800111        0x1 APP/SmartHome/Code_APP.o
                0x00800111                flage
 .bss.pucAlignedHeap.2112
                0x00800112        0x2 FREERTOS/heap_1.o
 .bss.xNextFreeByte
                0x00800114        0x2 FREERTOS/heap_1.o
 .bss.ucHeap    0x00800116      0x640 FREERTOS/heap_1.o
 .bss.uxSchedulerSuspended
                0x00800756        0x1 FREERTOS/tasks.o
 .bss.xIdleTaskHandle
                0x00800757        0x2 FREERTOS/tasks.o
 .bss.xNextTaskUnblockTime
                0x00800759        0x2 FREERTOS/tasks.o
 .bss.uxTaskNumber
                0x0080075b        0x1 FREERTOS/tasks.o
 .bss.xNumOfOverflows
                0x0080075c        0x1 FREERTOS/tasks.o
 .bss.xYieldPending
                0x0080075d        0x1 FREERTOS/tasks.o
 .bss.xPendedTicks
                0x0080075e        0x2 FREERTOS/tasks.o
 .bss.xSchedulerRunning
                0x00800760        0x1 FREERTOS/tasks.o
 .bss.uxTopReadyPriority
                0x00800761        0x1 FREERTOS/tasks.o
 .bss.xTickCount
                0x00800762        0x2 FREERTOS/tasks.o
 .bss.uxCurrentNumberOfTasks
                0x00800764        0x1 FREERTOS/tasks.o
 .bss.xSuspendedTaskList
                0x00800765        0x9 FREERTOS/tasks.o
 .bss.xPendingReadyList
                0x0080076e        0x9 FREERTOS/tasks.o
 .bss.pxOverflowDelayedTaskList
                0x00800777        0x2 FREERTOS/tasks.o
 .bss.pxDelayedTaskList
                0x00800779        0x2 FREERTOS/tasks.o
 .bss.xDelayedTaskList2
                0x0080077b        0x9 FREERTOS/tasks.o
 .bss.xDelayedTaskList1
                0x00800784        0x9 FREERTOS/tasks.o
 .bss.pxReadyTasksLists
                0x0080078d       0x24 FREERTOS/tasks.o
 .bss.pxCurrentTCB
                0x008007b1        0x2 FREERTOS/tasks.o
                0x008007b1                pxCurrentTCB
 .bss.xLastTime.2428
                0x008007b3        0x2 FREERTOS/timers.o
 .bss.xTimerTaskHandle
                0x008007b5        0x2 FREERTOS/timers.o
 .bss.xTimerQueue
                0x008007b7        0x2 FREERTOS/timers.o
 .bss.pxOverflowTimerList
                0x008007b9        0x2 FREERTOS/timers.o
 .bss.pxCurrentTimerList
                0x008007bb        0x2 FREERTOS/timers.o
 .bss.xActiveTimerList2
                0x008007bd        0x9 FREERTOS/timers.o
 .bss.xActiveTimerList1
                0x008007c6        0x9 FREERTOS/timers.o
 *(COMMON)
 COMMON         0x008007cf        0x6 APP/main.o
                0x008007cf                LoginEventGroup
                0x008007d1                xQueue
                0x008007d3                uxBits
 COMMON         0x008007d5       0x11 APP/SmartHome/Code_APP.o
                0x008007d5                password
                0x008007d9                username
                0x008007dd                VAnalogTemp
                0x008007e1                VDigitalTemp
                0x008007e3                dis
                0x008007e5                ch
 COMMON         0x008007e6        0x6 MCAL/EXT/EXT_PROG.o
                0x008007e6                EXT_int1Func
                0x008007e8                EXT_int2Func
                0x008007ea                EXT_int0Func
 COMMON         0x008007ec        0x4 MCAL/TIMER0/TIMER0_PROG.o
                0x008007ec                TIMER0_CTCFunc
                0x008007ee                TIMER0_OvFunc
 COMMON         0x008007f0        0x2 MCAL/TIMER1/TIMER1_PROG.o
                0x008007f0                TIMER1_IcuFunc
 COMMON         0x008007f2        0x2 MCAL/UART/UART_PROG.o
                0x008007f2                UART_INTFunc
                0x008007f4                PROVIDE (__bss_end, .)
                0x00003554                __data_load_start = LOADADDR (.data)
                0x000035f8                __data_load_end = (__data_load_start + SIZEOF (.data))

.noinit         0x008007f4        0x0
                [!provide]                PROVIDE (__noinit_start, .)
 *(.noinit*)
                [!provide]                PROVIDE (__noinit_end, .)
                0x008007f4                _end = .
                [!provide]                PROVIDE (__heap_start, .)

.eeprom         0x00810000        0x0
 *(.eeprom*)
                0x00810000                __eeprom_end = .

.fuse
 *(.fuse)
 *(.lfuse)
 *(.hfuse)
 *(.efuse)

.lock
 *(.lock*)

.signature
 *(.signature*)

.user_signatures
 *(.user_signatures*)

.stab
 *(.stab)

.stabstr
 *(.stabstr)

.stab.excl
 *(.stab.excl)

.stab.exclstr
 *(.stab.exclstr)

.stab.index
 *(.stab.index)

.stab.indexstr
 *(.stab.indexstr)

.comment        0x00000000       0x30
 *(.comment)
 .comment       0x00000000       0x30 APP/main.o
                                 0x31 (size before relaxing)
 .comment       0x00000030       0x31 APP/SmartHome/Code_APP.o
 .comment       0x00000030       0x31 FREERTOS/event_groups.o
 .comment       0x00000030       0x31 FREERTOS/heap_1.o
 .comment       0x00000030       0x31 FREERTOS/list.o
 .comment       0x00000030       0x31 FREERTOS/port.o
 .comment       0x00000030       0x31 FREERTOS/queue.o
 .comment       0x00000030       0x31 FREERTOS/tasks.o
 .comment       0x00000030       0x31 FREERTOS/timers.o
 .comment       0x00000030       0x31 HAL/EEPROM/EEPROM_PROG.o
 .comment       0x00000030       0x31 HAL/KPD/KPD_PROG.o
 .comment       0x00000030       0x31 HAL/LCD/LCD_PROG.o
 .comment       0x00000030       0x31 MCAL/ADC/ADC_PROG.o
 .comment       0x00000030       0x31 MCAL/DIO/DIO_PROG.o
 .comment       0x00000030       0x31 MCAL/EXT/EXT_PROG.o
 .comment       0x00000030       0x31 MCAL/GI/GI_PROG.o
 .comment       0x00000030       0x31 MCAL/I2C/I2C_PROG.o
 .comment       0x00000030       0x31 MCAL/TIMER0/TIMER0_PROG.o
 .comment       0x00000030       0x31 MCAL/TIMER1/TIMER1_PROG.o
 .comment       0x00000030       0x31 MCAL/UART/UART_PROG.o

.note.gnu.avr.deviceinfo
                0x00000000       0x3c
 .note.gnu.avr.deviceinfo
                0x00000000       0x3c C:/Program Files (x86)/Atmel/Studio/7.0/Packs/atmel/ATmega_DFP/1.7.374/gcc/dev/atmega32/avr5/crtatmega32.o

.note.gnu.build-id
 *(.note.gnu.build-id)

.debug
 *(.debug)

.line
 *(.line)

.debug_srcinfo
 *(.debug_srcinfo)

.debug_sfnames
 *(.debug_sfnames)

.debug_aranges  0x00000000      0x878
 *(.debug_aranges)
 .debug_aranges
                0x00000000       0x20 APP/main.o
 .debug_aranges
                0x00000020       0xd8 APP/SmartHome/Code_APP.o
 .debug_aranges
                0x000000f8       0x68 FREERTOS/event_groups.o
 .debug_aranges
                0x00000160       0x38 FREERTOS/heap_1.o
 .debug_aranges
                0x00000198       0x40 FREERTOS/list.o
 .debug_aranges
                0x000001d8       0x50 FREERTOS/port.o
 .debug_aranges
                0x00000228       0xd8 FREERTOS/queue.o
 .debug_aranges
                0x00000300      0x168 FREERTOS/tasks.o
 .debug_aranges
                0x00000468       0xd8 FREERTOS/timers.o
 .debug_aranges
                0x00000540       0x30 HAL/EEPROM/EEPROM_PROG.o
 .debug_aranges
                0x00000570       0x28 HAL/KPD/KPD_PROG.o
 .debug_aranges
                0x00000598       0x80 HAL/LCD/LCD_PROG.o
 .debug_aranges
                0x00000618       0x30 MCAL/ADC/ADC_PROG.o
 .debug_aranges
                0x00000648       0x40 MCAL/DIO/DIO_PROG.o
 .debug_aranges
                0x00000688       0x60 MCAL/EXT/EXT_PROG.o
 .debug_aranges
                0x000006e8       0x28 MCAL/GI/GI_PROG.o
 .debug_aranges
                0x00000710       0x40 MCAL/I2C/I2C_PROG.o
 .debug_aranges
                0x00000750       0x78 MCAL/TIMER0/TIMER0_PROG.o
 .debug_aranges
                0x000007c8       0x60 MCAL/TIMER1/TIMER1_PROG.o
 .debug_aranges
                0x00000828       0x50 MCAL/UART/UART_PROG.o

.debug_pubnames
 *(.debug_pubnames)

.debug_info     0x00000000     0x8add
 *(.debug_info .gnu.linkonce.wi.*)
 .debug_info    0x00000000      0x4e6 C:/Program Files (x86)/Atmel/Studio/7.0/Packs/atmel/ATmega_DFP/1.7.374/gcc/dev/atmega32/avr5/crtatmega32.o
 .debug_info    0x000004e6      0x145 APP/main.o
 .debug_info    0x0000062b     0x1722 APP/SmartHome/Code_APP.o
 .debug_info    0x00001d4d      0x8db FREERTOS/event_groups.o
 .debug_info    0x00002628      0x1a4 FREERTOS/heap_1.o
 .debug_info    0x000027cc      0x2d8 FREERTOS/list.o
 .debug_info    0x00002aa4      0x24e FREERTOS/port.o
 .debug_info    0x00002cf2     0x15fb FREERTOS/queue.o
 .debug_info    0x000042ed     0x1b0c FREERTOS/tasks.o
 .debug_info    0x00005df9     0x102d FREERTOS/timers.o
 .debug_info    0x00006e26      0x182 HAL/EEPROM/EEPROM_PROG.o
 .debug_info    0x00006fa8      0x4a8 HAL/KPD/KPD_PROG.o
 .debug_info    0x00007450      0x93e HAL/LCD/LCD_PROG.o
 .debug_info    0x00007d8e      0x10b MCAL/ADC/ADC_PROG.o
 .debug_info    0x00007e99      0x1b2 MCAL/DIO/DIO_PROG.o
 .debug_info    0x0000804b      0x20f MCAL/EXT/EXT_PROG.o
 .debug_info    0x0000825a       0xb2 MCAL/GI/GI_PROG.o
 .debug_info    0x0000830c      0x1db MCAL/I2C/I2C_PROG.o
 .debug_info    0x000084e7      0x224 MCAL/TIMER0/TIMER0_PROG.o
 .debug_info    0x0000870b      0x1f2 MCAL/TIMER1/TIMER1_PROG.o
 .debug_info    0x000088fd      0x1e0 MCAL/UART/UART_PROG.o

.debug_abbrev   0x00000000     0x1f35
 *(.debug_abbrev)
 .debug_abbrev  0x00000000      0x4a3 C:/Program Files (x86)/Atmel/Studio/7.0/Packs/atmel/ATmega_DFP/1.7.374/gcc/dev/atmega32/avr5/crtatmega32.o
 .debug_abbrev  0x000004a3       0x93 APP/main.o
 .debug_abbrev  0x00000536      0x3d1 APP/SmartHome/Code_APP.o
 .debug_abbrev  0x00000907      0x1dc FREERTOS/event_groups.o
 .debug_abbrev  0x00000ae3      0x11c FREERTOS/heap_1.o
 .debug_abbrev  0x00000bff       0xff FREERTOS/list.o
 .debug_abbrev  0x00000cfe      0x143 FREERTOS/port.o
 .debug_abbrev  0x00000e41      0x241 FREERTOS/queue.o
 .debug_abbrev  0x00001082      0x2a5 FREERTOS/tasks.o
 .debug_abbrev  0x00001327      0x27f FREERTOS/timers.o
 .debug_abbrev  0x000015a6       0xe4 HAL/EEPROM/EEPROM_PROG.o
 .debug_abbrev  0x0000168a       0xa1 HAL/KPD/KPD_PROG.o
 .debug_abbrev  0x0000172b      0x1ac HAL/LCD/LCD_PROG.o
 .debug_abbrev  0x000018d7       0x94 MCAL/ADC/ADC_PROG.o
 .debug_abbrev  0x0000196b       0xe3 MCAL/DIO/DIO_PROG.o
 .debug_abbrev  0x00001a4e       0xad MCAL/EXT/EXT_PROG.o
 .debug_abbrev  0x00001afb       0x4f MCAL/GI/GI_PROG.o
 .debug_abbrev  0x00001b4a       0xc8 MCAL/I2C/I2C_PROG.o
 .debug_abbrev  0x00001c12       0xea MCAL/TIMER0/TIMER0_PROG.o
 .debug_abbrev  0x00001cfc       0xea MCAL/TIMER1/TIMER1_PROG.o
 .debug_abbrev  0x00001de6      0x14f MCAL/UART/UART_PROG.o

.debug_line     0x00000000     0x4cce
 *(.debug_line .debug_line.* .debug_line_end)
 .debug_line    0x00000000      0x116 C:/Program Files (x86)/Atmel/Studio/7.0/Packs/atmel/ATmega_DFP/1.7.374/gcc/dev/atmega32/avr5/crtatmega32.o
 .debug_line    0x00000116      0x100 APP/main.o
 .debug_line    0x00000216      0xa11 APP/SmartHome/Code_APP.o
 .debug_line    0x00000c27      0x403 FREERTOS/event_groups.o
 .debug_line    0x0000102a      0x1b4 FREERTOS/heap_1.o
 .debug_line    0x000011de      0x1d7 FREERTOS/list.o
 .debug_line    0x000013b5      0x2a4 FREERTOS/port.o
 .debug_line    0x00001659      0xb4a FREERTOS/queue.o
 .debug_line    0x000021a3     0x1075 FREERTOS/tasks.o
 .debug_line    0x00003218      0x61e FREERTOS/timers.o
 .debug_line    0x00003836      0x192 HAL/EEPROM/EEPROM_PROG.o
 .debug_line    0x000039c8      0x1f7 HAL/KPD/KPD_PROG.o
 .debug_line    0x00003bbf      0x45c HAL/LCD/LCD_PROG.o
 .debug_line    0x0000401b      0x10e MCAL/ADC/ADC_PROG.o
 .debug_line    0x00004129      0x1d5 MCAL/DIO/DIO_PROG.o
 .debug_line    0x000042fe      0x1ac MCAL/EXT/EXT_PROG.o
 .debug_line    0x000044aa       0x74 MCAL/GI/GI_PROG.o
 .debug_line    0x0000451e      0x1b5 MCAL/I2C/I2C_PROG.o
 .debug_line    0x000046d3      0x280 MCAL/TIMER0/TIMER0_PROG.o
 .debug_line    0x00004953      0x20a MCAL/TIMER1/TIMER1_PROG.o
 .debug_line    0x00004b5d      0x171 MCAL/UART/UART_PROG.o

.debug_frame    0x00000000     0x186c
 *(.debug_frame)
 .debug_frame   0x00000000       0x24 APP/main.o
 .debug_frame   0x00000024      0x244 APP/SmartHome/Code_APP.o
 .debug_frame   0x00000268      0x15c FREERTOS/event_groups.o
 .debug_frame   0x000003c4       0x60 FREERTOS/heap_1.o
 .debug_frame   0x00000424       0x88 FREERTOS/list.o
 .debug_frame   0x000004ac       0x84 FREERTOS/port.o
 .debug_frame   0x00000530      0x330 FREERTOS/queue.o
 .debug_frame   0x00000860      0x560 FREERTOS/tasks.o
 .debug_frame   0x00000dc0      0x2fc FREERTOS/timers.o
 .debug_frame   0x000010bc       0x44 HAL/EEPROM/EEPROM_PROG.o
 .debug_frame   0x00001100       0x34 HAL/KPD/KPD_PROG.o
 .debug_frame   0x00001134      0x148 HAL/LCD/LCD_PROG.o
 .debug_frame   0x0000127c       0x44 MCAL/ADC/ADC_PROG.o
 .debug_frame   0x000012c0       0x6c MCAL/DIO/DIO_PROG.o
 .debug_frame   0x0000132c      0x17c MCAL/EXT/EXT_PROG.o
 .debug_frame   0x000014a8       0x34 MCAL/GI/GI_PROG.o
 .debug_frame   0x000014dc       0x64 MCAL/I2C/I2C_PROG.o
 .debug_frame   0x00001540      0x164 MCAL/TIMER0/TIMER0_PROG.o
 .debug_frame   0x000016a4       0xec MCAL/TIMER1/TIMER1_PROG.o
 .debug_frame   0x00001790       0xdc MCAL/UART/UART_PROG.o

.debug_str      0x00000000     0x2410
 *(.debug_str)
 .debug_str     0x00000000      0x196 C:/Program Files (x86)/Atmel/Studio/7.0/Packs/atmel/ATmega_DFP/1.7.374/gcc/dev/atmega32/avr5/crtatmega32.o
 .debug_str     0x00000196      0x218 APP/main.o
                                0x258 (size before relaxing)
 .debug_str     0x000003ae      0x61e APP/SmartHome/Code_APP.o
                                0x884 (size before relaxing)
 .debug_str     0x000009cc      0x3a7 FREERTOS/event_groups.o
                                0x5a2 (size before relaxing)
 .debug_str     0x00000d73       0x80 FREERTOS/heap_1.o
                                0x23e (size before relaxing)
 .debug_str     0x00000df3       0x90 FREERTOS/list.o
                                0x2cd (size before relaxing)
 .debug_str     0x00000e83      0x107 FREERTOS/port.o
                                0x2c6 (size before relaxing)
 .debug_str     0x00000f8a      0x4e7 FREERTOS/queue.o
                                0x846 (size before relaxing)
 .debug_str     0x00001471      0x6ef FREERTOS/tasks.o
                                0xc95 (size before relaxing)
 .debug_str     0x00001b60      0x423 FREERTOS/timers.o
                                0x862 (size before relaxing)
 .debug_str     0x00001f83       0x4e HAL/EEPROM/EEPROM_PROG.o
                                0x211 (size before relaxing)
 .debug_str     0x00001fd1       0x35 HAL/KPD/KPD_PROG.o
                                0x1f8 (size before relaxing)
 .debug_str     0x00002006       0xb3 HAL/LCD/LCD_PROG.o
                                0x30b (size before relaxing)
 .debug_str     0x000020b9       0x33 MCAL/ADC/ADC_PROG.o
                                0x1e1 (size before relaxing)
 .debug_str     0x000020ec       0x24 MCAL/DIO/DIO_PROG.o
                                0x207 (size before relaxing)
 .debug_str     0x00002110       0xa5 MCAL/EXT/EXT_PROG.o
                                0x258 (size before relaxing)
 .debug_str     0x000021b5       0x20 MCAL/GI/GI_PROG.o
                                0x1bd (size before relaxing)
 .debug_str     0x000021d5       0x71 MCAL/I2C/I2C_PROG.o
                                0x232 (size before relaxing)
 .debug_str     0x00002246       0xc2 MCAL/TIMER0/TIMER0_PROG.o
                                0x2ad (size before relaxing)
 .debug_str     0x00002308       0xa1 MCAL/TIMER1/TIMER1_PROG.o
                                0x279 (size before relaxing)
 .debug_str     0x000023a9       0x67 MCAL/UART/UART_PROG.o
                                0x24e (size before relaxing)

.debug_loc      0x00000000     0x74f8
 *(.debug_loc)
 .debug_loc     0x00000000      0x701 APP/SmartHome/Code_APP.o
 .debug_loc     0x00000701      0xb41 FREERTOS/event_groups.o
 .debug_loc     0x00001242      0x10f FREERTOS/heap_1.o
 .debug_loc     0x00001351      0x145 FREERTOS/list.o
 .debug_loc     0x00001496      0x2a0 FREERTOS/port.o
 .debug_loc     0x00001736     0x1aab FREERTOS/queue.o
 .debug_loc     0x000031e1     0x1ef7 FREERTOS/tasks.o
 .debug_loc     0x000050d8      0xf31 FREERTOS/timers.o
 .debug_loc     0x00006009       0xf2 HAL/EEPROM/EEPROM_PROG.o
 .debug_loc     0x000060fb      0x5e2 HAL/LCD/LCD_PROG.o
 .debug_loc     0x000066dd       0x70 MCAL/ADC/ADC_PROG.o
 .debug_loc     0x0000674d      0x3f3 MCAL/DIO/DIO_PROG.o
 .debug_loc     0x00006b40      0x341 MCAL/EXT/EXT_PROG.o
 .debug_loc     0x00006e81      0x101 MCAL/I2C/I2C_PROG.o
 .debug_loc     0x00006f82      0x27f MCAL/TIMER0/TIMER0_PROG.o
 .debug_loc     0x00007201      0x12b MCAL/TIMER1/TIMER1_PROG.o
 .debug_loc     0x0000732c      0x1cc MCAL/UART/UART_PROG.o

.debug_macinfo
 *(.debug_macinfo)

.debug_weaknames
 *(.debug_weaknames)

.debug_funcnames
 *(.debug_funcnames)

.debug_typenames
 *(.debug_typenames)

.debug_varnames
 *(.debug_varnames)

.debug_pubtypes
 *(.debug_pubtypes)

.debug_ranges   0x00000000      0x7d0
 *(.debug_ranges)
 .debug_ranges  0x00000000       0x10 APP/main.o
 .debug_ranges  0x00000010       0xe0 APP/SmartHome/Code_APP.o
 .debug_ranges  0x000000f0       0x70 FREERTOS/event_groups.o
 .debug_ranges  0x00000160       0x28 FREERTOS/heap_1.o
 .debug_ranges  0x00000188       0x30 FREERTOS/list.o
 .debug_ranges  0x000001b8       0x40 FREERTOS/port.o
 .debug_ranges  0x000001f8      0x110 FREERTOS/queue.o
 .debug_ranges  0x00000308      0x178 FREERTOS/tasks.o
 .debug_ranges  0x00000480       0xc8 FREERTOS/timers.o
 .debug_ranges  0x00000548       0x20 HAL/EEPROM/EEPROM_PROG.o
 .debug_ranges  0x00000568       0x18 HAL/KPD/KPD_PROG.o
 .debug_ranges  0x00000580       0x70 HAL/LCD/LCD_PROG.o
 .debug_ranges  0x000005f0       0x20 MCAL/ADC/ADC_PROG.o
 .debug_ranges  0x00000610       0x30 MCAL/DIO/DIO_PROG.o
 .debug_ranges  0x00000640       0x50 MCAL/EXT/EXT_PROG.o
 .debug_ranges  0x00000690       0x18 MCAL/GI/GI_PROG.o
 .debug_ranges  0x000006a8       0x30 MCAL/I2C/I2C_PROG.o
 .debug_ranges  0x000006d8       0x68 MCAL/TIMER0/TIMER0_PROG.o
 .debug_ranges  0x00000740       0x50 MCAL/TIMER1/TIMER1_PROG.o
 .debug_ranges  0x00000790       0x40 MCAL/UART/UART_PROG.o

.debug_macro
 *(.debug_macro)
OUTPUT(code.elf elf32-avr)
LOAD linker stubs
