Archive member included to satisfy reference by file (symbol)

c:/program files (x86)/atmel/studio/7.0/toolchain/avr8/avr8-gnu-toolchain/bin/../lib/gcc/avr/5.4.0/../../../../avr/lib/avr5\libm.a(addsf3.o)
                              HAL/LCD/LCD_PROG.o (__subsf3)
c:/program files (x86)/atmel/studio/7.0/toolchain/avr8/avr8-gnu-toolchain/bin/../lib/gcc/avr/5.4.0/../../../../avr/lib/avr5\libm.a(addsf3x.o)
                              c:/program files (x86)/atmel/studio/7.0/toolchain/avr8/avr8-gnu-toolchain/bin/../lib/gcc/avr/5.4.0/../../../../avr/lib/avr5\libm.a(addsf3.o) (__addsf3x)
c:/program files (x86)/atmel/studio/7.0/toolchain/avr8/avr8-gnu-toolchain/bin/../lib/gcc/avr/5.4.0/../../../../avr/lib/avr5\libm.a(fixsfsi.o)
                              HAL/LCD/LCD_PROG.o (__fixsfsi)
c:/program files (x86)/atmel/studio/7.0/toolchain/avr8/avr8-gnu-toolchain/bin/../lib/gcc/avr/5.4.0/../../../../avr/lib/avr5\libm.a(fixunssfsi.o)
                              HAL/LCD/LCD_PROG.o (__fixunssfsi)
c:/program files (x86)/atmel/studio/7.0/toolchain/avr8/avr8-gnu-toolchain/bin/../lib/gcc/avr/5.4.0/../../../../avr/lib/avr5\libm.a(floatsisf.o)
                              HAL/LCD/LCD_PROG.o (__floatunsisf)
c:/program files (x86)/atmel/studio/7.0/toolchain/avr8/avr8-gnu-toolchain/bin/../lib/gcc/avr/5.4.0/../../../../avr/lib/avr5\libm.a(fp_inf.o)
                              c:/program files (x86)/atmel/studio/7.0/toolchain/avr8/avr8-gnu-toolchain/bin/../lib/gcc/avr/5.4.0/../../../../avr/lib/avr5\libm.a(addsf3x.o) (__fp_inf)
c:/program files (x86)/atmel/studio/7.0/toolchain/avr8/avr8-gnu-toolchain/bin/../lib/gcc/avr/5.4.0/../../../../avr/lib/avr5\libm.a(fp_nan.o)
                              c:/program files (x86)/atmel/studio/7.0/toolchain/avr8/avr8-gnu-toolchain/bin/../lib/gcc/avr/5.4.0/../../../../avr/lib/avr5\libm.a(addsf3x.o) (__fp_nan)
c:/program files (x86)/atmel/studio/7.0/toolchain/avr8/avr8-gnu-toolchain/bin/../lib/gcc/avr/5.4.0/../../../../avr/lib/avr5\libm.a(fp_pscA.o)
                              c:/program files (x86)/atmel/studio/7.0/toolchain/avr8/avr8-gnu-toolchain/bin/../lib/gcc/avr/5.4.0/../../../../avr/lib/avr5\libm.a(addsf3x.o) (__fp_pscA)
c:/program files (x86)/atmel/studio/7.0/toolchain/avr8/avr8-gnu-toolchain/bin/../lib/gcc/avr/5.4.0/../../../../avr/lib/avr5\libm.a(fp_pscB.o)
                              c:/program files (x86)/atmel/studio/7.0/toolchain/avr8/avr8-gnu-toolchain/bin/../lib/gcc/avr/5.4.0/../../../../avr/lib/avr5\libm.a(addsf3x.o) (__fp_pscB)
c:/program files (x86)/atmel/studio/7.0/toolchain/avr8/avr8-gnu-toolchain/bin/../lib/gcc/avr/5.4.0/../../../../avr/lib/avr5\libm.a(fp_round.o)
                              c:/program files (x86)/atmel/studio/7.0/toolchain/avr8/avr8-gnu-toolchain/bin/../lib/gcc/avr/5.4.0/../../../../avr/lib/avr5\libm.a(addsf3.o) (__fp_round)
c:/program files (x86)/atmel/studio/7.0/toolchain/avr8/avr8-gnu-toolchain/bin/../lib/gcc/avr/5.4.0/../../../../avr/lib/avr5\libm.a(fp_split3.o)
                              c:/program files (x86)/atmel/studio/7.0/toolchain/avr8/avr8-gnu-toolchain/bin/../lib/gcc/avr/5.4.0/../../../../avr/lib/avr5\libm.a(addsf3x.o) (__fp_split3)
c:/program files (x86)/atmel/studio/7.0/toolchain/avr8/avr8-gnu-toolchain/bin/../lib/gcc/avr/5.4.0/../../../../avr/lib/avr5\libm.a(fp_zero.o)
                              c:/program files (x86)/atmel/studio/7.0/toolchain/avr8/avr8-gnu-toolchain/bin/../lib/gcc/avr/5.4.0/../../../../avr/lib/avr5\libm.a(addsf3x.o) (__fp_zero)
c:/program files (x86)/atmel/studio/7.0/toolchain/avr8/avr8-gnu-toolchain/bin/../lib/gcc/avr/5.4.0/../../../../avr/lib/avr5\libm.a(mulsf3.o)
                              HAL/LCD/LCD_PROG.o (__mulsf3)
c:/program files (x86)/atmel/studio/7.0/toolchain/avr8/avr8-gnu-toolchain/bin/../lib/gcc/avr/5.4.0/../../../../avr/lib/avr5\libm.a(mulsf3x.o)
                              c:/program files (x86)/atmel/studio/7.0/toolchain/avr8/avr8-gnu-toolchain/bin/../lib/gcc/avr/5.4.0/../../../../avr/lib/avr5\libm.a(mulsf3.o) (__mulsf3x)
c:/program files (x86)/atmel/studio/7.0/toolchain/avr8/avr8-gnu-toolchain/bin/../lib/gcc/avr/5.4.0/avr5\libgcc.a(_udivmodhi4.o)
                              FREERTOS/queue.o (__udivmodhi4)
c:/program files (x86)/atmel/studio/7.0/toolchain/avr8/avr8-gnu-toolchain/bin/../lib/gcc/avr/5.4.0/avr5\libgcc.a(_divmodhi4.o)
                              HAL/LCD/LCD_PROG.o (__divmodhi4)
c:/program files (x86)/atmel/studio/7.0/toolchain/avr8/avr8-gnu-toolchain/bin/../lib/gcc/avr/5.4.0/avr5\libgcc.a(_divmodsi4.o)
                              MCAL/TIMER1/TIMER1_PROG.o (__divmodsi4)
c:/program files (x86)/atmel/studio/7.0/toolchain/avr8/avr8-gnu-toolchain/bin/../lib/gcc/avr/5.4.0/avr5\libgcc.a(_negsi2.o)
                              c:/program files (x86)/atmel/studio/7.0/toolchain/avr8/avr8-gnu-toolchain/bin/../lib/gcc/avr/5.4.0/avr5\libgcc.a(_divmodsi4.o) (__negsi2)
[...]
Memory Configuration

Name             Origin             Length             Attributes
text             0x00000000         0x00008000         xr
data             0x00800060         0x00000800         rw !x
eeprom           0x00810000         0x00000400         rw !x
fuse             0x00820000         0x00000002         rw !x
lock             0x00830000         0x00000400         rw !x
signature        0x00840000         0x00000400         rw !x
user_signatures  0x00850000         0x00000400         rw !x
*default*        0x00000000         0xffffffff

Linker script and memory map

LOAD C:/Program Files (x86)/Atmel/Studio/7.0/Packs/atmel/ATmega_DFP/1.7.374/gcc/dev/atmega32/avr5/crtatmega32.o
LOAD APP/main.o
LOAD APP/Sess16/ASG1/ASS_PROG.o
LOAD APP/Sess16/ses.o
LOAD APP/Sess16/Task/ses.o
LOAD APP/Sess17/ses.o
LOAD APP/Sess18/ASG2/ASS_PROG.o
LOAD APP/Sess18/ses.o
LOAD APP/Sess18/TASKNEWCHARACTER/NEWCHARACTER_PROG.o
LOAD APP/Sess19/sess_PROG.o
LOAD APP/Sess19/TASKCALC/CALC_PROG.o
LOAD APP/Sess19/TASKLOGINSYSTEM/LOG_PROG.o
LOAD APP/Sess20/sess_PROG.o
LOAD APP/Sess22TI1/SESSTI1_PROG.o
LOAD APP/Sess21/SESS_PROG.o
LOAD APP/Sess21/TASK/TASK_PROG.o
LOAD APP/Sess22TI1/TASKCOUNTER/TASKCOUNTER_PROG.o
LOAD APP/Sess23CTC/PWM/PWM_PROG.o
LOAD APP/Sess23CTC/sess_PROG.o
LOAD APP/Sess24MOTOR/SERVO/SERVO_PROG.o
LOAD APP/Sess24MOTOR/sess_PROG.o
LOAD APP/Sess25WDT/sess_PROG.o
LOAD APP/Sess25WDT/TaskULTRASONIC/ULTRA_PROG.o
LOAD APP/Sess26UART/sess_PROG.o
LOAD APP/Sess26UART/TASKKPDUART/TASKKPDUART_PROG.o
LOAD APP/Sess27SPI/BLUTOTH/sess_PROG.o
LOAD APP/Sess27SPI/sess_PROG.o
LOAD APP/Sess28I2C/sess_PROG.o
LOAD APP/Sess29EEPROM/sess_PROG.o
LOAD APP/Sess29EEPROM/TASKEEPROMPASS/TASKEEPROMPASS_PROG.o
LOAD APP/Sess32/sess_PROG.o
LOAD APP/Sess32/TTL/sess_PROG.o
LOAD APP/Sess33FREERTOS/sess_PROG.o
LOAD APP/Sess33FREERTOS/TASKSUSPENDBUTTON/sess_PROG.o
LOAD APP/Sess33FREERTOS/TASKSUSPEND/sess_PROG.o
LOAD FREERTOS/croutine.o
LOAD FREERTOS/event_groups.o
LOAD FREERTOS/heap_1.o
LOAD FREERTOS/list.o
LOAD FREERTOS/port.o
LOAD FREERTOS/queue.o
LOAD FREERTOS/stream_buffer.o
LOAD FREERTOS/tasks.o
LOAD FREERTOS/timers.o
LOAD HAL/7seg/SS_PROG.o
LOAD HAL/EEPROM/EEPROM_PROG.o
LOAD HAL/KPD/KPD_PROG.o
LOAD HAL/LCD/LCD_PROG.o
LOAD MCAL/ADC/ADC_PROG.o
LOAD MCAL/DIO/DIO_PROG.o
LOAD MCAL/EXT/EXT_PROG.o
LOAD MCAL/GI/GI_PROG.o
LOAD MCAL/I2C/I2C_PROG.o
LOAD MCAL/SPI/SPI_PROG.o
LOAD MCAL/TIMER0/TIMER0_PROG.o
LOAD MCAL/TIMER1/TIMER1_PROG.o
LOAD MCAL/UART/UART_PROG.o
LOAD MCAL/WDT/WDT_PROG.o
LOAD RTOS/RTOS.o
START GROUP
LOAD c:/program files (x86)/atmel/studio/7.0/toolchain/avr8/avr8-gnu-toolchain/bin/../lib/gcc/avr/5.4.0/../../../../avr/lib/avr5\libm.a
END GROUP
START GROUP
LOAD c:/program files (x86)/atmel/studio/7.0/toolchain/avr8/avr8-gnu-toolchain/bin/../lib/gcc/avr/5.4.0/avr5\libgcc.a
LOAD c:/program files (x86)/atmel/studio/7.0/toolchain/avr8/avr8-gnu-toolchain/bin/../lib/gcc/avr/5.4.0/../../../../avr/lib/avr5\libm.a
LOAD c:/program files (x86)/atmel/studio/7.0/toolchain/avr8/avr8-gnu-toolchain/bin/../lib/gcc/avr/5.4.0/../../../../avr/lib/avr5\libc.a
LOAD C:/Program Files (x86)/Atmel/Studio/7.0/Packs/atmel/ATmega_DFP/1.7.374/gcc/dev/atmega32/avr5\libatmega32.a
END GROUP
                0x00000000                __TEXT_REGION_ORIGIN__ = DEFINED (__TEXT_REGION_ORIGIN__)?__TEXT_REGION_ORIGIN__:0x0
                [0x00800060]                __DATA_REGION_ORIGIN__ = DEFINED (__DATA_REGION_ORIGIN__)?__DATA_REGION_ORIGIN__:0x800060
                [0x00008000]                __TEXT_REGION_LENGTH__ = DEFINED (__TEXT_REGION_LENGTH__)?__TEXT_REGION_LENGTH__:0x20000
                [0x00000800]                __DATA_REGION_LENGTH__ = DEFINED (__DATA_REGION_LENGTH__)?__DATA_REGION_LENGTH__:0xffa0
                [0x00000400]                __EEPROM_REGION_LENGTH__ = DEFINED (__EEPROM_REGION_LENGTH__)?__EEPROM_REGION_LENGTH__:0x10000
                [0x00000002]                __FUSE_REGION_LENGTH__ = DEFINED (__FUSE_REGION_LENGTH__)?__FUSE_REGION_LENGTH__:0x400
                0x00000400                __LOCK_REGION_LENGTH__ = DEFINED (__LOCK_REGION_LENGTH__)?__LOCK_REGION_LENGTH__:0x400
                0x00000400                __SIGNATURE_REGION_LENGTH__ = DEFINED (__SIGNATURE_REGION_LENGTH__)?__SIGNATURE_REGION_LENGTH__:0x400
                0x00000400                __USER_SIGNATURE_REGION_LENGTH__ = DEFINED (__USER_SIGNATURE_REGION_LENGTH__)?__USER_SIGNATURE_REGION_LENGTH__:0x400

.hash
 *(.hash)

.dynsym
 *(.dynsym)

.dynstr
 *(.dynstr)

.gnu.version
 *(.gnu.version)

.gnu.version_d
 *(.gnu.version_d)

.gnu.version_r
 *(.gnu.version_r)

.rel.init
 *(.rel.init)

.rela.init
 *(.rela.init)

.rel.text
 *(.rel.text)
 *(.rel.text.*)
 *(.rel.gnu.linkonce.t*)

.rela.text
 *(.rela.text)
 *(.rela.text.*)
 *(.rela.gnu.linkonce.t*)

.rel.fini
 *(.rel.fini)

.rela.fini
 *(.rela.fini)

.rel.rodata
 *(.rel.rodata)
 *(.rel.rodata.*)
 *(.rel.gnu.linkonce.r*)

.rela.rodata
 *(.rela.rodata)
 *(.rela.rodata.*)
 *(.rela.gnu.linkonce.r*)

.rel.data
 *(.rel.data)
 *(.rel.data.*)
 *(.rel.gnu.linkonce.d*)

.rela.data
 *(.rela.data)
 *(.rela.data.*)
 *(.rela.gnu.linkonce.d*)

.rel.ctors
 *(.rel.ctors)

.rela.ctors
 *(.rela.ctors)

.rel.dtors
 *(.rel.dtors)

.rela.dtors
 *(.rela.dtors)

.rel.got
 *(.rel.got)

.rela.got
 *(.rela.got)

.rel.bss
 *(.rel.bss)

.rela.bss
 *(.rela.bss)

.rel.plt
 *(.rel.plt)

.rela.plt
 *(.rela.plt)

.text           0x00000000     0x15a0
 *(.vectors)
 .vectors       0x00000000       0x54 C:/Program Files (x86)/Atmel/Studio/7.0/Packs/atmel/ATmega_DFP/1.7.374/gcc/dev/atmega32/avr5/crtatmega32.o
                0x00000000                __vector_default
                0x00000000                __vectors
 *(.vectors)
 *(.progmem.gcc*)
                0x00000054                . = ALIGN (0x2)
                0x00000054                __trampolines_start = .
 *(.trampolines)
 .trampolines   0x00000054        0x0 linker stubs
 *(.trampolines*)
                0x00000054                __trampolines_end = .
 *libprintf_flt.a:*(.progmem.data)
 *libc.a:*(.progmem.data)
 *(.progmem*)
                0x00000054                . = ALIGN (0x2)
 *(.jumptables)
 *(.jumptables*)
 *(.lowtext)
 *(.lowtext*)
                0x00000054                __ctors_start = .
 *(.ctors)
                0x00000054                __ctors_end = .
                0x00000054                __dtors_start = .
 *(.dtors)
                0x00000054                __dtors_end = .
 SORT(*)(.ctors)
 SORT(*)(.dtors)
 *(.init0)
 .init0         0x00000054        0x0 C:/Program Files (x86)/Atmel/Studio/7.0/Packs/atmel/ATmega_DFP/1.7.374/gcc/dev/atmega32/avr5/crtatmega32.o
                0x00000054                __init
 *(.init0)
 *(.init1)
 *(.init1)
 *(.init2)
 .init2         0x00000054        0xc C:/Program Files (x86)/Atmel/Studio/7.0/Packs/atmel/ATmega_DFP/1.7.374/gcc/dev/atmega32/avr5/crtatmega32.o
 *(.init2)
 *(.init3)
 *(.init3)
 *(.init4)
 .init4         0x00000060       0x16 c:/program files (x86)/atmel/studio/7.0/toolchain/avr8/avr8-gnu-toolchain/bin/../lib/gcc/avr/5.4.0/avr5\libgcc.a(_copy_data.o)
                0x00000060                __do_copy_data
 .init4         0x00000076       0x10 c:/program files (x86)/atmel/studio/7.0/toolchain/avr8/avr8-gnu-toolchain/bin/../lib/gcc/avr/5.4.0/avr5\libgcc.a(_clear_bss.o)
                0x00000076                __do_clear_bss
 *(.init4)
 *(.init5)
 *(.init5)
 *(.init6)
 *(.init6)
 *(.init7)
 *(.init7)
 *(.init8)
 *(.init8)
 *(.init9)
 .init9         0x00000086        0x8 C:/Program Files (x86)/Atmel/Studio/7.0/Packs/atmel/ATmega_DFP/1.7.374/gcc/dev/atmega32/avr5/crtatmega32.o
 *(.init9)
 *(.text)
 .text          0x0000008e        0x4 C:/Program Files (x86)/Atmel/Studio/7.0/Packs/atmel/ATmega_DFP/1.7.374/gcc/dev/atmega32/avr5/crtatmega32.o
                0x0000008e                __vector_12
                0x0000008e                __bad_interrupt
                0x0000008e                __vector_17
                0x0000008e                __vector_19
                0x0000008e                __vector_5
                0x0000008e                __vector_4
                0x0000008e                __vector_9
                0x0000008e                __vector_15
                0x0000008e                __vector_8
                0x0000008e                __vector_14
                0x0000008e                __vector_16
                0x0000008e                __vector_18
                0x0000008e                __vector_20
                0x00000092                . = ALIGN (0x2)
 *(.text.*)
 .text.main     0x00000092        0xa APP/main.o
                0x00000092                main
 .text.task1    0x0000009c       0x10 APP/Sess33FREERTOS/TASKSUSPENDBUTTON/sess_PROG.o
                0x0000009c                task1
 .text.task2    0x000000ac       0x10 APP/Sess33FREERTOS/TASKSUSPENDBUTTON/sess_PROG.o
                0x000000ac                task2
 .text.task3    0x000000bc       0x42 APP/Sess33FREERTOS/TASKSUSPENDBUTTON/sess_PROG.o
                0x000000bc                task3
 .text.source_code
                0x000000fe       0x8a APP/Sess33FREERTOS/TASKSUSPENDBUTTON/sess_PROG.o
                0x000000fe                source_code
 .text.pvPortMalloc
                0x00000188       0x74 FREERTOS/heap_1.o
                0x00000188                pvPortMalloc
 .text.vPortFree
                0x000001fc        0x2 FREERTOS/heap_1.o
                0x000001fc                vPortFree
 .text.vListInitialise
                0x000001fe       0x1c FREERTOS/list.o
                0x000001fe                vListInitialise
 .text.vListInitialiseItem
                0x0000021a        0x8 FREERTOS/list.o
                0x0000021a                vListInitialiseItem
 .text.vListInsertEnd
                0x00000222       0x42 FREERTOS/list.o
                0x00000222                vListInsertEnd
 .text.vListInsert
                0x00000264       0x62 FREERTOS/list.o
                0x00000264                vListInsert
 .text.uxListRemove
                0x000002c6       0x4e FREERTOS/list.o
                0x000002c6                uxListRemove
 .text.prvSetupTimerInterrupt
                0x00000314       0x12 FREERTOS/port.o
 .text.pxPortInitialiseStack
                0x00000326       0xd8 FREERTOS/port.o
                0x00000326                pxPortInitialiseStack
 .text.xPortStartScheduler
                0x000003fe       0x5e FREERTOS/port.o
                0x000003fe                xPortStartScheduler
 .text.vPortYield
                0x0000045c       0xb2 FREERTOS/port.o
                0x0000045c                vPortYield
 .text.vPortYieldFromTick
                0x0000050e       0xb8 FREERTOS/port.o
                0x0000050e                vPortYieldFromTick
 .text.__vector_7
                0x000005c6        0x6 FREERTOS/port.o
                0x000005c6                __vector_7
 .text.prvTaskIsTaskSuspended
                0x000005cc       0x2e FREERTOS/tasks.o
 .text.prvResetNextTaskUnblockTime
                0x000005fa       0x38 FREERTOS/tasks.o
 .text.prvInitialiseNewTask
                0x00000632       0xd2 FREERTOS/tasks.o
 .text.prvIdleTask
                0x00000704        0xe FREERTOS/tasks.o
 .text.prvInitialiseTaskLists
                0x00000712       0x66 FREERTOS/tasks.o
 .text.prvAddNewTaskToReadyList
                0x00000778       0xfa FREERTOS/tasks.o
 .text.prvAddCurrentTaskToDelayedList
                0x00000872      0x102 FREERTOS/tasks.o
 .text.xTaskCreate
                0x00000974       0xb2 FREERTOS/tasks.o
                0x00000974                xTaskCreate
 .text.vTaskResume
                0x00000a26       0xcc FREERTOS/tasks.o
                0x00000a26                vTaskResume
 .text.vTaskStartScheduler
                0x00000af2       0x58 FREERTOS/tasks.o
                0x00000af2                vTaskStartScheduler
 .text.vTaskSuspendAll
                0x00000b4a        0xc FREERTOS/tasks.o
                0x00000b4a                vTaskSuspendAll
 .text.xTaskIncrementTick
                0x00000b56      0x234 FREERTOS/tasks.o
                0x00000b56                xTaskIncrementTick
 .text.xTaskResumeAll
                0x00000d8a      0x1aa FREERTOS/tasks.o
                0x00000d8a                xTaskResumeAll
 .text.vTaskDelay
                0x00000f34       0x2c FREERTOS/tasks.o
                0x00000f34                vTaskDelay
 .text.vTaskSwitchContext
                0x00000f60       0xa8 FREERTOS/tasks.o
                0x00000f60                vTaskSwitchContext
 .text.vTaskSuspend
                0x00001008       0xc2 FREERTOS/tasks.o
                0x00001008                vTaskSuspend
 .text.DIO_setPinDir
                0x000010ca      0x116 MCAL/DIO/DIO_PROG.o
                0x000010ca                DIO_setPinDir
 .text.DIO_setPinValue
                0x000011e0      0x116 MCAL/DIO/DIO_PROG.o
                0x000011e0                DIO_setPinValue
 .text.DIO_readPinValue
                0x000012f6       0x6c MCAL/DIO/DIO_PROG.o
                0x000012f6                DIO_readPinValue
 .text.DIO_togglePinValue
                0x00001362       0x18 MCAL/DIO/DIO_PROG.o
                0x00001362                DIO_togglePinValue
 .text.__vector_1
                0x0000137a       0x4e MCAL/EXT/EXT_PROG.o
                0x0000137a                __vector_1
 .text.__vector_2
                0x000013c8       0x4e MCAL/EXT/EXT_PROG.o
                0x000013c8                __vector_2
 .text.__vector_3
                0x00001416       0x4e MCAL/EXT/EXT_PROG.o
                0x00001416                __vector_3
 .text.__vector_11
                0x00001464       0x4e MCAL/TIMER0/TIMER0_PROG.o
                0x00001464                __vector_11
 .text.__vector_10
                0x000014b2       0x4e MCAL/TIMER0/TIMER0_PROG.o
                0x000014b2                __vector_10
 .text.__vector_6
                0x00001500       0x4e MCAL/TIMER1/TIMER1_PROG.o
                0x00001500                __vector_6
 .text.__vector_13
                0x0000154e       0x4e MCAL/UART/UART_PROG.o
                0x0000154e                __vector_13
                0x0000159c                . = ALIGN (0x2)
 *(.fini9)
 .fini9         0x0000159c        0x0 c:/program files (x86)/atmel/studio/7.0/toolchain/avr8/avr8-gnu-toolchain/bin/../lib/gcc/avr/5.4.0/avr5\libgcc.a(_exit.o)
                0x0000159c                _exit
                0x0000159c                exit
 *(.fini9)
 *(.fini8)
 *(.fini8)
 *(.fini7)
 *(.fini7)
 *(.fini6)
 *(.fini6)
 *(.fini5)
 *(.fini5)
 *(.fini4)
 *(.fini4)
 *(.fini3)
 *(.fini3)
 *(.fini2)
 *(.fini2)
 *(.fini1)
 *(.fini1)
 *(.fini0)
 .fini0         0x0000159c        0x4 c:/program files (x86)/atmel/studio/7.0/toolchain/avr8/avr8-gnu-toolchain/bin/../lib/gcc/avr/5.4.0/avr5\libgcc.a(_exit.o)
 *(.fini0)
                0x000015a0                _etext = .

.data           0x00800060        0xc load address 0x000015a0
                0x00800060                PROVIDE (__data_start, .)
 *(.data)
 *(.data*)
 .data.uxTopUsedPriority
                0x00800060        0x1 FREERTOS/tasks.o
                0x00800060                uxTopUsedPriority
 *(.gnu.linkonce.d*)
 *(.rodata)
 *(.rodata*)
 .rodata.str1.1
                0x00800061        0x5 APP/Sess33FREERTOS/TASKSUSPENDBUTTON/sess_PROG.o
 .rodata.str1.1
                0x00800066        0x5 FREERTOS/tasks.o
 *(.gnu.linkonce.r*)
                0x0080006c                . = ALIGN (0x2)
 *fill*         0x0080006b        0x1 
                0x0080006c                _edata = .
                0x0080006c                PROVIDE (__data_end, .)

.bss            0x0080006c      0x6b5
                0x0080006c                PROVIDE (__bss_start, .)
 *(.bss)
 *(.bss*)
 .bss.pucAlignedHeap.2112
                0x0080006c        0x2 FREERTOS/heap_1.o
 .bss.xNextFreeByte
                0x0080006e        0x2 FREERTOS/heap_1.o
 .bss.ucHeap    0x00800070      0x640 FREERTOS/heap_1.o
 .bss.uxSchedulerSuspended
                0x008006b0        0x1 FREERTOS/tasks.o
 .bss.xIdleTaskHandle
                0x008006b1        0x2 FREERTOS/tasks.o
 .bss.xNextTaskUnblockTime
                0x008006b3        0x2 FREERTOS/tasks.o
 .bss.uxTaskNumber
                0x008006b5        0x1 FREERTOS/tasks.o
 .bss.xNumOfOverflows
                0x008006b6        0x1 FREERTOS/tasks.o
 .bss.xYieldPending
                0x008006b7        0x1 FREERTOS/tasks.o
 .bss.xPendedTicks
                0x008006b8        0x2 FREERTOS/tasks.o
 .bss.xSchedulerRunning
                0x008006ba        0x1 FREERTOS/tasks.o
 .bss.uxTopReadyPriority
                0x008006bb        0x1 FREERTOS/tasks.o
 .bss.xTickCount
                0x008006bc        0x2 FREERTOS/tasks.o
 .bss.uxCurrentNumberOfTasks
                0x008006be        0x1 FREERTOS/tasks.o
 .bss.xSuspendedTaskList
                0x008006bf        0x9 FREERTOS/tasks.o
 .bss.xPendingReadyList
                0x008006c8        0x9 FREERTOS/tasks.o
 .bss.pxOverflowDelayedTaskList
                0x008006d1        0x2 FREERTOS/tasks.o
 .bss.pxDelayedTaskList
                0x008006d3        0x2 FREERTOS/tasks.o
 .bss.xDelayedTaskList2
                0x008006d5        0x9 FREERTOS/tasks.o
 .bss.xDelayedTaskList1
                0x008006de        0x9 FREERTOS/tasks.o
 .bss.pxReadyTasksLists
                0x008006e7       0x24 FREERTOS/tasks.o
 .bss.pxCurrentTCB
                0x0080070b        0x2 FREERTOS/tasks.o
                0x0080070b                pxCurrentTCB
 *(COMMON)
 COMMON         0x0080070d        0x6 APP/Sess33FREERTOS/TASKSUSPENDBUTTON/sess_PROG.o
                0x0080070d                xHandle2
                0x0080070f                xHandle1
                0x00800711                xHandle3
 COMMON         0x00800713        0x6 MCAL/EXT/EXT_PROG.o
                0x00800713                EXT_int1Func
                0x00800715                EXT_int2Func
                0x00800717                EXT_int0Func
 COMMON         0x00800719        0x4 MCAL/TIMER0/TIMER0_PROG.o
                0x00800719                TIMER0_CTCFunc
                0x0080071b                TIMER0_OvFunc
 COMMON         0x0080071d        0x2 MCAL/TIMER1/TIMER1_PROG.o
                0x0080071d                TIMER1_IcuFunc
 COMMON         0x0080071f        0x2 MCAL/UART/UART_PROG.o
                0x0080071f                UART_INTFunc
                0x00800721                PROVIDE (__bss_end, .)
                0x000015a0                __data_load_start = LOADADDR (.data)
                0x000015ac                __data_load_end = (__data_load_start + SIZEOF (.data))

.noinit         0x00800721        0x0
                [!provide]                PROVIDE (__noinit_start, .)
 *(.noinit*)
                [!provide]                PROVIDE (__noinit_end, .)
                0x00800721                _end = .
                [!provide]                PROVIDE (__heap_start, .)

.eeprom         0x00810000        0x0
 *(.eeprom*)
                0x00810000                __eeprom_end = .

.fuse
 *(.fuse)
 *(.lfuse)
 *(.hfuse)
 *(.efuse)

.lock
 *(.lock*)

.signature
 *(.signature*)

.user_signatures
 *(.user_signatures*)

.stab
 *(.stab)

.stabstr
 *(.stabstr)

.stab.excl
 *(.stab.excl)

.stab.exclstr
 *(.stab.exclstr)

.stab.index
 *(.stab.index)

.stab.indexstr
 *(.stab.indexstr)

.comment        0x00000000       0x30
 *(.comment)
 .comment       0x00000000       0x30 APP/main.o
                                 0x31 (size before relaxing)
 .comment       0x00000030       0x31 APP/Sess33FREERTOS/TASKSUSPENDBUTTON/sess_PROG.o
 .comment       0x00000030       0x31 FREERTOS/heap_1.o
 .comment       0x00000030       0x31 FREERTOS/list.o
 .comment       0x00000030       0x31 FREERTOS/port.o
 .comment       0x00000030       0x31 FREERTOS/tasks.o
 .comment       0x00000030       0x31 MCAL/DIO/DIO_PROG.o
 .comment       0x00000030       0x31 MCAL/EXT/EXT_PROG.o
 .comment       0x00000030       0x31 MCAL/TIMER0/TIMER0_PROG.o
 .comment       0x00000030       0x31 MCAL/TIMER1/TIMER1_PROG.o
 .comment       0x00000030       0x31 MCAL/UART/UART_PROG.o

.note.gnu.avr.deviceinfo
                0x00000000       0x3c
 .note.gnu.avr.deviceinfo
                0x00000000       0x3c C:/Program Files (x86)/Atmel/Studio/7.0/Packs/atmel/ATmega_DFP/1.7.374/gcc/dev/atmega32/avr5/crtatmega32.o

.note.gnu.build-id
 *(.note.gnu.build-id)

.debug
 *(.debug)

.line
 *(.line)

.debug_srcinfo
 *(.debug_srcinfo)

.debug_sfnames
 *(.debug_sfnames)

.debug_aranges  0x00000000      0x440
 *(.debug_aranges)
 .debug_aranges
                0x00000000       0x20 APP/main.o
 .debug_aranges
                0x00000020       0x38 APP/Sess33FREERTOS/TASKSUSPENDBUTTON/sess_PROG.o
 .debug_aranges
                0x00000058       0x38 FREERTOS/heap_1.o
 .debug_aranges
                0x00000090       0x40 FREERTOS/list.o
 .debug_aranges
                0x000000d0       0x50 FREERTOS/port.o
 .debug_aranges
                0x00000120      0x158 FREERTOS/tasks.o
 .debug_aranges
                0x00000278       0x40 MCAL/DIO/DIO_PROG.o
 .debug_aranges
                0x000002b8       0x60 MCAL/EXT/EXT_PROG.o
 .debug_aranges
                0x00000318       0x78 MCAL/TIMER0/TIMER0_PROG.o
 .debug_aranges
                0x00000390       0x60 MCAL/TIMER1/TIMER1_PROG.o
 .debug_aranges
                0x000003f0       0x50 MCAL/UART/UART_PROG.o

.debug_pubnames
 *(.debug_pubnames)

.debug_info     0x00000000     0x34ae
 *(.debug_info .gnu.linkonce.wi.*)
 .debug_info    0x00000000      0x4e6 C:/Program Files (x86)/Atmel/Studio/7.0/Packs/atmel/ATmega_DFP/1.7.374/gcc/dev/atmega32/avr5/crtatmega32.o
 .debug_info    0x000004e6       0xc0 APP/main.o
 .debug_info    0x000005a6      0x446 APP/Sess33FREERTOS/TASKSUSPENDBUTTON/sess_PROG.o
 .debug_info    0x000009ec      0x1a4 FREERTOS/heap_1.o
 .debug_info    0x00000b90      0x2d8 FREERTOS/list.o
 .debug_info    0x00000e68      0x24e FREERTOS/port.o
 .debug_info    0x000010b6     0x1a41 FREERTOS/tasks.o
 .debug_info    0x00002af7      0x1b2 MCAL/DIO/DIO_PROG.o
 .debug_info    0x00002ca9      0x20f MCAL/EXT/EXT_PROG.o
 .debug_info    0x00002eb8      0x224 MCAL/TIMER0/TIMER0_PROG.o
 .debug_info    0x000030dc      0x1f2 MCAL/TIMER1/TIMER1_PROG.o
 .debug_info    0x000032ce      0x1e0 MCAL/UART/UART_PROG.o

.debug_abbrev   0x00000000     0x1107
 *(.debug_abbrev)
 .debug_abbrev  0x00000000      0x4a3 C:/Program Files (x86)/Atmel/Studio/7.0/Packs/atmel/ATmega_DFP/1.7.374/gcc/dev/atmega32/avr5/crtatmega32.o
 .debug_abbrev  0x000004a3       0x63 APP/main.o
 .debug_abbrev  0x00000506      0x14b APP/Sess33FREERTOS/TASKSUSPENDBUTTON/sess_PROG.o
 .debug_abbrev  0x00000651      0x11c FREERTOS/heap_1.o
 .debug_abbrev  0x0000076d       0xff FREERTOS/list.o
 .debug_abbrev  0x0000086c      0x143 FREERTOS/port.o
 .debug_abbrev  0x000009af      0x2a5 FREERTOS/tasks.o
 .debug_abbrev  0x00000c54       0xe3 MCAL/DIO/DIO_PROG.o
 .debug_abbrev  0x00000d37       0xad MCAL/EXT/EXT_PROG.o
 .debug_abbrev  0x00000de4       0xea MCAL/TIMER0/TIMER0_PROG.o
 .debug_abbrev  0x00000ece       0xea MCAL/TIMER1/TIMER1_PROG.o
 .debug_abbrev  0x00000fb8      0x14f MCAL/UART/UART_PROG.o

.debug_line     0x00000000     0x231c
 *(.debug_line .debug_line.* .debug_line_end)
 .debug_line    0x00000000      0x116 C:/Program Files (x86)/Atmel/Studio/7.0/Packs/atmel/ATmega_DFP/1.7.374/gcc/dev/atmega32/avr5/crtatmega32.o
 .debug_line    0x00000116       0x7d APP/main.o
 .debug_line    0x00000193      0x1e5 APP/Sess33FREERTOS/TASKSUSPENDBUTTON/sess_PROG.o
 .debug_line    0x00000378      0x1b4 FREERTOS/heap_1.o
 .debug_line    0x0000052c      0x1d7 FREERTOS/list.o
 .debug_line    0x00000703      0x2a4 FREERTOS/port.o
 .debug_line    0x000009a7      0xff9 FREERTOS/tasks.o
 .debug_line    0x000019a0      0x1d5 MCAL/DIO/DIO_PROG.o
 .debug_line    0x00001b75      0x1ac MCAL/EXT/EXT_PROG.o
 .debug_line    0x00001d21      0x280 MCAL/TIMER0/TIMER0_PROG.o
 .debug_line    0x00001fa1      0x20a MCAL/TIMER1/TIMER1_PROG.o
 .debug_line    0x000021ab      0x171 MCAL/UART/UART_PROG.o

.debug_frame    0x00000000      0xc24
 *(.debug_frame)
 .debug_frame   0x00000000       0x24 APP/main.o
 .debug_frame   0x00000024       0x54 APP/Sess33FREERTOS/TASKSUSPENDBUTTON/sess_PROG.o
 .debug_frame   0x00000078       0x60 FREERTOS/heap_1.o
 .debug_frame   0x000000d8       0x88 FREERTOS/list.o
 .debug_frame   0x00000160       0x84 FREERTOS/port.o
 .debug_frame   0x000001e4      0x52c FREERTOS/tasks.o
 .debug_frame   0x00000710       0x6c MCAL/DIO/DIO_PROG.o
 .debug_frame   0x0000077c      0x17c MCAL/EXT/EXT_PROG.o
 .debug_frame   0x000008f8      0x164 MCAL/TIMER0/TIMER0_PROG.o
 .debug_frame   0x00000a5c       0xec MCAL/TIMER1/TIMER1_PROG.o
 .debug_frame   0x00000b48       0xdc MCAL/UART/UART_PROG.o

.debug_str      0x00000000     0x1337
 *(.debug_str)
 .debug_str     0x00000000      0x196 C:/Program Files (x86)/Atmel/Studio/7.0/Packs/atmel/ATmega_DFP/1.7.374/gcc/dev/atmega32/avr5/crtatmega32.o
 .debug_str     0x00000196      0x187 APP/main.o
                                0x1c0 (size before relaxing)
 .debug_str     0x0000031d      0x135 APP/Sess33FREERTOS/TASKSUSPENDBUTTON/sess_PROG.o
                                0x2e2 (size before relaxing)
 .debug_str     0x00000452       0xbe FREERTOS/heap_1.o
                                0x23e (size before relaxing)
 .debug_str     0x00000510      0x13c FREERTOS/list.o
                                0x2cd (size before relaxing)
 .debug_str     0x0000064c      0x11b FREERTOS/port.o
                                0x2c6 (size before relaxing)
 .debug_str     0x00000767      0x834 FREERTOS/tasks.o
                                0xc36 (size before relaxing)
 .debug_str     0x00000f9b       0x42 MCAL/DIO/DIO_PROG.o
                                0x207 (size before relaxing)
 .debug_str     0x00000fdd       0xc5 MCAL/EXT/EXT_PROG.o
                                0x258 (size before relaxing)
 .debug_str     0x000010a2      0x119 MCAL/TIMER0/TIMER0_PROG.o
                                0x2ac (size before relaxing)
 .debug_str     0x000011bb       0xe0 MCAL/TIMER1/TIMER1_PROG.o
                                0x279 (size before relaxing)
 .debug_str     0x0000129b       0x9c MCAL/UART/UART_PROG.o
                                0x235 (size before relaxing)

.debug_loc      0x00000000     0x303b
 *(.debug_loc)
 .debug_loc     0x00000000       0x91 APP/Sess33FREERTOS/TASKSUSPENDBUTTON/sess_PROG.o
 .debug_loc     0x00000091      0x10f FREERTOS/heap_1.o
 .debug_loc     0x000001a0      0x145 FREERTOS/list.o
 .debug_loc     0x000002e5      0x2a0 FREERTOS/port.o
 .debug_loc     0x00000585     0x1e0c FREERTOS/tasks.o
 .debug_loc     0x00002391      0x3f3 MCAL/DIO/DIO_PROG.o
 .debug_loc     0x00002784      0x341 MCAL/EXT/EXT_PROG.o
 .debug_loc     0x00002ac5      0x27f MCAL/TIMER0/TIMER0_PROG.o
 .debug_loc     0x00002d44      0x12b MCAL/TIMER1/TIMER1_PROG.o
 .debug_loc     0x00002e6f      0x1cc MCAL/UART/UART_PROG.o

.debug_macinfo
 *(.debug_macinfo)

.debug_weaknames
 *(.debug_weaknames)

.debug_funcnames
 *(.debug_funcnames)

.debug_typenames
 *(.debug_typenames)

.debug_varnames
 *(.debug_varnames)

.debug_pubtypes
 *(.debug_pubtypes)

.debug_ranges   0x00000000      0x3b0
 *(.debug_ranges)
 .debug_ranges  0x00000000       0x10 APP/main.o
 .debug_ranges  0x00000010       0x28 APP/Sess33FREERTOS/TASKSUSPENDBUTTON/sess_PROG.o
 .debug_ranges  0x00000038       0x28 FREERTOS/heap_1.o
 .debug_ranges  0x00000060       0x30 FREERTOS/list.o
 .debug_ranges  0x00000090       0x40 FREERTOS/port.o
 .debug_ranges  0x000000d0      0x168 FREERTOS/tasks.o
 .debug_ranges  0x00000238       0x30 MCAL/DIO/DIO_PROG.o
 .debug_ranges  0x00000268       0x50 MCAL/EXT/EXT_PROG.o
 .debug_ranges  0x000002b8       0x68 MCAL/TIMER0/TIMER0_PROG.o
 .debug_ranges  0x00000320       0x50 MCAL/TIMER1/TIMER1_PROG.o
 .debug_ranges  0x00000370       0x40 MCAL/UART/UART_PROG.o

.debug_macro
 *(.debug_macro)
OUTPUT(code.elf elf32-avr)
LOAD linker stubs
