Archive member included to satisfy reference by file (symbol)

c:/program files (x86)/atmel/studio/7.0/toolchain/avr8/avr8-gnu-toolchain/bin/../lib/gcc/avr/5.4.0/../../../../avr/lib/avr5\libm.a(addsf3.o)
                              HAL/LCD/LCD_PROG.o (__subsf3)
c:/program files (x86)/atmel/studio/7.0/toolchain/avr8/avr8-gnu-toolchain/bin/../lib/gcc/avr/5.4.0/../../../../avr/lib/avr5\libm.a(addsf3x.o)
                              c:/program files (x86)/atmel/studio/7.0/toolchain/avr8/avr8-gnu-toolchain/bin/../lib/gcc/avr/5.4.0/../../../../avr/lib/avr5\libm.a(addsf3.o) (__addsf3x)
c:/program files (x86)/atmel/studio/7.0/toolchain/avr8/avr8-gnu-toolchain/bin/../lib/gcc/avr/5.4.0/../../../../avr/lib/avr5\libm.a(fixsfsi.o)
                              HAL/LCD/LCD_PROG.o (__fixsfsi)
c:/program files (x86)/atmel/studio/7.0/toolchain/avr8/avr8-gnu-toolchain/bin/../lib/gcc/avr/5.4.0/../../../../avr/lib/avr5\libm.a(fixunssfsi.o)
                              HAL/LCD/LCD_PROG.o (__fixunssfsi)
c:/program files (x86)/atmel/studio/7.0/toolchain/avr8/avr8-gnu-toolchain/bin/../lib/gcc/avr/5.4.0/../../../../avr/lib/avr5\libm.a(floatsisf.o)
                              HAL/LCD/LCD_PROG.o (__floatunsisf)
c:/program files (x86)/atmel/studio/7.0/toolchain/avr8/avr8-gnu-toolchain/bin/../lib/gcc/avr/5.4.0/../../../../avr/lib/avr5\libm.a(fp_inf.o)
                              c:/program files (x86)/atmel/studio/7.0/toolchain/avr8/avr8-gnu-toolchain/bin/../lib/gcc/avr/5.4.0/../../../../avr/lib/avr5\libm.a(addsf3x.o) (__fp_inf)
c:/program files (x86)/atmel/studio/7.0/toolchain/avr8/avr8-gnu-toolchain/bin/../lib/gcc/avr/5.4.0/../../../../avr/lib/avr5\libm.a(fp_nan.o)
                              c:/program files (x86)/atmel/studio/7.0/toolchain/avr8/avr8-gnu-toolchain/bin/../lib/gcc/avr/5.4.0/../../../../avr/lib/avr5\libm.a(addsf3x.o) (__fp_nan)
c:/program files (x86)/atmel/studio/7.0/toolchain/avr8/avr8-gnu-toolchain/bin/../lib/gcc/avr/5.4.0/../../../../avr/lib/avr5\libm.a(fp_pscA.o)
                              c:/program files (x86)/atmel/studio/7.0/toolchain/avr8/avr8-gnu-toolchain/bin/../lib/gcc/avr/5.4.0/../../../../avr/lib/avr5\libm.a(addsf3x.o) (__fp_pscA)
c:/program files (x86)/atmel/studio/7.0/toolchain/avr8/avr8-gnu-toolchain/bin/../lib/gcc/avr/5.4.0/../../../../avr/lib/avr5\libm.a(fp_pscB.o)
                              c:/program files (x86)/atmel/studio/7.0/toolchain/avr8/avr8-gnu-toolchain/bin/../lib/gcc/avr/5.4.0/../../../../avr/lib/avr5\libm.a(addsf3x.o) (__fp_pscB)
c:/program files (x86)/atmel/studio/7.0/toolchain/avr8/avr8-gnu-toolchain/bin/../lib/gcc/avr/5.4.0/../../../../avr/lib/avr5\libm.a(fp_round.o)
                              c:/program files (x86)/atmel/studio/7.0/toolchain/avr8/avr8-gnu-toolchain/bin/../lib/gcc/avr/5.4.0/../../../../avr/lib/avr5\libm.a(addsf3.o) (__fp_round)
c:/program files (x86)/atmel/studio/7.0/toolchain/avr8/avr8-gnu-toolchain/bin/../lib/gcc/avr/5.4.0/../../../../avr/lib/avr5\libm.a(fp_split3.o)
                              c:/program files (x86)/atmel/studio/7.0/toolchain/avr8/avr8-gnu-toolchain/bin/../lib/gcc/avr/5.4.0/../../../../avr/lib/avr5\libm.a(addsf3x.o) (__fp_split3)
c:/program files (x86)/atmel/studio/7.0/toolchain/avr8/avr8-gnu-toolchain/bin/../lib/gcc/avr/5.4.0/../../../../avr/lib/avr5\libm.a(fp_zero.o)
                              c:/program files (x86)/atmel/studio/7.0/toolchain/avr8/avr8-gnu-toolchain/bin/../lib/gcc/avr/5.4.0/../../../../avr/lib/avr5\libm.a(addsf3x.o) (__fp_zero)
c:/program files (x86)/atmel/studio/7.0/toolchain/avr8/avr8-gnu-toolchain/bin/../lib/gcc/avr/5.4.0/../../../../avr/lib/avr5\libm.a(mulsf3.o)
                              HAL/LCD/LCD_PROG.o (__mulsf3)
c:/program files (x86)/atmel/studio/7.0/toolchain/avr8/avr8-gnu-toolchain/bin/../lib/gcc/avr/5.4.0/../../../../avr/lib/avr5\libm.a(mulsf3x.o)
                              c:/program files (x86)/atmel/studio/7.0/toolchain/avr8/avr8-gnu-toolchain/bin/../lib/gcc/avr/5.4.0/../../../../avr/lib/avr5\libm.a(mulsf3.o) (__mulsf3x)
c:/program files (x86)/atmel/studio/7.0/toolchain/avr8/avr8-gnu-toolchain/bin/../lib/gcc/avr/5.4.0/avr5\libgcc.a(_udivmodhi4.o)
                              FREERTOS/queue.o (__udivmodhi4)
c:/program files (x86)/atmel/studio/7.0/toolchain/avr8/avr8-gnu-toolchain/bin/../lib/gcc/avr/5.4.0/avr5\libgcc.a(_divmodhi4.o)
                              HAL/LCD/LCD_PROG.o (__divmodhi4)
c:/program files (x86)/atmel/studio/7.0/toolchain/avr8/avr8-gnu-toolchain/bin/../lib/gcc/avr/5.4.0/avr5\libgcc.a(_divmodsi4.o)
                              MCAL/TIMER1/TIMER1_PROG.o (__divmodsi4)
c:/program files (x86)/atmel/studio/7.0/toolchain/avr8/avr8-gnu-toolchain/bin/../lib/gcc/avr/5.4.0/avr5\libgcc.a(_negsi2.o)
                              c:/program files (x86)/atmel/studio/7.0/toolchain/avr8/avr8-gnu-toolchain/bin/../lib/gcc/avr/5.4.0/avr5\libgcc.a(_divmodsi4.o) (__negsi2)
[...]
Memory Configuration

Name             Origin             Length             Attributes
text             0x00000000         0x00008000         xr
data             0x00800060         0x00000800         rw !x
eeprom           0x00810000         0x00000400         rw !x
fuse             0x00820000         0x00000002         rw !x
lock             0x00830000         0x00000400         rw !x
signature        0x00840000         0x00000400         rw !x
user_signatures  0x00850000         0x00000400         rw !x
*default*        0x00000000         0xffffffff

Linker script and memory map

LOAD C:/Program Files (x86)/Atmel/Studio/7.0/Packs/atmel/ATmega_DFP/1.7.374/gcc/dev/atmega32/avr5/crtatmega32.o
LOAD APP/main.o
LOAD APP/Sess16/ASG1/ASS_PROG.o
LOAD APP/Sess16/ses.o
LOAD APP/Sess16/Task/ses.o
LOAD APP/Sess17/ses.o
LOAD APP/Sess18/ASG2/ASS_PROG.o
LOAD APP/Sess18/ses.o
LOAD APP/Sess18/TASKNEWCHARACTER/NEWCHARACTER_PROG.o
LOAD APP/Sess19/sess_PROG.o
LOAD APP/Sess19/TASKCALC/CALC_PROG.o
LOAD APP/Sess19/TASKLOGINSYSTEM/LOG_PROG.o
LOAD APP/Sess20/sess_PROG.o
LOAD APP/Sess22TI1/SESSTI1_PROG.o
LOAD APP/Sess21/SESS_PROG.o
LOAD APP/Sess21/TASK/TASK_PROG.o
LOAD APP/Sess22TI1/TASKCOUNTER/TASKCOUNTER_PROG.o
LOAD APP/Sess23CTC/PWM/PWM_PROG.o
LOAD APP/Sess23CTC/sess_PROG.o
LOAD APP/Sess24MOTOR/SERVO/SERVO_PROG.o
LOAD APP/Sess24MOTOR/sess_PROG.o
LOAD APP/Sess25WDT/sess_PROG.o
LOAD APP/Sess25WDT/TaskULTRASONIC/ULTRA_PROG.o
LOAD APP/Sess26UART/sess_PROG.o
LOAD APP/Sess26UART/TASKKPDUART/TASKKPDUART_PROG.o
LOAD APP/Sess27SPI/BLUTOTH/sess_PROG.o
LOAD APP/Sess27SPI/sess_PROG.o
LOAD APP/Sess28I2C/sess_PROG.o
LOAD APP/Sess29EEPROM/sess_PROG.o
LOAD APP/Sess29EEPROM/TASKEEPROMPASS/TASKEEPROMPASS_PROG.o
LOAD APP/Sess32/sess_PROG.o
LOAD APP/Sess32/TTL/sess_PROG.o
LOAD APP/Sess33FREERTOS/sess_PROG.o
LOAD APP/Sess33FREERTOS/TASKPUSHBUTTONS/sess_PROG.o
LOAD APP/Sess33FREERTOS/TASKSUSPENDBUTTON/sess_PROG.o
LOAD APP/Sess33FREERTOS/TASKSUSPEND/sess_PROG.o
LOAD APP/Sess34SEMAPHORE/COUNTINGSEMAPHORE/sess_PROG.o
LOAD APP/Sess34SEMAPHORE/sess_PROG.o
LOAD APP/Sess35EVENTGROUP/sess_PROG.o
LOAD APP/Sess35EVENTGROUP/TASKQUEUESTRING/sess_PROG.o
LOAD APP/Sess35EVENTGROUP/TASKQUEUE/sess_PROG.o
LOAD APP/Sess35EVENTGROUP/TASKSOFTWARETIMERS/sess_PROG.o
LOAD FREERTOS/croutine.o
LOAD FREERTOS/event_groups.o
LOAD FREERTOS/heap_1.o
LOAD FREERTOS/list.o
LOAD FREERTOS/port.o
LOAD FREERTOS/queue.o
LOAD FREERTOS/stream_buffer.o
LOAD FREERTOS/tasks.o
LOAD FREERTOS/timers.o
LOAD HAL/7seg/SS_PROG.o
LOAD HAL/EEPROM/EEPROM_PROG.o
LOAD HAL/KPD/KPD_PROG.o
LOAD HAL/LCD/LCD_PROG.o
LOAD MCAL/ADC/ADC_PROG.o
LOAD MCAL/DIO/DIO_PROG.o
LOAD MCAL/EXT/EXT_PROG.o
LOAD MCAL/GI/GI_PROG.o
LOAD MCAL/I2C/I2C_PROG.o
LOAD MCAL/SPI/SPI_PROG.o
LOAD MCAL/TIMER0/TIMER0_PROG.o
LOAD MCAL/TIMER1/TIMER1_PROG.o
LOAD MCAL/UART/UART_PROG.o
LOAD MCAL/WDT/WDT_PROG.o
LOAD RTOS/RTOS.o
START GROUP
LOAD c:/program files (x86)/atmel/studio/7.0/toolchain/avr8/avr8-gnu-toolchain/bin/../lib/gcc/avr/5.4.0/../../../../avr/lib/avr5\libm.a
END GROUP
START GROUP
LOAD c:/program files (x86)/atmel/studio/7.0/toolchain/avr8/avr8-gnu-toolchain/bin/../lib/gcc/avr/5.4.0/avr5\libgcc.a
LOAD c:/program files (x86)/atmel/studio/7.0/toolchain/avr8/avr8-gnu-toolchain/bin/../lib/gcc/avr/5.4.0/../../../../avr/lib/avr5\libm.a
LOAD c:/program files (x86)/atmel/studio/7.0/toolchain/avr8/avr8-gnu-toolchain/bin/../lib/gcc/avr/5.4.0/../../../../avr/lib/avr5\libc.a
LOAD C:/Program Files (x86)/Atmel/Studio/7.0/Packs/atmel/ATmega_DFP/1.7.374/gcc/dev/atmega32/avr5\libatmega32.a
END GROUP
                0x00000000                __TEXT_REGION_ORIGIN__ = DEFINED (__TEXT_REGION_ORIGIN__)?__TEXT_REGION_ORIGIN__:0x0
                [0x00800060]                __DATA_REGION_ORIGIN__ = DEFINED (__DATA_REGION_ORIGIN__)?__DATA_REGION_ORIGIN__:0x800060
                [0x00008000]                __TEXT_REGION_LENGTH__ = DEFINED (__TEXT_REGION_LENGTH__)?__TEXT_REGION_LENGTH__:0x20000
                [0x00000800]                __DATA_REGION_LENGTH__ = DEFINED (__DATA_REGION_LENGTH__)?__DATA_REGION_LENGTH__:0xffa0
                [0x00000400]                __EEPROM_REGION_LENGTH__ = DEFINED (__EEPROM_REGION_LENGTH__)?__EEPROM_REGION_LENGTH__:0x10000
                [0x00000002]                __FUSE_REGION_LENGTH__ = DEFINED (__FUSE_REGION_LENGTH__)?__FUSE_REGION_LENGTH__:0x400
                0x00000400                __LOCK_REGION_LENGTH__ = DEFINED (__LOCK_REGION_LENGTH__)?__LOCK_REGION_LENGTH__:0x400
                0x00000400                __SIGNATURE_REGION_LENGTH__ = DEFINED (__SIGNATURE_REGION_LENGTH__)?__SIGNATURE_REGION_LENGTH__:0x400
                0x00000400                __USER_SIGNATURE_REGION_LENGTH__ = DEFINED (__USER_SIGNATURE_REGION_LENGTH__)?__USER_SIGNATURE_REGION_LENGTH__:0x400

.hash
 *(.hash)

.dynsym
 *(.dynsym)

.dynstr
 *(.dynstr)

.gnu.version
 *(.gnu.version)

.gnu.version_d
 *(.gnu.version_d)

.gnu.version_r
 *(.gnu.version_r)

.rel.init
 *(.rel.init)

.rela.init
 *(.rela.init)

.rel.text
 *(.rel.text)
 *(.rel.text.*)
 *(.rel.gnu.linkonce.t*)

.rela.text
 *(.rela.text)
 *(.rela.text.*)
 *(.rela.gnu.linkonce.t*)

.rel.fini
 *(.rel.fini)

.rela.fini
 *(.rela.fini)

.rel.rodata
 *(.rel.rodata)
 *(.rel.rodata.*)
 *(.rel.gnu.linkonce.r*)

.rela.rodata
 *(.rela.rodata)
 *(.rela.rodata.*)
 *(.rela.gnu.linkonce.r*)

.rel.data
 *(.rel.data)
 *(.rel.data.*)
 *(.rel.gnu.linkonce.d*)

.rela.data
 *(.rela.data)
 *(.rela.data.*)
 *(.rela.gnu.linkonce.d*)

.rel.ctors
 *(.rel.ctors)

.rela.ctors
 *(.rela.ctors)

.rel.dtors
 *(.rel.dtors)

.rela.dtors
 *(.rela.dtors)

.rel.got
 *(.rel.got)

.rela.got
 *(.rela.got)

.rel.bss
 *(.rel.bss)

.rela.bss
 *(.rela.bss)

.rel.plt
 *(.rel.plt)

.rela.plt
 *(.rela.plt)

.text           0x00000000     0x21ea
 *(.vectors)
 .vectors       0x00000000       0x54 C:/Program Files (x86)/Atmel/Studio/7.0/Packs/atmel/ATmega_DFP/1.7.374/gcc/dev/atmega32/avr5/crtatmega32.o
                0x00000000                __vector_default
                0x00000000                __vectors
 *(.vectors)
 *(.progmem.gcc*)
 .progmem.gcc_sw_table.prvProcessReceivedCommands
                0x00000054       0x12 FREERTOS/timers.o
                0x00000066                . = ALIGN (0x2)
                0x00000066                __trampolines_start = .
 *(.trampolines)
 .trampolines   0x00000066        0x0 linker stubs
 *(.trampolines*)
                0x00000066                __trampolines_end = .
 *libprintf_flt.a:*(.progmem.data)
 *libc.a:*(.progmem.data)
 *(.progmem*)
                0x00000066                . = ALIGN (0x2)
 *(.jumptables)
 *(.jumptables*)
 *(.lowtext)
 *(.lowtext*)
                0x00000066                __ctors_start = .
 *(.ctors)
                0x00000066                __ctors_end = .
                0x00000066                __dtors_start = .
 *(.dtors)
                0x00000066                __dtors_end = .
 SORT(*)(.ctors)
 SORT(*)(.dtors)
 *(.init0)
 .init0         0x00000066        0x0 C:/Program Files (x86)/Atmel/Studio/7.0/Packs/atmel/ATmega_DFP/1.7.374/gcc/dev/atmega32/avr5/crtatmega32.o
                0x00000066                __init
 *(.init0)
 *(.init1)
 *(.init1)
 *(.init2)
 .init2         0x00000066        0xc C:/Program Files (x86)/Atmel/Studio/7.0/Packs/atmel/ATmega_DFP/1.7.374/gcc/dev/atmega32/avr5/crtatmega32.o
 *(.init2)
 *(.init3)
 *(.init3)
 *(.init4)
 .init4         0x00000072       0x16 c:/program files (x86)/atmel/studio/7.0/toolchain/avr8/avr8-gnu-toolchain/bin/../lib/gcc/avr/5.4.0/avr5\libgcc.a(_copy_data.o)
                0x00000072                __do_copy_data
 .init4         0x00000088       0x10 c:/program files (x86)/atmel/studio/7.0/toolchain/avr8/avr8-gnu-toolchain/bin/../lib/gcc/avr/5.4.0/avr5\libgcc.a(_clear_bss.o)
                0x00000088                __do_clear_bss
 *(.init4)
 *(.init5)
 *(.init5)
 *(.init6)
 *(.init6)
 *(.init7)
 *(.init7)
 *(.init8)
 *(.init8)
 *(.init9)
 .init9         0x00000098        0x8 C:/Program Files (x86)/Atmel/Studio/7.0/Packs/atmel/ATmega_DFP/1.7.374/gcc/dev/atmega32/avr5/crtatmega32.o
 *(.init9)
 *(.text)
 .text          0x000000a0        0x4 C:/Program Files (x86)/Atmel/Studio/7.0/Packs/atmel/ATmega_DFP/1.7.374/gcc/dev/atmega32/avr5/crtatmega32.o
                0x000000a0                __vector_12
                0x000000a0                __bad_interrupt
                0x000000a0                __vector_17
                0x000000a0                __vector_19
                0x000000a0                __vector_5
                0x000000a0                __vector_4
                0x000000a0                __vector_9
                0x000000a0                __vector_15
                0x000000a0                __vector_8
                0x000000a0                __vector_14
                0x000000a0                __vector_16
                0x000000a0                __vector_18
                0x000000a0                __vector_20
                0x000000a4                . = ALIGN (0x2)
 *(.text.*)
 .text.main     0x000000a4        0xa APP/main.o
                0x000000a4                main
 .text.vTimerCallback
                0x000000ae        0x8 APP/Sess35EVENTGROUP/TASKSOFTWARETIMERS/sess_PROG.o
                0x000000ae                vTimerCallback
 .text.TASKTOOGLELED
                0x000000b6       0x10 APP/Sess35EVENTGROUP/TASKSOFTWARETIMERS/sess_PROG.o
                0x000000b6                TASKTOOGLELED
 .text.source_code
                0x000000c6       0x72 APP/Sess35EVENTGROUP/TASKSOFTWARETIMERS/sess_PROG.o
                0x000000c6                source_code
 .text.pvPortMalloc
                0x00000138       0x74 FREERTOS/heap_1.o
                0x00000138                pvPortMalloc
 .text.vPortFree
                0x000001ac        0x2 FREERTOS/heap_1.o
                0x000001ac                vPortFree
 .text.vListInitialise
                0x000001ae       0x1c FREERTOS/list.o
                0x000001ae                vListInitialise
 .text.vListInitialiseItem
                0x000001ca        0x8 FREERTOS/list.o
                0x000001ca                vListInitialiseItem
 .text.vListInsert
                0x000001d2       0x62 FREERTOS/list.o
                0x000001d2                vListInsert
 .text.uxListRemove
                0x00000234       0x4e FREERTOS/list.o
                0x00000234                uxListRemove
 .text.prvSetupTimerInterrupt
                0x00000282       0x12 FREERTOS/port.o
 .text.pxPortInitialiseStack
                0x00000294       0xd8 FREERTOS/port.o
                0x00000294                pxPortInitialiseStack
 .text.xPortStartScheduler
                0x0000036c       0x5e FREERTOS/port.o
                0x0000036c                xPortStartScheduler
 .text.vPortYield
                0x000003ca       0xb2 FREERTOS/port.o
                0x000003ca                vPortYield
 .text.vPortYieldFromTick
                0x0000047c       0xb8 FREERTOS/port.o
                0x0000047c                vPortYieldFromTick
 .text.__vector_7
                0x00000534        0x6 FREERTOS/port.o
                0x00000534                __vector_7
 .text.prvIsQueueEmpty
                0x0000053a       0x1a FREERTOS/queue.o
 .text.prvIsQueueFull
                0x00000554       0x1c FREERTOS/queue.o
 .text.prvCopyDataToQueue
                0x00000570       0x92 FREERTOS/queue.o
 .text.prvCopyDataFromQueue
                0x00000602       0x34 FREERTOS/queue.o
 .text.prvUnlockQueue
                0x00000636       0x68 FREERTOS/queue.o
 .text.xQueueGenericReset
                0x0000069e       0xc0 FREERTOS/queue.o
                0x0000069e                xQueueGenericReset
 .text.prvInitialiseNewQueue
                0x0000075e       0x26 FREERTOS/queue.o
 .text.xQueueGenericCreate
                0x00000784       0x82 FREERTOS/queue.o
                0x00000784                xQueueGenericCreate
 .text.xQueueGenericSend
                0x00000806      0x124 FREERTOS/queue.o
                0x00000806                xQueueGenericSend
 .text.xQueueGenericSendFromISR
                0x0000092a       0x84 FREERTOS/queue.o
                0x0000092a                xQueueGenericSendFromISR
 .text.xQueueReceive
                0x000009ae      0x11e FREERTOS/queue.o
                0x000009ae                xQueueReceive
 .text.vQueueWaitForMessageRestricted
                0x00000acc       0x3a FREERTOS/queue.o
                0x00000acc                vQueueWaitForMessageRestricted
 .text.prvResetNextTaskUnblockTime
                0x00000b06       0x38 FREERTOS/tasks.o
 .text.prvInitialiseNewTask
                0x00000b3e       0xd2 FREERTOS/tasks.o
 .text.prvIdleTask
                0x00000c10        0xe FREERTOS/tasks.o
 .text.prvInitialiseTaskLists
                0x00000c1e       0x66 FREERTOS/tasks.o
 .text.prvAddNewTaskToReadyList
                0x00000c84       0xfa FREERTOS/tasks.o
 .text.prvAddCurrentTaskToDelayedList
                0x00000d7e      0x102 FREERTOS/tasks.o
 .text.xTaskCreate
                0x00000e80       0xb2 FREERTOS/tasks.o
                0x00000e80                xTaskCreate
 .text.vTaskStartScheduler
                0x00000f32       0x60 FREERTOS/tasks.o
                0x00000f32                vTaskStartScheduler
 .text.vTaskSuspendAll
                0x00000f92        0xc FREERTOS/tasks.o
                0x00000f92                vTaskSuspendAll
 .text.xTaskGetTickCount
                0x00000f9e       0x14 FREERTOS/tasks.o
                0x00000f9e                xTaskGetTickCount
 .text.uxTaskGetNumberOfTasks
                0x00000fb2        0x6 FREERTOS/tasks.o
                0x00000fb2                uxTaskGetNumberOfTasks
 .text.xTaskIncrementTick
                0x00000fb8      0x234 FREERTOS/tasks.o
                0x00000fb8                xTaskIncrementTick
 .text.xTaskResumeAll
                0x000011ec      0x1aa FREERTOS/tasks.o
                0x000011ec                xTaskResumeAll
 .text.vTaskDelay
                0x00001396       0x2c FREERTOS/tasks.o
                0x00001396                vTaskDelay
 .text.vTaskSwitchContext
                0x000013c2       0xa8 FREERTOS/tasks.o
                0x000013c2                vTaskSwitchContext
 .text.vTaskPlaceOnEventList
                0x0000146a       0x24 FREERTOS/tasks.o
                0x0000146a                vTaskPlaceOnEventList
 .text.vTaskPlaceOnEventListRestricted
                0x0000148e       0x92 FREERTOS/tasks.o
                0x0000148e                vTaskPlaceOnEventListRestricted
 .text.xTaskRemoveFromEventList
                0x00001520      0x17a FREERTOS/tasks.o
                0x00001520                xTaskRemoveFromEventList
 .text.vTaskInternalSetTimeOutState
                0x0000169a       0x16 FREERTOS/tasks.o
                0x0000169a                vTaskInternalSetTimeOutState
 .text.xTaskCheckForTimeOut
                0x000016b0       0x7e FREERTOS/tasks.o
                0x000016b0                xTaskCheckForTimeOut
 .text.vTaskMissedYield
                0x0000172e        0x8 FREERTOS/tasks.o
                0x0000172e                vTaskMissedYield
 .text.xTaskGetSchedulerState
                0x00001736       0x1c FREERTOS/tasks.o
                0x00001736                xTaskGetSchedulerState
 .text.prvGetNextExpireTime
                0x00001752       0x2a FREERTOS/timers.o
 .text.prvInsertTimerInActiveList
                0x0000177c       0x5e FREERTOS/timers.o
 .text.prvReloadTimer
                0x000017da       0x48 FREERTOS/timers.o
 .text.prvProcessExpiredTimer
                0x00001822       0x56 FREERTOS/timers.o
 .text.prvSwitchTimerLists
                0x00001878       0x3c FREERTOS/timers.o
 .text.prvSampleTimeNow
                0x000018b4       0x42 FREERTOS/timers.o
 .text.prvProcessTimerOrBlockTask
                0x000018f6       0x90 FREERTOS/timers.o
 .text.prvProcessReceivedCommands
                0x00001986      0x140 FREERTOS/timers.o
 .text.prvTimerTask
                0x00001ac6       0x1e FREERTOS/timers.o
 .text.prvCheckForValidListAndQueue
                0x00001ae4       0x52 FREERTOS/timers.o
 .text.prvInitialiseNewTimer
                0x00001b36       0x66 FREERTOS/timers.o
 .text.xTimerCreateTimerTask
                0x00001b9c       0x44 FREERTOS/timers.o
                0x00001b9c                xTimerCreateTimerTask
 .text.xTimerCreate
                0x00001be0       0x5e FREERTOS/timers.o
                0x00001be0                xTimerCreate
 .text.xTimerGenericCommand
                0x00001c3e       0x90 FREERTOS/timers.o
                0x00001c3e                xTimerGenericCommand
 .text.DIO_setPinDir
                0x00001cce      0x116 MCAL/DIO/DIO_PROG.o
                0x00001cce                DIO_setPinDir
 .text.DIO_setPinValue
                0x00001de4      0x116 MCAL/DIO/DIO_PROG.o
                0x00001de4                DIO_setPinValue
 .text.DIO_readPinValue
                0x00001efa       0x6c MCAL/DIO/DIO_PROG.o
                0x00001efa                DIO_readPinValue
 .text.DIO_togglePinValue
                0x00001f66       0x18 MCAL/DIO/DIO_PROG.o
                0x00001f66                DIO_togglePinValue
 .text.__vector_1
                0x00001f7e       0x4e MCAL/EXT/EXT_PROG.o
                0x00001f7e                __vector_1
 .text.__vector_2
                0x00001fcc       0x4e MCAL/EXT/EXT_PROG.o
                0x00001fcc                __vector_2
 .text.__vector_3
                0x0000201a       0x4e MCAL/EXT/EXT_PROG.o
                0x0000201a                __vector_3
 .text.__vector_11
                0x00002068       0x4e MCAL/TIMER0/TIMER0_PROG.o
                0x00002068                __vector_11
 .text.__vector_10
                0x000020b6       0x4e MCAL/TIMER0/TIMER0_PROG.o
                0x000020b6                __vector_10
 .text.__vector_6
                0x00002104       0x4e MCAL/TIMER1/TIMER1_PROG.o
                0x00002104                __vector_6
 .text.__vector_13
                0x00002152       0x4e MCAL/UART/UART_PROG.o
                0x00002152                __vector_13
 .text.libgcc.div
                0x000021a0       0x28 c:/program files (x86)/atmel/studio/7.0/toolchain/avr8/avr8-gnu-toolchain/bin/../lib/gcc/avr/5.4.0/avr5\libgcc.a(_udivmodhi4.o)
                0x000021a0                __udivmodhi4
 .text.libgcc   0x000021c8        0xc c:/program files (x86)/atmel/studio/7.0/toolchain/avr8/avr8-gnu-toolchain/bin/../lib/gcc/avr/5.4.0/avr5\libgcc.a(_tablejump2.o)
                0x000021c8                __tablejump2__
 .text.avr-libc
                0x000021d4       0x12 c:/program files (x86)/atmel/studio/7.0/toolchain/avr8/avr8-gnu-toolchain/bin/../lib/gcc/avr/5.4.0/../../../../avr/lib/avr5\libc.a(memcpy.o)
                0x000021d4                memcpy
                0x000021e6                . = ALIGN (0x2)
 *(.fini9)
 .fini9         0x000021e6        0x0 c:/program files (x86)/atmel/studio/7.0/toolchain/avr8/avr8-gnu-toolchain/bin/../lib/gcc/avr/5.4.0/avr5\libgcc.a(_exit.o)
                0x000021e6                _exit
                0x000021e6                exit
 *(.fini9)
 *(.fini8)
 *(.fini8)
 *(.fini7)
 *(.fini7)
 *(.fini6)
 *(.fini6)
 *(.fini5)
 *(.fini5)
 *(.fini4)
 *(.fini4)
 *(.fini3)
 *(.fini3)
 *(.fini2)
 *(.fini2)
 *(.fini1)
 *(.fini1)
 *(.fini0)
 .fini0         0x000021e6        0x4 c:/program files (x86)/atmel/studio/7.0/toolchain/avr8/avr8-gnu-toolchain/bin/../lib/gcc/avr/5.4.0/avr5\libgcc.a(_exit.o)
 *(.fini0)
                0x000021ea                _etext = .

.data           0x00800060        0xe load address 0x000021ea
                0x00800060                PROVIDE (__data_start, .)
 *(.data)
 *(.data*)
 .data.uxTopUsedPriority
                0x00800060        0x1 FREERTOS/tasks.o
                0x00800060                uxTopUsedPriority
 *(.gnu.linkonce.d*)
 *(.rodata)
 *(.rodata*)
 .rodata.str1.1
                0x00800061        0x5 FREERTOS/tasks.o
 .rodata.str1.1
                0x00800066        0x8 FREERTOS/timers.o
 *(.gnu.linkonce.r*)
                0x0080006e                . = ALIGN (0x2)
                0x0080006e                _edata = .
                0x0080006e                PROVIDE (__data_end, .)

.bss            0x0080006e      0x6cf
                0x0080006e                PROVIDE (__bss_start, .)
 *(.bss)
 *(.bss*)
 .bss.pucAlignedHeap.2112
                0x0080006e        0x2 FREERTOS/heap_1.o
 .bss.xNextFreeByte
                0x00800070        0x2 FREERTOS/heap_1.o
 .bss.ucHeap    0x00800072      0x640 FREERTOS/heap_1.o
 .bss.uxSchedulerSuspended
                0x008006b2        0x1 FREERTOS/tasks.o
 .bss.xIdleTaskHandle
                0x008006b3        0x2 FREERTOS/tasks.o
 .bss.xNextTaskUnblockTime
                0x008006b5        0x2 FREERTOS/tasks.o
 .bss.uxTaskNumber
                0x008006b7        0x1 FREERTOS/tasks.o
 .bss.xNumOfOverflows
                0x008006b8        0x1 FREERTOS/tasks.o
 .bss.xYieldPending
                0x008006b9        0x1 FREERTOS/tasks.o
 .bss.xPendedTicks
                0x008006ba        0x2 FREERTOS/tasks.o
 .bss.xSchedulerRunning
                0x008006bc        0x1 FREERTOS/tasks.o
 .bss.uxTopReadyPriority
                0x008006bd        0x1 FREERTOS/tasks.o
 .bss.xTickCount
                0x008006be        0x2 FREERTOS/tasks.o
 .bss.uxCurrentNumberOfTasks
                0x008006c0        0x1 FREERTOS/tasks.o
 .bss.xSuspendedTaskList
                0x008006c1        0x9 FREERTOS/tasks.o
 .bss.xPendingReadyList
                0x008006ca        0x9 FREERTOS/tasks.o
 .bss.pxOverflowDelayedTaskList
                0x008006d3        0x2 FREERTOS/tasks.o
 .bss.pxDelayedTaskList
                0x008006d5        0x2 FREERTOS/tasks.o
 .bss.xDelayedTaskList2
                0x008006d7        0x9 FREERTOS/tasks.o
 .bss.xDelayedTaskList1
                0x008006e0        0x9 FREERTOS/tasks.o
 .bss.pxReadyTasksLists
                0x008006e9       0x24 FREERTOS/tasks.o
 .bss.pxCurrentTCB
                0x0080070d        0x2 FREERTOS/tasks.o
                0x0080070d                pxCurrentTCB
 .bss.xLastTime.2428
                0x0080070f        0x2 FREERTOS/timers.o
 .bss.xTimerTaskHandle
                0x00800711        0x2 FREERTOS/timers.o
 .bss.xTimerQueue
                0x00800713        0x2 FREERTOS/timers.o
 .bss.pxOverflowTimerList
                0x00800715        0x2 FREERTOS/timers.o
 .bss.pxCurrentTimerList
                0x00800717        0x2 FREERTOS/timers.o
 .bss.xActiveTimerList2
                0x00800719        0x9 FREERTOS/timers.o
 .bss.xActiveTimerList1
                0x00800722        0x9 FREERTOS/timers.o
 *(COMMON)
 COMMON         0x0080072b        0x4 APP/Sess35EVENTGROUP/TASKSOFTWARETIMERS/sess_PROG.o
                0x0080072b                TIMER
                0x0080072d                xHandle1
 COMMON         0x0080072f        0x6 MCAL/EXT/EXT_PROG.o
                0x0080072f                EXT_int1Func
                0x00800731                EXT_int2Func
                0x00800733                EXT_int0Func
 COMMON         0x00800735        0x4 MCAL/TIMER0/TIMER0_PROG.o
                0x00800735                TIMER0_CTCFunc
                0x00800737                TIMER0_OvFunc
 COMMON         0x00800739        0x2 MCAL/TIMER1/TIMER1_PROG.o
                0x00800739                TIMER1_IcuFunc
 COMMON         0x0080073b        0x2 MCAL/UART/UART_PROG.o
                0x0080073b                UART_INTFunc
                0x0080073d                PROVIDE (__bss_end, .)
                0x000021ea                __data_load_start = LOADADDR (.data)
                0x000021f8                __data_load_end = (__data_load_start + SIZEOF (.data))

.noinit         0x0080073d        0x0
                [!provide]                PROVIDE (__noinit_start, .)
 *(.noinit*)
                [!provide]                PROVIDE (__noinit_end, .)
                0x0080073d                _end = .
                [!provide]                PROVIDE (__heap_start, .)

.eeprom         0x00810000        0x0
 *(.eeprom*)
                0x00810000                __eeprom_end = .

.fuse
 *(.fuse)
 *(.lfuse)
 *(.hfuse)
 *(.efuse)

.lock
 *(.lock*)

.signature
 *(.signature*)

.user_signatures
 *(.user_signatures*)

.stab
 *(.stab)

.stabstr
 *(.stabstr)

.stab.excl
 *(.stab.excl)

.stab.exclstr
 *(.stab.exclstr)

.stab.index
 *(.stab.index)

.stab.indexstr
 *(.stab.indexstr)

.comment        0x00000000       0x30
 *(.comment)
 .comment       0x00000000       0x30 APP/main.o
                                 0x31 (size before relaxing)
 .comment       0x00000030       0x31 APP/Sess35EVENTGROUP/TASKSOFTWARETIMERS/sess_PROG.o
 .comment       0x00000030       0x31 FREERTOS/heap_1.o
 .comment       0x00000030       0x31 FREERTOS/list.o
 .comment       0x00000030       0x31 FREERTOS/port.o
 .comment       0x00000030       0x31 FREERTOS/queue.o
 .comment       0x00000030       0x31 FREERTOS/tasks.o
 .comment       0x00000030       0x31 FREERTOS/timers.o
 .comment       0x00000030       0x31 MCAL/DIO/DIO_PROG.o
 .comment       0x00000030       0x31 MCAL/EXT/EXT_PROG.o
 .comment       0x00000030       0x31 MCAL/TIMER0/TIMER0_PROG.o
 .comment       0x00000030       0x31 MCAL/TIMER1/TIMER1_PROG.o
 .comment       0x00000030       0x31 MCAL/UART/UART_PROG.o

.note.gnu.avr.deviceinfo
                0x00000000       0x3c
 .note.gnu.avr.deviceinfo
                0x00000000       0x3c C:/Program Files (x86)/Atmel/Studio/7.0/Packs/atmel/ATmega_DFP/1.7.374/gcc/dev/atmega32/avr5/crtatmega32.o

.note.gnu.build-id
 *(.note.gnu.build-id)

.debug
 *(.debug)

.line
 *(.line)

.debug_srcinfo
 *(.debug_srcinfo)

.debug_sfnames
 *(.debug_sfnames)

.debug_aranges  0x00000000      0x5f8
 *(.debug_aranges)
 .debug_aranges
                0x00000000       0x20 APP/main.o
 .debug_aranges
                0x00000020       0x30 APP/Sess35EVENTGROUP/TASKSOFTWARETIMERS/sess_PROG.o
 .debug_aranges
                0x00000050       0x38 FREERTOS/heap_1.o
 .debug_aranges
                0x00000088       0x40 FREERTOS/list.o
 .debug_aranges
                0x000000c8       0x50 FREERTOS/port.o
 .debug_aranges
                0x00000118       0xd8 FREERTOS/queue.o
 .debug_aranges
                0x000001f0      0x168 FREERTOS/tasks.o
 .debug_aranges
                0x00000358       0xd8 FREERTOS/timers.o
 .debug_aranges
                0x00000430       0x40 MCAL/DIO/DIO_PROG.o
 .debug_aranges
                0x00000470       0x60 MCAL/EXT/EXT_PROG.o
 .debug_aranges
                0x000004d0       0x78 MCAL/TIMER0/TIMER0_PROG.o
 .debug_aranges
                0x00000548       0x60 MCAL/TIMER1/TIMER1_PROG.o
 .debug_aranges
                0x000005a8       0x50 MCAL/UART/UART_PROG.o

.debug_pubnames
 *(.debug_pubnames)

.debug_info     0x00000000     0x5a5a
 *(.debug_info .gnu.linkonce.wi.*)
 .debug_info    0x00000000      0x4e6 C:/Program Files (x86)/Atmel/Studio/7.0/Packs/atmel/ATmega_DFP/1.7.374/gcc/dev/atmega32/avr5/crtatmega32.o
 .debug_info    0x000004e6       0xc0 APP/main.o
 .debug_info    0x000005a6      0x2ff APP/Sess35EVENTGROUP/TASKSOFTWARETIMERS/sess_PROG.o
 .debug_info    0x000008a5      0x1a4 FREERTOS/heap_1.o
 .debug_info    0x00000a49      0x2d8 FREERTOS/list.o
 .debug_info    0x00000d21      0x24e FREERTOS/port.o
 .debug_info    0x00000f6f     0x15fb FREERTOS/queue.o
 .debug_info    0x0000256a     0x1b0c FREERTOS/tasks.o
 .debug_info    0x00004076     0x102d FREERTOS/timers.o
 .debug_info    0x000050a3      0x1b2 MCAL/DIO/DIO_PROG.o
 .debug_info    0x00005255      0x20f MCAL/EXT/EXT_PROG.o
 .debug_info    0x00005464      0x224 MCAL/TIMER0/TIMER0_PROG.o
 .debug_info    0x00005688      0x1f2 MCAL/TIMER1/TIMER1_PROG.o
 .debug_info    0x0000587a      0x1e0 MCAL/UART/UART_PROG.o

.debug_abbrev   0x00000000     0x1593
 *(.debug_abbrev)
 .debug_abbrev  0x00000000      0x4a3 C:/Program Files (x86)/Atmel/Studio/7.0/Packs/atmel/ATmega_DFP/1.7.374/gcc/dev/atmega32/avr5/crtatmega32.o
 .debug_abbrev  0x000004a3       0x63 APP/main.o
 .debug_abbrev  0x00000506      0x117 APP/Sess35EVENTGROUP/TASKSOFTWARETIMERS/sess_PROG.o
 .debug_abbrev  0x0000061d      0x11c FREERTOS/heap_1.o
 .debug_abbrev  0x00000739       0xff FREERTOS/list.o
 .debug_abbrev  0x00000838      0x143 FREERTOS/port.o
 .debug_abbrev  0x0000097b      0x241 FREERTOS/queue.o
 .debug_abbrev  0x00000bbc      0x2a5 FREERTOS/tasks.o
 .debug_abbrev  0x00000e61      0x27f FREERTOS/timers.o
 .debug_abbrev  0x000010e0       0xe3 MCAL/DIO/DIO_PROG.o
 .debug_abbrev  0x000011c3       0xad MCAL/EXT/EXT_PROG.o
 .debug_abbrev  0x00001270       0xea MCAL/TIMER0/TIMER0_PROG.o
 .debug_abbrev  0x0000135a       0xea MCAL/TIMER1/TIMER1_PROG.o
 .debug_abbrev  0x00001444      0x14f MCAL/UART/UART_PROG.o

.debug_line     0x00000000     0x348c
 *(.debug_line .debug_line.* .debug_line_end)
 .debug_line    0x00000000      0x116 C:/Program Files (x86)/Atmel/Studio/7.0/Packs/atmel/ATmega_DFP/1.7.374/gcc/dev/atmega32/avr5/crtatmega32.o
 .debug_line    0x00000116       0x80 APP/main.o
 .debug_line    0x00000196      0x16e APP/Sess35EVENTGROUP/TASKSOFTWARETIMERS/sess_PROG.o
 .debug_line    0x00000304      0x1b4 FREERTOS/heap_1.o
 .debug_line    0x000004b8      0x1d7 FREERTOS/list.o
 .debug_line    0x0000068f      0x2a4 FREERTOS/port.o
 .debug_line    0x00000933      0xb4a FREERTOS/queue.o
 .debug_line    0x0000147d     0x1075 FREERTOS/tasks.o
 .debug_line    0x000024f2      0x61e FREERTOS/timers.o
 .debug_line    0x00002b10      0x1d5 MCAL/DIO/DIO_PROG.o
 .debug_line    0x00002ce5      0x1ac MCAL/EXT/EXT_PROG.o
 .debug_line    0x00002e91      0x280 MCAL/TIMER0/TIMER0_PROG.o
 .debug_line    0x00003111      0x20a MCAL/TIMER1/TIMER1_PROG.o
 .debug_line    0x0000331b      0x171 MCAL/UART/UART_PROG.o

.debug_frame    0x00000000     0x1274
 *(.debug_frame)
 .debug_frame   0x00000000       0x24 APP/main.o
 .debug_frame   0x00000024       0x44 APP/Sess35EVENTGROUP/TASKSOFTWARETIMERS/sess_PROG.o
 .debug_frame   0x00000068       0x60 FREERTOS/heap_1.o
 .debug_frame   0x000000c8       0x88 FREERTOS/list.o
 .debug_frame   0x00000150       0x84 FREERTOS/port.o
 .debug_frame   0x000001d4      0x330 FREERTOS/queue.o
 .debug_frame   0x00000504      0x560 FREERTOS/tasks.o
 .debug_frame   0x00000a64      0x2fc FREERTOS/timers.o
 .debug_frame   0x00000d60       0x6c MCAL/DIO/DIO_PROG.o
 .debug_frame   0x00000dcc      0x17c MCAL/EXT/EXT_PROG.o
 .debug_frame   0x00000f48      0x164 MCAL/TIMER0/TIMER0_PROG.o
 .debug_frame   0x000010ac       0xec MCAL/TIMER1/TIMER1_PROG.o
 .debug_frame   0x00001198       0xdc MCAL/UART/UART_PROG.o

.debug_str      0x00000000     0x1bc1
 *(.debug_str)
 .debug_str     0x00000000      0x196 C:/Program Files (x86)/Atmel/Studio/7.0/Packs/atmel/ATmega_DFP/1.7.374/gcc/dev/atmega32/avr5/crtatmega32.o
 .debug_str     0x00000196      0x187 APP/main.o
                                0x1c0 (size before relaxing)
 .debug_str     0x0000031d      0x13d APP/Sess35EVENTGROUP/TASKSOFTWARETIMERS/sess_PROG.o
                                0x2fb (size before relaxing)
 .debug_str     0x0000045a       0xbe FREERTOS/heap_1.o
                                0x23e (size before relaxing)
 .debug_str     0x00000518      0x13c FREERTOS/list.o
                                0x2cd (size before relaxing)
 .debug_str     0x00000654      0x11b FREERTOS/port.o
                                0x2c6 (size before relaxing)
 .debug_str     0x0000076f      0x559 FREERTOS/queue.o
                                0x846 (size before relaxing)
 .debug_str     0x00000cc8      0x763 FREERTOS/tasks.o
                                0xc95 (size before relaxing)
 .debug_str     0x0000142b      0x3e3 FREERTOS/timers.o
                                0x862 (size before relaxing)
 .debug_str     0x0000180e       0x53 MCAL/DIO/DIO_PROG.o
                                0x207 (size before relaxing)
 .debug_str     0x00001861       0xc5 MCAL/EXT/EXT_PROG.o
                                0x258 (size before relaxing)
 .debug_str     0x00001926      0x119 MCAL/TIMER0/TIMER0_PROG.o
                                0x2ac (size before relaxing)
 .debug_str     0x00001a3f       0xe0 MCAL/TIMER1/TIMER1_PROG.o
                                0x279 (size before relaxing)
 .debug_str     0x00001b1f       0xa2 MCAL/UART/UART_PROG.o
                                0x235 (size before relaxing)

.debug_loc      0x00000000     0x5a71
 *(.debug_loc)
 .debug_loc     0x00000000      0x10f FREERTOS/heap_1.o
 .debug_loc     0x0000010f      0x145 FREERTOS/list.o
 .debug_loc     0x00000254      0x2a0 FREERTOS/port.o
 .debug_loc     0x000004f4     0x1aab FREERTOS/queue.o
 .debug_loc     0x00001f9f     0x1ef7 FREERTOS/tasks.o
 .debug_loc     0x00003e96      0xf31 FREERTOS/timers.o
 .debug_loc     0x00004dc7      0x3f3 MCAL/DIO/DIO_PROG.o
 .debug_loc     0x000051ba      0x341 MCAL/EXT/EXT_PROG.o
 .debug_loc     0x000054fb      0x27f MCAL/TIMER0/TIMER0_PROG.o
 .debug_loc     0x0000577a      0x12b MCAL/TIMER1/TIMER1_PROG.o
 .debug_loc     0x000058a5      0x1cc MCAL/UART/UART_PROG.o

.debug_macinfo
 *(.debug_macinfo)

.debug_weaknames
 *(.debug_weaknames)

.debug_funcnames
 *(.debug_funcnames)

.debug_typenames
 *(.debug_typenames)

.debug_varnames
 *(.debug_varnames)

.debug_pubtypes
 *(.debug_pubtypes)

.debug_ranges   0x00000000      0x590
 *(.debug_ranges)
 .debug_ranges  0x00000000       0x10 APP/main.o
 .debug_ranges  0x00000010       0x20 APP/Sess35EVENTGROUP/TASKSOFTWARETIMERS/sess_PROG.o
 .debug_ranges  0x00000030       0x28 FREERTOS/heap_1.o
 .debug_ranges  0x00000058       0x30 FREERTOS/list.o
 .debug_ranges  0x00000088       0x40 FREERTOS/port.o
 .debug_ranges  0x000000c8      0x110 FREERTOS/queue.o
 .debug_ranges  0x000001d8      0x178 FREERTOS/tasks.o
 .debug_ranges  0x00000350       0xc8 FREERTOS/timers.o
 .debug_ranges  0x00000418       0x30 MCAL/DIO/DIO_PROG.o
 .debug_ranges  0x00000448       0x50 MCAL/EXT/EXT_PROG.o
 .debug_ranges  0x00000498       0x68 MCAL/TIMER0/TIMER0_PROG.o
 .debug_ranges  0x00000500       0x50 MCAL/TIMER1/TIMER1_PROG.o
 .debug_ranges  0x00000550       0x40 MCAL/UART/UART_PROG.o

.debug_macro
 *(.debug_macro)
OUTPUT(code.elf elf32-avr)
LOAD linker stubs
