Archive member included to satisfy reference by file (symbol)

c:/program files (x86)/atmel/studio/7.0/toolchain/avr8/avr8-gnu-toolchain/bin/../lib/gcc/avr/5.4.0/../../../../avr/lib/avr5\libm.a(addsf3.o)
                              HAL/LCD/LCD_PROG.o (__subsf3)
c:/program files (x86)/atmel/studio/7.0/toolchain/avr8/avr8-gnu-toolchain/bin/../lib/gcc/avr/5.4.0/../../../../avr/lib/avr5\libm.a(addsf3x.o)
                              c:/program files (x86)/atmel/studio/7.0/toolchain/avr8/avr8-gnu-toolchain/bin/../lib/gcc/avr/5.4.0/../../../../avr/lib/avr5\libm.a(addsf3.o) (__addsf3x)
c:/program files (x86)/atmel/studio/7.0/toolchain/avr8/avr8-gnu-toolchain/bin/../lib/gcc/avr/5.4.0/../../../../avr/lib/avr5\libm.a(fixsfsi.o)
                              HAL/LCD/LCD_PROG.o (__fixsfsi)
c:/program files (x86)/atmel/studio/7.0/toolchain/avr8/avr8-gnu-toolchain/bin/../lib/gcc/avr/5.4.0/../../../../avr/lib/avr5\libm.a(fixunssfsi.o)
                              HAL/LCD/LCD_PROG.o (__fixunssfsi)
c:/program files (x86)/atmel/studio/7.0/toolchain/avr8/avr8-gnu-toolchain/bin/../lib/gcc/avr/5.4.0/../../../../avr/lib/avr5\libm.a(floatsisf.o)
                              HAL/LCD/LCD_PROG.o (__floatunsisf)
c:/program files (x86)/atmel/studio/7.0/toolchain/avr8/avr8-gnu-toolchain/bin/../lib/gcc/avr/5.4.0/../../../../avr/lib/avr5\libm.a(fp_inf.o)
                              c:/program files (x86)/atmel/studio/7.0/toolchain/avr8/avr8-gnu-toolchain/bin/../lib/gcc/avr/5.4.0/../../../../avr/lib/avr5\libm.a(addsf3x.o) (__fp_inf)
c:/program files (x86)/atmel/studio/7.0/toolchain/avr8/avr8-gnu-toolchain/bin/../lib/gcc/avr/5.4.0/../../../../avr/lib/avr5\libm.a(fp_nan.o)
                              c:/program files (x86)/atmel/studio/7.0/toolchain/avr8/avr8-gnu-toolchain/bin/../lib/gcc/avr/5.4.0/../../../../avr/lib/avr5\libm.a(addsf3x.o) (__fp_nan)
c:/program files (x86)/atmel/studio/7.0/toolchain/avr8/avr8-gnu-toolchain/bin/../lib/gcc/avr/5.4.0/../../../../avr/lib/avr5\libm.a(fp_pscA.o)
                              c:/program files (x86)/atmel/studio/7.0/toolchain/avr8/avr8-gnu-toolchain/bin/../lib/gcc/avr/5.4.0/../../../../avr/lib/avr5\libm.a(addsf3x.o) (__fp_pscA)
c:/program files (x86)/atmel/studio/7.0/toolchain/avr8/avr8-gnu-toolchain/bin/../lib/gcc/avr/5.4.0/../../../../avr/lib/avr5\libm.a(fp_pscB.o)
                              c:/program files (x86)/atmel/studio/7.0/toolchain/avr8/avr8-gnu-toolchain/bin/../lib/gcc/avr/5.4.0/../../../../avr/lib/avr5\libm.a(addsf3x.o) (__fp_pscB)
c:/program files (x86)/atmel/studio/7.0/toolchain/avr8/avr8-gnu-toolchain/bin/../lib/gcc/avr/5.4.0/../../../../avr/lib/avr5\libm.a(fp_round.o)
                              c:/program files (x86)/atmel/studio/7.0/toolchain/avr8/avr8-gnu-toolchain/bin/../lib/gcc/avr/5.4.0/../../../../avr/lib/avr5\libm.a(addsf3.o) (__fp_round)
c:/program files (x86)/atmel/studio/7.0/toolchain/avr8/avr8-gnu-toolchain/bin/../lib/gcc/avr/5.4.0/../../../../avr/lib/avr5\libm.a(fp_split3.o)
                              c:/program files (x86)/atmel/studio/7.0/toolchain/avr8/avr8-gnu-toolchain/bin/../lib/gcc/avr/5.4.0/../../../../avr/lib/avr5\libm.a(addsf3x.o) (__fp_split3)
c:/program files (x86)/atmel/studio/7.0/toolchain/avr8/avr8-gnu-toolchain/bin/../lib/gcc/avr/5.4.0/../../../../avr/lib/avr5\libm.a(fp_zero.o)
                              c:/program files (x86)/atmel/studio/7.0/toolchain/avr8/avr8-gnu-toolchain/bin/../lib/gcc/avr/5.4.0/../../../../avr/lib/avr5\libm.a(addsf3x.o) (__fp_zero)
c:/program files (x86)/atmel/studio/7.0/toolchain/avr8/avr8-gnu-toolchain/bin/../lib/gcc/avr/5.4.0/../../../../avr/lib/avr5\libm.a(mulsf3.o)
                              HAL/LCD/LCD_PROG.o (__mulsf3)
c:/program files (x86)/atmel/studio/7.0/toolchain/avr8/avr8-gnu-toolchain/bin/../lib/gcc/avr/5.4.0/../../../../avr/lib/avr5\libm.a(mulsf3x.o)
                              c:/program files (x86)/atmel/studio/7.0/toolchain/avr8/avr8-gnu-toolchain/bin/../lib/gcc/avr/5.4.0/../../../../avr/lib/avr5\libm.a(mulsf3.o) (__mulsf3x)
c:/program files (x86)/atmel/studio/7.0/toolchain/avr8/avr8-gnu-toolchain/bin/../lib/gcc/avr/5.4.0/avr5\libgcc.a(_udivmodhi4.o)
                              RTOS/RTOS.o (__udivmodhi4)
c:/program files (x86)/atmel/studio/7.0/toolchain/avr8/avr8-gnu-toolchain/bin/../lib/gcc/avr/5.4.0/avr5\libgcc.a(_divmodhi4.o)
                              HAL/LCD/LCD_PROG.o (__divmodhi4)
c:/program files (x86)/atmel/studio/7.0/toolchain/avr8/avr8-gnu-toolchain/bin/../lib/gcc/avr/5.4.0/avr5\libgcc.a(_divmodsi4.o)
                              MCAL/TIMER1/TIMER1_PROG.o (__divmodsi4)
c:/program files (x86)/atmel/studio/7.0/toolchain/avr8/avr8-gnu-toolchain/bin/../lib/gcc/avr/5.4.0/avr5\libgcc.a(_negsi2.o)
                              c:/program files (x86)/atmel/studio/7.0/toolchain/avr8/avr8-gnu-toolchain/bin/../lib/gcc/avr/5.4.0/avr5\libgcc.a(_divmodsi4.o) (__negsi2)
c:/program files (x86)/atmel/studio/7.0/toolchain/avr8/avr8-gnu-toolchain/bin/../lib/gcc/avr/5.4.0/avr5\libgcc.a(_exit.o)
                              C:/Program Files (x86)/Atmel/Studio/7.0/Packs/atmel/ATmega_DFP/1.7.374/gcc/dev/atmega32/avr5/crtatmega32.o (exit)
c:/program files (x86)/atmel/studio/7.0/toolchain/avr8/avr8-gnu-toolchain/bin/../lib/gcc/avr/5.4.0/avr5\libgcc.a(_tablejump2.o)
                              MCAL/WDT/WDT_PROG.o (__tablejump2__)
c:/program files (x86)/atmel/studio/7.0/toolchain/avr8/avr8-gnu-toolchain/bin/../lib/gcc/avr/5.4.0/avr5\libgcc.a(_clear_bss.o)
                              MCAL/EXT/EXT_PROG.o (__do_clear_bss)
c:/program files (x86)/atmel/studio/7.0/toolchain/avr8/avr8-gnu-toolchain/bin/../lib/gcc/avr/5.4.0/avr5\libgcc.a(_udivmodsi4.o)
                              c:/program files (x86)/atmel/studio/7.0/toolchain/avr8/avr8-gnu-toolchain/bin/../lib/gcc/avr/5.4.0/avr5\libgcc.a(_divmodsi4.o) (__udivmodsi4)

Allocating common symbols
Common symbol       size              file

TIMER0_CTCFunc      0x2               MCAL/TIMER0/TIMER0_PROG.o
EXT_int1Func        0x2               MCAL/EXT/EXT_PROG.o
UART_INTFunc        0x2               MCAL/UART/UART_PROG.o
EXT_int2Func        0x2               MCAL/EXT/EXT_PROG.o
EXT_int0Func        0x2               MCAL/EXT/EXT_PROG.o
arrTasks            0xc               RTOS/RTOS.o
TIMER0_OvFunc       0x2               MCAL/TIMER0/TIMER0_PROG.o
TIMER1_IcuFunc      0x2               MCAL/TIMER1/TIMER1_PROG.o

Discarded input sections

 .data          0x00000000        0x0 C:/Program Files (x86)/Atmel/Studio/7.0/Packs/atmel/ATmega_DFP/1.7.374/gcc/dev/atmega32/avr5/crtatmega32.o
 .bss           0x00000000        0x0 C:/Program Files (x86)/Atmel/Studio/7.0/Packs/atmel/ATmega_DFP/1.7.374/gcc/dev/atmega32/avr5/crtatmega32.o
 .text          0x00000000        0x0 APP/main.o
 .data          0x00000000        0x0 APP/main.o
 .bss           0x00000000        0x0 APP/main.o
 .text          0x00000000        0x0 APP/Sess16/ASG1/ASS_PROG.o
 .data          0x00000000        0x0 APP/Sess16/ASG1/ASS_PROG.o
 .bss           0x00000000        0x0 APP/Sess16/ASG1/ASS_PROG.o
 .debug_line    0x00000000        0x0 APP/Sess16/ASG1/ASS_PROG.o
 .debug_str     0x00000000      0x120 APP/Sess16/ASG1/ASS_PROG.o
 .comment       0x00000000       0x31 APP/Sess16/ASG1/ASS_PROG.o
 .text          0x00000000        0x0 APP/Sess16/ses.o
 .data          0x00000000        0x0 APP/Sess16/ses.o
 .bss           0x00000000        0x0 APP/Sess16/ses.o
 .debug_line    0x00000000        0x0 APP/Sess16/ses.o
 .debug_str     0x00000000      0x116 APP/Sess16/ses.o
 .comment       0x00000000       0x31 APP/Sess16/ses.o
 .text          0x00000000        0x0 APP/Sess16/Task/ses.o
 .data          0x00000000        0x0 APP/Sess16/Task/ses.o
 .bss           0x00000000        0x0 APP/Sess16/Task/ses.o
 .debug_line    0x00000000        0x0 APP/Sess16/Task/ses.o
 .debug_str     0x00000000      0x11b APP/Sess16/Task/ses.o
 .comment       0x00000000       0x31 APP/Sess16/Task/ses.o
 .text          0x00000000        0x0 APP/Sess17/ses.o
 .data          0x00000000        0x0 APP/Sess17/ses.o
 .bss           0x00000000        0x0 APP/Sess17/ses.o
 .debug_line    0x00000000        0x0 APP/Sess17/ses.o
 .debug_str     0x00000000      0x116 APP/Sess17/ses.o
 .comment       0x00000000       0x31 APP/Sess17/ses.o
 .text          0x00000000        0x0 APP/Sess18/ASG2/ASS_PROG.o
 .data          0x00000000        0x0 APP/Sess18/ASG2/ASS_PROG.o
 .bss           0x00000000        0x0 APP/Sess18/ASG2/ASS_PROG.o
 .debug_line    0x00000000        0x0 APP/Sess18/ASG2/ASS_PROG.o
 .debug_str     0x00000000      0x120 APP/Sess18/ASG2/ASS_PROG.o
 .comment       0x00000000       0x31 APP/Sess18/ASG2/ASS_PROG.o
 .text          0x00000000        0x0 APP/Sess18/ses.o
 .data          0x00000000        0x0 APP/Sess18/ses.o
 .bss           0x00000000        0x0 APP/Sess18/ses.o
 .debug_line    0x00000000        0x0 APP/Sess18/ses.o
 .debug_str     0x00000000      0x116 APP/Sess18/ses.o
 .comment       0x00000000       0x31 APP/Sess18/ses.o
 .text          0x00000000        0x0 APP/Sess18/TASKNEWCHARACTER/NEWCHARACTER_PROG.o
 .data          0x00000000        0x0 APP/Sess18/TASKNEWCHARACTER/NEWCHARACTER_PROG.o
 .bss           0x00000000        0x0 APP/Sess18/TASKNEWCHARACTER/NEWCHARACTER_PROG.o
 .debug_line    0x00000000        0x0 APP/Sess18/TASKNEWCHARACTER/NEWCHARACTER_PROG.o
 .debug_str     0x00000000      0x135 APP/Sess18/TASKNEWCHARACTER/NEWCHARACTER_PROG.o
 .comment       0x00000000       0x31 APP/Sess18/TASKNEWCHARACTER/NEWCHARACTER_PROG.o
 .text          0x00000000        0x0 APP/Sess19/sess_PROG.o
 .data          0x00000000        0x0 APP/Sess19/sess_PROG.o
 .bss           0x00000000        0x0 APP/Sess19/sess_PROG.o
 .debug_line    0x00000000        0x0 APP/Sess19/sess_PROG.o
 .debug_str     0x00000000      0x11c APP/Sess19/sess_PROG.o
 .comment       0x00000000       0x31 APP/Sess19/sess_PROG.o
 .text          0x00000000        0x0 APP/Sess19/TASKCALC/CALC_PROG.o
 .data          0x00000000        0x0 APP/Sess19/TASKCALC/CALC_PROG.o
 .bss           0x00000000        0x0 APP/Sess19/TASKCALC/CALC_PROG.o
 .debug_line    0x00000000        0x0 APP/Sess19/TASKCALC/CALC_PROG.o
 .debug_str     0x00000000      0x125 APP/Sess19/TASKCALC/CALC_PROG.o
 .comment       0x00000000       0x31 APP/Sess19/TASKCALC/CALC_PROG.o
 .text          0x00000000        0x0 APP/Sess19/TASKLOGINSYSTEM/LOG_PROG.o
 .data          0x00000000        0x0 APP/Sess19/TASKLOGINSYSTEM/LOG_PROG.o
 .bss           0x00000000        0x0 APP/Sess19/TASKLOGINSYSTEM/LOG_PROG.o
 .debug_line    0x00000000        0x0 APP/Sess19/TASKLOGINSYSTEM/LOG_PROG.o
 .debug_str     0x00000000      0x12b APP/Sess19/TASKLOGINSYSTEM/LOG_PROG.o
 .comment       0x00000000       0x31 APP/Sess19/TASKLOGINSYSTEM/LOG_PROG.o
 .text          0x00000000        0x0 APP/Sess20/sess_PROG.o
 .data          0x00000000        0x0 APP/Sess20/sess_PROG.o
 .bss           0x00000000        0x0 APP/Sess20/sess_PROG.o
 .debug_line    0x00000000        0x0 APP/Sess20/sess_PROG.o
 .debug_str     0x00000000      0x11c APP/Sess20/sess_PROG.o
 .comment       0x00000000       0x31 APP/Sess20/sess_PROG.o
 .text          0x00000000        0x0 APP/Sess22TI1/SESSTI1_PROG.o
 .data          0x00000000        0x0 APP/Sess22TI1/SESSTI1_PROG.o
 .bss           0x00000000        0x0 APP/Sess22TI1/SESSTI1_PROG.o
 .debug_line    0x00000000        0x0 APP/Sess22TI1/SESSTI1_PROG.o
 .debug_str     0x00000000      0x122 APP/Sess22TI1/SESSTI1_PROG.o
 .comment       0x00000000       0x31 APP/Sess22TI1/SESSTI1_PROG.o
 .text          0x00000000        0x0 APP/Sess21/SESS_PROG.o
 .data          0x00000000        0x0 APP/Sess21/SESS_PROG.o
 .bss           0x00000000        0x0 APP/Sess21/SESS_PROG.o
 .debug_line    0x00000000        0x0 APP/Sess21/SESS_PROG.o
 .debug_str     0x00000000      0x11c APP/Sess21/SESS_PROG.o
 .comment       0x00000000       0x31 APP/Sess21/SESS_PROG.o
 .text          0x00000000        0x0 APP/Sess21/TASK/TASK_PROG.o
 .data          0x00000000        0x0 APP/Sess21/TASK/TASK_PROG.o
 .bss           0x00000000        0x0 APP/Sess21/TASK/TASK_PROG.o
 .debug_line    0x00000000        0x0 APP/Sess21/TASK/TASK_PROG.o
 .debug_str     0x00000000      0x121 APP/Sess21/TASK/TASK_PROG.o
 .comment       0x00000000       0x31 APP/Sess21/TASK/TASK_PROG.o
 .text          0x00000000        0x0 APP/Sess22TI1/TASKCOUNTER/TASKCOUNTER_PROG.o
 .data          0x00000000        0x0 APP/Sess22TI1/TASKCOUNTER/TASKCOUNTER_PROG.o
 .bss           0x00000000        0x0 APP/Sess22TI1/TASKCOUNTER/TASKCOUNTER_PROG.o
 .debug_line    0x00000000        0x0 APP/Sess22TI1/TASKCOUNTER/TASKCOUNTER_PROG.o
 .debug_str     0x00000000      0x132 APP/Sess22TI1/TASKCOUNTER/TASKCOUNTER_PROG.o
 .comment       0x00000000       0x31 APP/Sess22TI1/TASKCOUNTER/TASKCOUNTER_PROG.o
 .text          0x00000000        0x0 APP/Sess23CTC/PWM/PWM_PROG.o
 .data          0x00000000        0x0 APP/Sess23CTC/PWM/PWM_PROG.o
 .bss           0x00000000        0x0 APP/Sess23CTC/PWM/PWM_PROG.o
 .debug_line    0x00000000        0x0 APP/Sess23CTC/PWM/PWM_PROG.o
 .debug_str     0x00000000      0x122 APP/Sess23CTC/PWM/PWM_PROG.o
 .comment       0x00000000       0x31 APP/Sess23CTC/PWM/PWM_PROG.o
 .text          0x00000000        0x0 APP/Sess23CTC/sess_PROG.o
 .data          0x00000000        0x0 APP/Sess23CTC/sess_PROG.o
 .bss           0x00000000        0x0 APP/Sess23CTC/sess_PROG.o
 .debug_line    0x00000000        0x0 APP/Sess23CTC/sess_PROG.o
 .debug_str     0x00000000      0x11f APP/Sess23CTC/sess_PROG.o
 .comment       0x00000000       0x31 APP/Sess23CTC/sess_PROG.o
 .text          0x00000000        0x0 APP/Sess24MOTOR/SERVO/SERVO_PROG.o
 .data          0x00000000        0x0 APP/Sess24MOTOR/SERVO/SERVO_PROG.o
 .bss           0x00000000        0x0 APP/Sess24MOTOR/SERVO/SERVO_PROG.o
 .debug_line    0x00000000        0x0 APP/Sess24MOTOR/SERVO/SERVO_PROG.o
 .debug_str     0x00000000      0x128 APP/Sess24MOTOR/SERVO/SERVO_PROG.o
 .comment       0x00000000       0x31 APP/Sess24MOTOR/SERVO/SERVO_PROG.o
 .text          0x00000000        0x0 APP/Sess24MOTOR/sess_PROG.o
 .data          0x00000000        0x0 APP/Sess24MOTOR/sess_PROG.o
 .bss           0x00000000        0x0 APP/Sess24MOTOR/sess_PROG.o
 .debug_line    0x00000000        0x0 APP/Sess24MOTOR/sess_PROG.o
 .debug_str     0x00000000      0x121 APP/Sess24MOTOR/sess_PROG.o
 .comment       0x00000000       0x31 APP/Sess24MOTOR/sess_PROG.o
 .text          0x00000000        0x0 APP/Sess25WDT/sess_PROG.o
 .data          0x00000000        0x0 APP/Sess25WDT/sess_PROG.o
 .bss           0x00000000        0x0 APP/Sess25WDT/sess_PROG.o
 .debug_line    0x00000000        0x0 APP/Sess25WDT/sess_PROG.o
 .debug_str     0x00000000      0x11f APP/Sess25WDT/sess_PROG.o
 .comment       0x00000000       0x31 APP/Sess25WDT/sess_PROG.o
 .text          0x00000000        0x0 APP/Sess25WDT/TaskULTRASONIC/ULTRA_PROG.o
 .data          0x00000000        0x0 APP/Sess25WDT/TaskULTRASONIC/ULTRA_PROG.o
 .bss           0x00000000        0x0 APP/Sess25WDT/TaskULTRASONIC/ULTRA_PROG.o
 .debug_line    0x00000000        0x0 APP/Sess25WDT/TaskULTRASONIC/ULTRA_PROG.o
 .debug_str     0x00000000      0x12f APP/Sess25WDT/TaskULTRASONIC/ULTRA_PROG.o
 .comment       0x00000000       0x31 APP/Sess25WDT/TaskULTRASONIC/ULTRA_PROG.o
 .text          0x00000000        0x0 APP/Sess26UART/sess_PROG.o
 .data          0x00000000        0x0 APP/Sess26UART/sess_PROG.o
 .bss           0x00000000        0x0 APP/Sess26UART/sess_PROG.o
 .debug_line    0x00000000        0x0 APP/Sess26UART/sess_PROG.o
 .debug_str     0x00000000      0x120 APP/Sess26UART/sess_PROG.o
 .comment       0x00000000       0x31 APP/Sess26UART/sess_PROG.o
 .text          0x00000000        0x0 APP/Sess26UART/TASKKPDUART/TASKKPDUART_PROG.o
 .data          0x00000000        0x0 APP/Sess26UART/TASKKPDUART/TASKKPDUART_PROG.o
 .bss           0x00000000        0x0 APP/Sess26UART/TASKKPDUART/TASKKPDUART_PROG.o
 .debug_line    0x00000000        0x0 APP/Sess26UART/TASKKPDUART/TASKKPDUART_PROG.o
 .debug_str     0x00000000      0x133 APP/Sess26UART/TASKKPDUART/TASKKPDUART_PROG.o
 .comment       0x00000000       0x31 APP/Sess26UART/TASKKPDUART/TASKKPDUART_PROG.o
 .text          0x00000000        0x0 APP/Sess27SPI/BLUTOTH/sess_PROG.o
 .data          0x00000000        0x0 APP/Sess27SPI/BLUTOTH/sess_PROG.o
 .bss           0x00000000        0x0 APP/Sess27SPI/BLUTOTH/sess_PROG.o
 .debug_line    0x00000000        0x0 APP/Sess27SPI/BLUTOTH/sess_PROG.o
 .debug_str     0x00000000      0x127 APP/Sess27SPI/BLUTOTH/sess_PROG.o
 .comment       0x00000000       0x31 APP/Sess27SPI/BLUTOTH/sess_PROG.o
 .text          0x00000000        0x0 APP/Sess27SPI/sess_PROG.o
 .data          0x00000000        0x0 APP/Sess27SPI/sess_PROG.o
 .bss           0x00000000        0x0 APP/Sess27SPI/sess_PROG.o
 .debug_line    0x00000000        0x0 APP/Sess27SPI/sess_PROG.o
 .debug_str     0x00000000      0x11f APP/Sess27SPI/sess_PROG.o
 .comment       0x00000000       0x31 APP/Sess27SPI/sess_PROG.o
 .text          0x00000000        0x0 APP/Sess28I2C/sess_PROG.o
 .data          0x00000000        0x0 APP/Sess28I2C/sess_PROG.o
 .bss           0x00000000        0x0 APP/Sess28I2C/sess_PROG.o
 .debug_line    0x00000000        0x0 APP/Sess28I2C/sess_PROG.o
 .debug_str     0x00000000      0x11f APP/Sess28I2C/sess_PROG.o
 .comment       0x00000000       0x31 APP/Sess28I2C/sess_PROG.o
 .text          0x00000000        0x0 APP/Sess29EEPROM/sess_PROG.o
 .data          0x00000000        0x0 APP/Sess29EEPROM/sess_PROG.o
 .bss           0x00000000        0x0 APP/Sess29EEPROM/sess_PROG.o
 .debug_line    0x00000000        0x0 APP/Sess29EEPROM/sess_PROG.o
 .debug_str     0x00000000      0x122 APP/Sess29EEPROM/sess_PROG.o
 .comment       0x00000000       0x31 APP/Sess29EEPROM/sess_PROG.o
 .text          0x00000000        0x0 APP/Sess29EEPROM/TASKEEPROMPASS/TASKEEPROMPASS_PROG.o
 .data          0x00000000        0x0 APP/Sess29EEPROM/TASKEEPROMPASS/TASKEEPROMPASS_PROG.o
 .bss           0x00000000        0x0 APP/Sess29EEPROM/TASKEEPROMPASS/TASKEEPROMPASS_PROG.o
 .debug_line    0x00000000        0x0 APP/Sess29EEPROM/TASKEEPROMPASS/TASKEEPROMPASS_PROG.o
 .debug_str     0x00000000      0x13b APP/Sess29EEPROM/TASKEEPROMPASS/TASKEEPROMPASS_PROG.o
 .comment       0x00000000       0x31 APP/Sess29EEPROM/TASKEEPROMPASS/TASKEEPROMPASS_PROG.o
 .text          0x00000000        0x0 APP/Sess32/sess_PROG.o
 .data          0x00000000        0x0 APP/Sess32/sess_PROG.o
 .bss           0x00000000        0x0 APP/Sess32/sess_PROG.o
 .text          0x00000000        0x0 APP/Sess32/TTL/sess_PROG.o
 .data          0x00000000        0x0 APP/Sess32/TTL/sess_PROG.o
 .bss           0x00000000        0x0 APP/Sess32/TTL/sess_PROG.o
 .debug_line    0x00000000        0x0 APP/Sess32/TTL/sess_PROG.o
 .debug_str     0x00000000      0x120 APP/Sess32/TTL/sess_PROG.o
 .comment       0x00000000       0x31 APP/Sess32/TTL/sess_PROG.o
 .text          0x00000000        0x0 HAL/7seg/SS_PROG.o
 .data          0x00000000        0x0 HAL/7seg/SS_PROG.o
 .bss           0x00000000        0x0 HAL/7seg/SS_PROG.o
 .text.SS_init  0x00000000       0x32 HAL/7seg/SS_PROG.o
 .text.SS_writeNum
                0x00000000       0xc0 HAL/7seg/SS_PROG.o
 .debug_info    0x00000000      0x382 HAL/7seg/SS_PROG.o
 .debug_abbrev  0x00000000      0x134 HAL/7seg/SS_PROG.o
 .debug_loc     0x00000000      0x1b6 HAL/7seg/SS_PROG.o
 .debug_aranges
                0x00000000       0x28 HAL/7seg/SS_PROG.o
 .debug_ranges  0x00000000       0x18 HAL/7seg/SS_PROG.o
 .debug_line    0x00000000      0x1e0 HAL/7seg/SS_PROG.o
 .debug_str     0x00000000      0x229 HAL/7seg/SS_PROG.o
 .comment       0x00000000       0x31 HAL/7seg/SS_PROG.o
 .debug_frame   0x00000000       0x44 HAL/7seg/SS_PROG.o
 .text          0x00000000        0x0 HAL/EEPROM/EEPROM_PROG.o
 .data          0x00000000        0x0 HAL/EEPROM/EEPROM_PROG.o
 .bss           0x00000000        0x0 HAL/EEPROM/EEPROM_PROG.o
 .text.EEPROM_Init
                0x00000000        0x8 HAL/EEPROM/EEPROM_PROG.o
 .text.EEPROM_SendByte
                0x00000000       0x44 HAL/EEPROM/EEPROM_PROG.o
 .text.EEPROM_ReadByteNACK
                0x00000000       0x62 HAL/EEPROM/EEPROM_PROG.o
 .debug_info    0x00000000      0x182 HAL/EEPROM/EEPROM_PROG.o
 .debug_abbrev  0x00000000       0xe4 HAL/EEPROM/EEPROM_PROG.o
 .debug_loc     0x00000000       0xf2 HAL/EEPROM/EEPROM_PROG.o
 .debug_aranges
                0x00000000       0x30 HAL/EEPROM/EEPROM_PROG.o
 .debug_ranges  0x00000000       0x20 HAL/EEPROM/EEPROM_PROG.o
 .debug_line    0x00000000      0x192 HAL/EEPROM/EEPROM_PROG.o
 .debug_str     0x00000000      0x211 HAL/EEPROM/EEPROM_PROG.o
 .comment       0x00000000       0x31 HAL/EEPROM/EEPROM_PROG.o
 .debug_frame   0x00000000       0x44 HAL/EEPROM/EEPROM_PROG.o
 .text          0x00000000        0x0 HAL/KPD/KPD_PROG.o
 .data          0x00000000        0x0 HAL/KPD/KPD_PROG.o
 .bss           0x00000000        0x0 HAL/KPD/KPD_PROG.o
 .text.KPD_init
                0x00000000       0x5a HAL/KPD/KPD_PROG.o
 .text.KPD_read
                0x00000000      0x17a HAL/KPD/KPD_PROG.o
 .debug_info    0x00000000      0x4a8 HAL/KPD/KPD_PROG.o
 .debug_abbrev  0x00000000       0xa1 HAL/KPD/KPD_PROG.o
 .debug_aranges
                0x00000000       0x28 HAL/KPD/KPD_PROG.o
 .debug_ranges  0x00000000       0x18 HAL/KPD/KPD_PROG.o
 .debug_line    0x00000000      0x1f7 HAL/KPD/KPD_PROG.o
 .debug_str     0x00000000      0x1f8 HAL/KPD/KPD_PROG.o
 .comment       0x00000000       0x31 HAL/KPD/KPD_PROG.o
 .debug_frame   0x00000000       0x34 HAL/KPD/KPD_PROG.o
 .text          0x00000000        0x0 HAL/LCD/LCD_PROG.o
 .data          0x00000000        0x0 HAL/LCD/LCD_PROG.o
 .bss           0x00000000        0x0 HAL/LCD/LCD_PROG.o
 .text.LCD_Instruction
                0x00000000       0x2c HAL/LCD/LCD_PROG.o
 .text.LCD_pulse
                0x00000000       0x1e HAL/LCD/LCD_PROG.o
 .text.LCD_sendData
                0x00000000       0x76 HAL/LCD/LCD_PROG.o
 .text.LCD_sendCmd
                0x00000000       0x76 HAL/LCD/LCD_PROG.o
 .text.LCD_init
                0x00000000       0x8e HAL/LCD/LCD_PROG.o
 .text.LCD_clearDis
                0x00000000        0x8 HAL/LCD/LCD_PROG.o
 .text.LCD_GoTo
                0x00000000       0x18 HAL/LCD/LCD_PROG.o
 .text.LCD_CreateNewCharacter
                0x00000000       0x46 HAL/LCD/LCD_PROG.o
 .text.LCD_Shift
                0x00000000       0x18 HAL/LCD/LCD_PROG.o
 .text.LCD_sendStr
                0x00000000       0x26 HAL/LCD/LCD_PROG.o
 .text.LCD_sendNum
                0x00000000       0x98 HAL/LCD/LCD_PROG.o
 .text.LCD_sendFloatNum
                0x00000000       0x58 HAL/LCD/LCD_PROG.o
 .text.LCD_SendNewCharacter
                0x00000000        0x6 HAL/LCD/LCD_PROG.o
 .debug_info    0x00000000      0x93e HAL/LCD/LCD_PROG.o
 .debug_abbrev  0x00000000      0x1ac HAL/LCD/LCD_PROG.o
 .debug_loc     0x00000000      0x5e2 HAL/LCD/LCD_PROG.o
 .debug_aranges
                0x00000000       0x80 HAL/LCD/LCD_PROG.o
 .debug_ranges  0x00000000       0x70 HAL/LCD/LCD_PROG.o
 .debug_line    0x00000000      0x45c HAL/LCD/LCD_PROG.o
 .debug_str     0x00000000      0x30b HAL/LCD/LCD_PROG.o
 .comment       0x00000000       0x31 HAL/LCD/LCD_PROG.o
 .debug_frame   0x00000000      0x148 HAL/LCD/LCD_PROG.o
 .text          0x00000000        0x0 MCAL/ADC/ADC_PROG.o
 .data          0x00000000        0x0 MCAL/ADC/ADC_PROG.o
 .bss           0x00000000        0x0 MCAL/ADC/ADC_PROG.o
 .text.ADC_init
                0x00000000       0x26 MCAL/ADC/ADC_PROG.o
 .text.ADC_read
                0x00000000       0x56 MCAL/ADC/ADC_PROG.o
 .text.ADC_convertAnalog
                0x00000000       0x18 MCAL/ADC/ADC_PROG.o
 .debug_info    0x00000000      0x10b MCAL/ADC/ADC_PROG.o
 .debug_abbrev  0x00000000       0x94 MCAL/ADC/ADC_PROG.o
 .debug_loc     0x00000000       0x70 MCAL/ADC/ADC_PROG.o
 .debug_aranges
                0x00000000       0x30 MCAL/ADC/ADC_PROG.o
 .debug_ranges  0x00000000       0x20 MCAL/ADC/ADC_PROG.o
 .debug_line    0x00000000      0x10e MCAL/ADC/ADC_PROG.o
 .debug_str     0x00000000      0x1e1 MCAL/ADC/ADC_PROG.o
 .comment       0x00000000       0x31 MCAL/ADC/ADC_PROG.o
 .debug_frame   0x00000000       0x44 MCAL/ADC/ADC_PROG.o
 .text          0x00000000        0x0 MCAL/DIO/DIO_PROG.o
 .data          0x00000000        0x0 MCAL/DIO/DIO_PROG.o
 .bss           0x00000000        0x0 MCAL/DIO/DIO_PROG.o
 .text.DIO_setPullUp
                0x00000000        0x8 MCAL/DIO/DIO_PROG.o
 .text          0x00000000        0x0 MCAL/EXT/EXT_PROG.o
 .data          0x00000000        0x0 MCAL/EXT/EXT_PROG.o
 .bss           0x00000000        0x0 MCAL/EXT/EXT_PROG.o
 .text.EXT_int0Int
                0x00000000       0x3c MCAL/EXT/EXT_PROG.o
 .text.EXT_int1Int
                0x00000000       0x3c MCAL/EXT/EXT_PROG.o
 .text.EXT_int2Int
                0x00000000       0x1e MCAL/EXT/EXT_PROG.o
 .text.EXT_setcallbackInt0
                0x00000000        0xa MCAL/EXT/EXT_PROG.o
 .text.EXT_setcallbackInt1
                0x00000000        0xa MCAL/EXT/EXT_PROG.o
 .text.EXT_setcallbackInt2
                0x00000000        0xa MCAL/EXT/EXT_PROG.o
 .text          0x00000000        0x0 MCAL/GI/GI_PROG.o
 .data          0x00000000        0x0 MCAL/GI/GI_PROG.o
 .bss           0x00000000        0x0 MCAL/GI/GI_PROG.o
 .text.GI_desable
                0x00000000        0x8 MCAL/GI/GI_PROG.o
 .text          0x00000000        0x0 MCAL/I2C/I2C_PROG.o
 .data          0x00000000        0x0 MCAL/I2C/I2C_PROG.o
 .bss           0x00000000        0x0 MCAL/I2C/I2C_PROG.o
 .text.I2C_init
                0x00000000       0x18 MCAL/I2C/I2C_PROG.o
 .text.I2C_sendByte
                0x00000000       0x2a MCAL/I2C/I2C_PROG.o
 .text.I2C_receiveByteACK
                0x00000000       0x2e MCAL/I2C/I2C_PROG.o
 .text.I2C_receiveByteNACK
                0x00000000       0x2e MCAL/I2C/I2C_PROG.o
 .text.I2C_SlaveReceiveByte
                0x00000000       0x12 MCAL/I2C/I2C_PROG.o
 .debug_info    0x00000000      0x1db MCAL/I2C/I2C_PROG.o
 .debug_abbrev  0x00000000       0xc8 MCAL/I2C/I2C_PROG.o
 .debug_loc     0x00000000      0x101 MCAL/I2C/I2C_PROG.o
 .debug_aranges
                0x00000000       0x40 MCAL/I2C/I2C_PROG.o
 .debug_ranges  0x00000000       0x30 MCAL/I2C/I2C_PROG.o
 .debug_line    0x00000000      0x1b5 MCAL/I2C/I2C_PROG.o
 .debug_str     0x00000000      0x232 MCAL/I2C/I2C_PROG.o
 .comment       0x00000000       0x31 MCAL/I2C/I2C_PROG.o
 .debug_frame   0x00000000       0x64 MCAL/I2C/I2C_PROG.o
 .text          0x00000000        0x0 MCAL/SPI/SPI_PROG.o
 .data          0x00000000        0x0 MCAL/SPI/SPI_PROG.o
 .bss           0x00000000        0x0 MCAL/SPI/SPI_PROG.o
 .text.SPI_init
                0x00000000       0x5e MCAL/SPI/SPI_PROG.o
 .text.SPI_sendReceiveData
                0x00000000       0x20 MCAL/SPI/SPI_PROG.o
 .debug_info    0x00000000      0x20a MCAL/SPI/SPI_PROG.o
 .debug_abbrev  0x00000000       0xdb MCAL/SPI/SPI_PROG.o
 .debug_loc     0x00000000       0x86 MCAL/SPI/SPI_PROG.o
 .debug_aranges
                0x00000000       0x28 MCAL/SPI/SPI_PROG.o
 .debug_ranges  0x00000000       0x18 MCAL/SPI/SPI_PROG.o
 .debug_line    0x00000000      0x106 MCAL/SPI/SPI_PROG.o
 .debug_str     0x00000000      0x216 MCAL/SPI/SPI_PROG.o
 .comment       0x00000000       0x31 MCAL/SPI/SPI_PROG.o
 .debug_frame   0x00000000       0x3c MCAL/SPI/SPI_PROG.o
 .text          0x00000000        0x0 MCAL/TIMER0/TIMER0_PROG.o
 .data          0x00000000        0x0 MCAL/TIMER0/TIMER0_PROG.o
 .bss           0x00000000        0x0 MCAL/TIMER0/TIMER0_PROG.o
 .text.TIMER0_initCTC
                0x00000000       0x14 MCAL/TIMER0/TIMER0_PROG.o
 .text.TIMER0_initFPWM
                0x00000000       0x1a MCAL/TIMER0/TIMER0_PROG.o
 .text.TIMER0_init_Phase_Correct_PWM
                0x00000000       0x1a MCAL/TIMER0/TIMER0_PROG.o
 .text.TIMER0_setPreload
                0x00000000        0x4 MCAL/TIMER0/TIMER0_PROG.o
 .text.TIMER0_setOCR
                0x00000000        0x4 MCAL/TIMER0/TIMER0_PROG.o
 .text.TIMER0_getCounter
                0x00000000        0x4 MCAL/TIMER0/TIMER0_PROG.o
 .text.TIMER_setcallbackCTC
                0x00000000        0xa MCAL/TIMER0/TIMER0_PROG.o
 .text          0x00000000        0x0 MCAL/TIMER1/TIMER1_PROG.o
 .data          0x00000000        0x0 MCAL/TIMER1/TIMER1_PROG.o
 .bss           0x00000000        0x0 MCAL/TIMER1/TIMER1_PROG.o
 .text.TIMER1_initFastPwmMod14
                0x00000000       0x26 MCAL/TIMER1/TIMER1_PROG.o
 .text.TIMER1_STOP
                0x00000000       0x14 MCAL/TIMER1/TIMER1_PROG.o
 .text.TIMER1_setOcr
                0x00000000        0x6 MCAL/TIMER1/TIMER1_PROG.o
 .text.TIMER1_setFrequency
                0x00000000       0x40 MCAL/TIMER1/TIMER1_PROG.o
 .text.TIMER1_InitIcu
                0x00000000       0xac MCAL/TIMER1/TIMER1_PROG.o
 .text.TIMER1_setPreload
                0x00000000        0x6 MCAL/TIMER1/TIMER1_PROG.o
 .text.TIMER1_getICR
                0x00000000        0x6 MCAL/TIMER1/TIMER1_PROG.o
 .text.TIMER1_setcallbackIcu
                0x00000000        0xa MCAL/TIMER1/TIMER1_PROG.o
 .text          0x00000000        0x0 MCAL/UART/UART_PROG.o
 .data          0x00000000        0x0 MCAL/UART/UART_PROG.o
 .bss           0x00000000        0x0 MCAL/UART/UART_PROG.o
 .text.UART_init
                0x00000000       0x1e MCAL/UART/UART_PROG.o
 .text.UART_sendData
                0x00000000        0x8 MCAL/UART/UART_PROG.o
 .text.UART_sendStr
                0x00000000       0x26 MCAL/UART/UART_PROG.o
 .text.UART_receiveData
                0x00000000       0x16 MCAL/UART/UART_PROG.o
 .text.UART_INT_init
                0x00000000       0x18 MCAL/UART/UART_PROG.o
 .text.UART_setcallbackINT
                0x00000000        0xa MCAL/UART/UART_PROG.o
 .text          0x00000000        0x0 MCAL/WDT/WDT_PROG.o
 .data          0x00000000        0x0 MCAL/WDT/WDT_PROG.o
 .bss           0x00000000        0x0 MCAL/WDT/WDT_PROG.o
 .text.WDT_Start
                0x00000000       0xc0 MCAL/WDT/WDT_PROG.o
 .progmem.gcc_sw_table.WDT_Start
                0x00000000       0x10 MCAL/WDT/WDT_PROG.o
 .text.WDT_Stop
                0x00000000        0xa MCAL/WDT/WDT_PROG.o
 .debug_info    0x00000000       0xc7 MCAL/WDT/WDT_PROG.o
 .debug_abbrev  0x00000000       0x78 MCAL/WDT/WDT_PROG.o
 .debug_loc     0x00000000       0xe6 MCAL/WDT/WDT_PROG.o
 .debug_aranges
                0x00000000       0x28 MCAL/WDT/WDT_PROG.o
 .debug_ranges  0x00000000       0x18 MCAL/WDT/WDT_PROG.o
 .debug_line    0x00000000      0x13d MCAL/WDT/WDT_PROG.o
 .debug_str     0x00000000      0x1c2 MCAL/WDT/WDT_PROG.o
 .comment       0x00000000       0x31 MCAL/WDT/WDT_PROG.o
 .debug_frame   0x00000000       0x34 MCAL/WDT/WDT_PROG.o
 .text          0x00000000        0x0 RTOS/RTOS.o
 .data          0x00000000        0x0 RTOS/RTOS.o
 .bss           0x00000000        0x0 RTOS/RTOS.o
 .text          0x00000000        0x0 c:/program files (x86)/atmel/studio/7.0/toolchain/avr8/avr8-gnu-toolchain/bin/../lib/gcc/avr/5.4.0/../../../../avr/lib/avr5\libm.a(addsf3.o)
 .data          0x00000000        0x0 c:/program files (x86)/atmel/studio/7.0/toolchain/avr8/avr8-gnu-toolchain/bin/../lib/gcc/avr/5.4.0/../../../../avr/lib/avr5\libm.a(addsf3.o)
 .bss           0x00000000        0x0 c:/program files (x86)/atmel/studio/7.0/toolchain/avr8/avr8-gnu-toolchain/bin/../lib/gcc/avr/5.4.0/../../../../avr/lib/avr5\libm.a(addsf3.o)
 .text.avr-libc.fplib
                0x00000000        0xe c:/program files (x86)/atmel/studio/7.0/toolchain/avr8/avr8-gnu-toolchain/bin/../lib/gcc/avr/5.4.0/../../../../avr/lib/avr5\libm.a(addsf3.o)
 .text          0x00000000        0x0 c:/program files (x86)/atmel/studio/7.0/toolchain/avr8/avr8-gnu-toolchain/bin/../lib/gcc/avr/5.4.0/../../../../avr/lib/avr5\libm.a(addsf3x.o)
 .data          0x00000000        0x0 c:/program files (x86)/atmel/studio/7.0/toolchain/avr8/avr8-gnu-toolchain/bin/../lib/gcc/avr/5.4.0/../../../../avr/lib/avr5\libm.a(addsf3x.o)
 .bss           0x00000000        0x0 c:/program files (x86)/atmel/studio/7.0/toolchain/avr8/avr8-gnu-toolchain/bin/../lib/gcc/avr/5.4.0/../../../../avr/lib/avr5\libm.a(addsf3x.o)
 .text.avr-libc.fplib
                0x00000000       0xcc c:/program files (x86)/atmel/studio/7.0/toolchain/avr8/avr8-gnu-toolchain/bin/../lib/gcc/avr/5.4.0/../../../../avr/lib/avr5\libm.a(addsf3x.o)
 .text          0x00000000        0x0 c:/program files (x86)/atmel/studio/7.0/toolchain/avr8/avr8-gnu-toolchain/bin/../lib/gcc/avr/5.4.0/../../../../avr/lib/avr5\libm.a(fixsfsi.o)
 .data          0x00000000        0x0 c:/program files (x86)/atmel/studio/7.0/toolchain/avr8/avr8-gnu-toolchain/bin/../lib/gcc/avr/5.4.0/../../../../avr/lib/avr5\libm.a(fixsfsi.o)
 .bss           0x00000000        0x0 c:/program files (x86)/atmel/studio/7.0/toolchain/avr8/avr8-gnu-toolchain/bin/../lib/gcc/avr/5.4.0/../../../../avr/lib/avr5\libm.a(fixsfsi.o)
 .text.avr-libc.fplib
                0x00000000        0xe c:/program files (x86)/atmel/studio/7.0/toolchain/avr8/avr8-gnu-toolchain/bin/../lib/gcc/avr/5.4.0/../../../../avr/lib/avr5\libm.a(fixsfsi.o)
 .text          0x00000000        0x0 c:/program files (x86)/atmel/studio/7.0/toolchain/avr8/avr8-gnu-toolchain/bin/../lib/gcc/avr/5.4.0/../../../../avr/lib/avr5\libm.a(fixunssfsi.o)
 .data          0x00000000        0x0 c:/program files (x86)/atmel/studio/7.0/toolchain/avr8/avr8-gnu-toolchain/bin/../lib/gcc/avr/5.4.0/../../../../avr/lib/avr5\libm.a(fixunssfsi.o)
 .bss           0x00000000        0x0 c:/program files (x86)/atmel/studio/7.0/toolchain/avr8/avr8-gnu-toolchain/bin/../lib/gcc/avr/5.4.0/../../../../avr/lib/avr5\libm.a(fixunssfsi.o)
 .text.avr-libc.fplib
                0x00000000       0x5e c:/program files (x86)/atmel/studio/7.0/toolchain/avr8/avr8-gnu-toolchain/bin/../lib/gcc/avr/5.4.0/../../../../avr/lib/avr5\libm.a(fixunssfsi.o)
 .text          0x00000000        0x0 c:/program files (x86)/atmel/studio/7.0/toolchain/avr8/avr8-gnu-toolchain/bin/../lib/gcc/avr/5.4.0/../../../../avr/lib/avr5\libm.a(floatsisf.o)
 .data          0x00000000        0x0 c:/program files (x86)/atmel/studio/7.0/toolchain/avr8/avr8-gnu-toolchain/bin/../lib/gcc/avr/5.4.0/../../../../avr/lib/avr5\libm.a(floatsisf.o)
 .bss           0x00000000        0x0 c:/program files (x86)/atmel/studio/7.0/toolchain/avr8/avr8-gnu-toolchain/bin/../lib/gcc/avr/5.4.0/../../../../avr/lib/avr5\libm.a(floatsisf.o)
 .text.avr-libc.fplib
                0x00000000       0x7a c:/program files (x86)/atmel/studio/7.0/toolchain/avr8/avr8-gnu-toolchain/bin/../lib/gcc/avr/5.4.0/../../../../avr/lib/avr5\libm.a(floatsisf.o)
 .text          0x00000000        0x0 c:/program files (x86)/atmel/studio/7.0/toolchain/avr8/avr8-gnu-toolchain/bin/../lib/gcc/avr/5.4.0/../../../../avr/lib/avr5\libm.a(fp_inf.o)
 .data          0x00000000        0x0 c:/program files (x86)/atmel/studio/7.0/toolchain/avr8/avr8-gnu-toolchain/bin/../lib/gcc/avr/5.4.0/../../../../avr/lib/avr5\libm.a(fp_inf.o)
 .bss           0x00000000        0x0 c:/program files (x86)/atmel/studio/7.0/toolchain/avr8/avr8-gnu-toolchain/bin/../lib/gcc/avr/5.4.0/../../../../avr/lib/avr5\libm.a(fp_inf.o)
 .text.avr-libc.fplib
                0x00000000        0xc c:/program files (x86)/atmel/studio/7.0/toolchain/avr8/avr8-gnu-toolchain/bin/../lib/gcc/avr/5.4.0/../../../../avr/lib/avr5\libm.a(fp_inf.o)
 .text          0x00000000        0x0 c:/program files (x86)/atmel/studio/7.0/toolchain/avr8/avr8-gnu-toolchain/bin/../lib/gcc/avr/5.4.0/../../../../avr/lib/avr5\libm.a(fp_nan.o)
 .data          0x00000000        0x0 c:/program files (x86)/atmel/studio/7.0/toolchain/avr8/avr8-gnu-toolchain/bin/../lib/gcc/avr/5.4.0/../../../../avr/lib/avr5\libm.a(fp_nan.o)
 .bss           0x00000000        0x0 c:/program files (x86)/atmel/studio/7.0/toolchain/avr8/avr8-gnu-toolchain/bin/../lib/gcc/avr/5.4.0/../../../../avr/lib/avr5\libm.a(fp_nan.o)
 .text.avr-libc.fplib
                0x00000000        0x6 c:/program files (x86)/atmel/studio/7.0/toolchain/avr8/avr8-gnu-toolchain/bin/../lib/gcc/avr/5.4.0/../../../../avr/lib/avr5\libm.a(fp_nan.o)
 .text          0x00000000        0x0 c:/program files (x86)/atmel/studio/7.0/toolchain/avr8/avr8-gnu-toolchain/bin/../lib/gcc/avr/5.4.0/../../../../avr/lib/avr5\libm.a(fp_pscA.o)
 .data          0x00000000        0x0 c:/program files (x86)/atmel/studio/7.0/toolchain/avr8/avr8-gnu-toolchain/bin/../lib/gcc/avr/5.4.0/../../../../avr/lib/avr5\libm.a(fp_pscA.o)
 .bss           0x00000000        0x0 c:/program files (x86)/atmel/studio/7.0/toolchain/avr8/avr8-gnu-toolchain/bin/../lib/gcc/avr/5.4.0/../../../../avr/lib/avr5\libm.a(fp_pscA.o)
 .text.avr-libc.fplib
                0x00000000        0xe c:/program files (x86)/atmel/studio/7.0/toolchain/avr8/avr8-gnu-toolchain/bin/../lib/gcc/avr/5.4.0/../../../../avr/lib/avr5\libm.a(fp_pscA.o)
 .text          0x00000000        0x0 c:/program files (x86)/atmel/studio/7.0/toolchain/avr8/avr8-gnu-toolchain/bin/../lib/gcc/avr/5.4.0/../../../../avr/lib/avr5\libm.a(fp_pscB.o)
 .data          0x00000000        0x0 c:/program files (x86)/atmel/studio/7.0/toolchain/avr8/avr8-gnu-toolchain/bin/../lib/gcc/avr/5.4.0/../../../../avr/lib/avr5\libm.a(fp_pscB.o)
 .bss           0x00000000        0x0 c:/program files (x86)/atmel/studio/7.0/toolchain/avr8/avr8-gnu-toolchain/bin/../lib/gcc/avr/5.4.0/../../../../avr/lib/avr5\libm.a(fp_pscB.o)
 .text.avr-libc.fplib
                0x00000000        0xe c:/program files (x86)/atmel/studio/7.0/toolchain/avr8/avr8-gnu-toolchain/bin/../lib/gcc/avr/5.4.0/../../../../avr/lib/avr5\libm.a(fp_pscB.o)
 .text          0x00000000        0x0 c:/program files (x86)/atmel/studio/7.0/toolchain/avr8/avr8-gnu-toolchain/bin/../lib/gcc/avr/5.4.0/../../../../avr/lib/avr5\libm.a(fp_round.o)
 .data          0x00000000        0x0 c:/program files (x86)/atmel/studio/7.0/toolchain/avr8/avr8-gnu-toolchain/bin/../lib/gcc/avr/5.4.0/../../../../avr/lib/avr5\libm.a(fp_round.o)
 .bss           0x00000000        0x0 c:/program files (x86)/atmel/studio/7.0/toolchain/avr8/avr8-gnu-toolchain/bin/../lib/gcc/avr/5.4.0/../../../../avr/lib/avr5\libm.a(fp_round.o)
 .text.avr-libc.fplib
                0x00000000       0x22 c:/program files (x86)/atmel/studio/7.0/toolchain/avr8/avr8-gnu-toolchain/bin/../lib/gcc/avr/5.4.0/../../../../avr/lib/avr5\libm.a(fp_round.o)
 .text          0x00000000        0x0 c:/program files (x86)/atmel/studio/7.0/toolchain/avr8/avr8-gnu-toolchain/bin/../lib/gcc/avr/5.4.0/../../../../avr/lib/avr5\libm.a(fp_split3.o)
 .data          0x00000000        0x0 c:/program files (x86)/atmel/studio/7.0/toolchain/avr8/avr8-gnu-toolchain/bin/../lib/gcc/avr/5.4.0/../../../../avr/lib/avr5\libm.a(fp_split3.o)
 .bss           0x00000000        0x0 c:/program files (x86)/atmel/studio/7.0/toolchain/avr8/avr8-gnu-toolchain/bin/../lib/gcc/avr/5.4.0/../../../../avr/lib/avr5\libm.a(fp_split3.o)
 .text.avr-libc.fplib
                0x00000000       0x44 c:/program files (x86)/atmel/studio/7.0/toolchain/avr8/avr8-gnu-toolchain/bin/../lib/gcc/avr/5.4.0/../../../../avr/lib/avr5\libm.a(fp_split3.o)
 .text          0x00000000        0x0 c:/program files (x86)/atmel/studio/7.0/toolchain/avr8/avr8-gnu-toolchain/bin/../lib/gcc/avr/5.4.0/../../../../avr/lib/avr5\libm.a(fp_zero.o)
 .data          0x00000000        0x0 c:/program files (x86)/atmel/studio/7.0/toolchain/avr8/avr8-gnu-toolchain/bin/../lib/gcc/avr/5.4.0/../../../../avr/lib/avr5\libm.a(fp_zero.o)
 .bss           0x00000000        0x0 c:/program files (x86)/atmel/studio/7.0/toolchain/avr8/avr8-gnu-toolchain/bin/../lib/gcc/avr/5.4.0/../../../../avr/lib/avr5\libm.a(fp_zero.o)
 .text.avr-libc.fplib
                0x00000000        0xe c:/program files (x86)/atmel/studio/7.0/toolchain/avr8/avr8-gnu-toolchain/bin/../lib/gcc/avr/5.4.0/../../../../avr/lib/avr5\libm.a(fp_zero.o)
 .text          0x00000000        0x0 c:/program files (x86)/atmel/studio/7.0/toolchain/avr8/avr8-gnu-toolchain/bin/../lib/gcc/avr/5.4.0/../../../../avr/lib/avr5\libm.a(mulsf3.o)
 .data          0x00000000        0x0 c:/program files (x86)/atmel/studio/7.0/toolchain/avr8/avr8-gnu-toolchain/bin/../lib/gcc/avr/5.4.0/../../../../avr/lib/avr5\libm.a(mulsf3.o)
 .bss           0x00000000        0x0 c:/program files (x86)/atmel/studio/7.0/toolchain/avr8/avr8-gnu-toolchain/bin/../lib/gcc/avr/5.4.0/../../../../avr/lib/avr5\libm.a(mulsf3.o)
 .text.avr-libc.fplib
                0x00000000        0x8 c:/program files (x86)/atmel/studio/7.0/toolchain/avr8/avr8-gnu-toolchain/bin/../lib/gcc/avr/5.4.0/../../../../avr/lib/avr5\libm.a(mulsf3.o)
 .text          0x00000000        0x0 c:/program files (x86)/atmel/studio/7.0/toolchain/avr8/avr8-gnu-toolchain/bin/../lib/gcc/avr/5.4.0/../../../../avr/lib/avr5\libm.a(mulsf3x.o)
 .data          0x00000000        0x0 c:/program files (x86)/atmel/studio/7.0/toolchain/avr8/avr8-gnu-toolchain/bin/../lib/gcc/avr/5.4.0/../../../../avr/lib/avr5\libm.a(mulsf3x.o)
 .bss           0x00000000        0x0 c:/program files (x86)/atmel/studio/7.0/toolchain/avr8/avr8-gnu-toolchain/bin/../lib/gcc/avr/5.4.0/../../../../avr/lib/avr5\libm.a(mulsf3x.o)
 .text.avr-libc.fplib
                0x00000000       0xd2 c:/program files (x86)/atmel/studio/7.0/toolchain/avr8/avr8-gnu-toolchain/bin/../lib/gcc/avr/5.4.0/../../../../avr/lib/avr5\libm.a(mulsf3x.o)
 .text          0x00000000        0x0 c:/program files (x86)/atmel/studio/7.0/toolchain/avr8/avr8-gnu-toolchain/bin/../lib/gcc/avr/5.4.0/avr5\libgcc.a(_udivmodhi4.o)
 .data          0x00000000        0x0 c:/program files (x86)/atmel/studio/7.0/toolchain/avr8/avr8-gnu-toolchain/bin/../lib/gcc/avr/5.4.0/avr5\libgcc.a(_udivmodhi4.o)
 .bss           0x00000000        0x0 c:/program files (x86)/atmel/studio/7.0/toolchain/avr8/avr8-gnu-toolchain/bin/../lib/gcc/avr/5.4.0/avr5\libgcc.a(_udivmodhi4.o)
 .text.libgcc.mul
                0x00000000        0x0 c:/program files (x86)/atmel/studio/7.0/toolchain/avr8/avr8-gnu-toolchain/bin/../lib/gcc/avr/5.4.0/avr5\libgcc.a(_udivmodhi4.o)
 .text.libgcc   0x00000000        0x0 c:/program files (x86)/atmel/studio/7.0/toolchain/avr8/avr8-gnu-toolchain/bin/../lib/gcc/avr/5.4.0/avr5\libgcc.a(_udivmodhi4.o)
 .text.libgcc.prologue
                0x00000000        0x0 c:/program files (x86)/atmel/studio/7.0/toolchain/avr8/avr8-gnu-toolchain/bin/../lib/gcc/avr/5.4.0/avr5\libgcc.a(_udivmodhi4.o)
 .text.libgcc.builtins
                0x00000000        0x0 c:/program files (x86)/atmel/studio/7.0/toolchain/avr8/avr8-gnu-toolchain/bin/../lib/gcc/avr/5.4.0/avr5\libgcc.a(_udivmodhi4.o)
 .text.libgcc.fmul
                0x00000000        0x0 c:/program files (x86)/atmel/studio/7.0/toolchain/avr8/avr8-gnu-toolchain/bin/../lib/gcc/avr/5.4.0/avr5\libgcc.a(_udivmodhi4.o)
 .text.libgcc.fixed
                0x00000000        0x0 c:/program files (x86)/atmel/studio/7.0/toolchain/avr8/avr8-gnu-toolchain/bin/../lib/gcc/avr/5.4.0/avr5\libgcc.a(_udivmodhi4.o)
 .text          0x00000000        0x0 c:/program files (x86)/atmel/studio/7.0/toolchain/avr8/avr8-gnu-toolchain/bin/../lib/gcc/avr/5.4.0/avr5\libgcc.a(_divmodhi4.o)
 .data          0x00000000        0x0 c:/program files (x86)/atmel/studio/7.0/toolchain/avr8/avr8-gnu-toolchain/bin/../lib/gcc/avr/5.4.0/avr5\libgcc.a(_divmodhi4.o)
 .bss           0x00000000        0x0 c:/program files (x86)/atmel/studio/7.0/toolchain/avr8/avr8-gnu-toolchain/bin/../lib/gcc/avr/5.4.0/avr5\libgcc.a(_divmodhi4.o)
 .text.libgcc.mul
                0x00000000        0x0 c:/program files (x86)/atmel/studio/7.0/toolchain/avr8/avr8-gnu-toolchain/bin/../lib/gcc/avr/5.4.0/avr5\libgcc.a(_divmodhi4.o)
 .text.libgcc.div
                0x00000000       0x28 c:/program files (x86)/atmel/studio/7.0/toolchain/avr8/avr8-gnu-toolchain/bin/../lib/gcc/avr/5.4.0/avr5\libgcc.a(_divmodhi4.o)
 .text.libgcc   0x00000000        0x0 c:/program files (x86)/atmel/studio/7.0/toolchain/avr8/avr8-gnu-toolchain/bin/../lib/gcc/avr/5.4.0/avr5\libgcc.a(_divmodhi4.o)
 .text.libgcc.prologue
                0x00000000        0x0 c:/program files (x86)/atmel/studio/7.0/toolchain/avr8/avr8-gnu-toolchain/bin/../lib/gcc/avr/5.4.0/avr5\libgcc.a(_divmodhi4.o)
 .text.libgcc.builtins
                0x00000000        0x0 c:/program files (x86)/atmel/studio/7.0/toolchain/avr8/avr8-gnu-toolchain/bin/../lib/gcc/avr/5.4.0/avr5\libgcc.a(_divmodhi4.o)
 .text.libgcc.fmul
                0x00000000        0x0 c:/program files (x86)/atmel/studio/7.0/toolchain/avr8/avr8-gnu-toolchain/bin/../lib/gcc/avr/5.4.0/avr5\libgcc.a(_divmodhi4.o)
 .text.libgcc.fixed
                0x00000000        0x0 c:/program files (x86)/atmel/studio/7.0/toolchain/avr8/avr8-gnu-toolchain/bin/../lib/gcc/avr/5.4.0/avr5\libgcc.a(_divmodhi4.o)
 .text          0x00000000        0x0 c:/program files (x86)/atmel/studio/7.0/toolchain/avr8/avr8-gnu-toolchain/bin/../lib/gcc/avr/5.4.0/avr5\libgcc.a(_divmodsi4.o)
 .data          0x00000000        0x0 c:/program files (x86)/atmel/studio/7.0/toolchain/avr8/avr8-gnu-toolchain/bin/../lib/gcc/avr/5.4.0/avr5\libgcc.a(_divmodsi4.o)
 .bss           0x00000000        0x0 c:/program files (x86)/atmel/studio/7.0/toolchain/avr8/avr8-gnu-toolchain/bin/../lib/gcc/avr/5.4.0/avr5\libgcc.a(_divmodsi4.o)
 .text.libgcc.mul
                0x00000000        0x0 c:/program files (x86)/atmel/studio/7.0/toolchain/avr8/avr8-gnu-toolchain/bin/../lib/gcc/avr/5.4.0/avr5\libgcc.a(_divmodsi4.o)
 .text.libgcc.div
                0x00000000       0x2e c:/program files (x86)/atmel/studio/7.0/toolchain/avr8/avr8-gnu-toolchain/bin/../lib/gcc/avr/5.4.0/avr5\libgcc.a(_divmodsi4.o)
 .text.libgcc   0x00000000        0x0 c:/program files (x86)/atmel/studio/7.0/toolchain/avr8/avr8-gnu-toolchain/bin/../lib/gcc/avr/5.4.0/avr5\libgcc.a(_divmodsi4.o)
 .text.libgcc.prologue
                0x00000000        0x0 c:/program files (x86)/atmel/studio/7.0/toolchain/avr8/avr8-gnu-toolchain/bin/../lib/gcc/avr/5.4.0/avr5\libgcc.a(_divmodsi4.o)
 .text.libgcc.builtins
                0x00000000        0x0 c:/program files (x86)/atmel/studio/7.0/toolchain/avr8/avr8-gnu-toolchain/bin/../lib/gcc/avr/5.4.0/avr5\libgcc.a(_divmodsi4.o)
 .text.libgcc.fmul
                0x00000000        0x0 c:/program files (x86)/atmel/studio/7.0/toolchain/avr8/avr8-gnu-toolchain/bin/../lib/gcc/avr/5.4.0/avr5\libgcc.a(_divmodsi4.o)
 .text.libgcc.fixed
                0x00000000        0x0 c:/program files (x86)/atmel/studio/7.0/toolchain/avr8/avr8-gnu-toolchain/bin/../lib/gcc/avr/5.4.0/avr5\libgcc.a(_divmodsi4.o)
 .text          0x00000000        0x0 c:/program files (x86)/atmel/studio/7.0/toolchain/avr8/avr8-gnu-toolchain/bin/../lib/gcc/avr/5.4.0/avr5\libgcc.a(_negsi2.o)
 .data          0x00000000        0x0 c:/program files (x86)/atmel/studio/7.0/toolchain/avr8/avr8-gnu-toolchain/bin/../lib/gcc/avr/5.4.0/avr5\libgcc.a(_negsi2.o)
 .bss           0x00000000        0x0 c:/program files (x86)/atmel/studio/7.0/toolchain/avr8/avr8-gnu-toolchain/bin/../lib/gcc/avr/5.4.0/avr5\libgcc.a(_negsi2.o)
 .text.libgcc.mul
                0x00000000        0x0 c:/program files (x86)/atmel/studio/7.0/toolchain/avr8/avr8-gnu-toolchain/bin/../lib/gcc/avr/5.4.0/avr5\libgcc.a(_negsi2.o)
 .text.libgcc.div
                0x00000000       0x10 c:/program files (x86)/atmel/studio/7.0/toolchain/avr8/avr8-gnu-toolchain/bin/../lib/gcc/avr/5.4.0/avr5\libgcc.a(_negsi2.o)
 .text.libgcc   0x00000000        0x0 c:/program files (x86)/atmel/studio/7.0/toolchain/avr8/avr8-gnu-toolchain/bin/../lib/gcc/avr/5.4.0/avr5\libgcc.a(_negsi2.o)
 .text.libgcc.prologue
                0x00000000        0x0 c:/program files (x86)/atmel/studio/7.0/toolchain/avr8/avr8-gnu-toolchain/bin/../lib/gcc/avr/5.4.0/avr5\libgcc.a(_negsi2.o)
 .text.libgcc.builtins
                0x00000000        0x0 c:/program files (x86)/atmel/studio/7.0/toolchain/avr8/avr8-gnu-toolchain/bin/../lib/gcc/avr/5.4.0/avr5\libgcc.a(_negsi2.o)
 .text.libgcc.fmul
                0x00000000        0x0 c:/program files (x86)/atmel/studio/7.0/toolchain/avr8/avr8-gnu-toolchain/bin/../lib/gcc/avr/5.4.0/avr5\libgcc.a(_negsi2.o)
 .text.libgcc.fixed
                0x00000000        0x0 c:/program files (x86)/atmel/studio/7.0/toolchain/avr8/avr8-gnu-toolchain/bin/../lib/gcc/avr/5.4.0/avr5\libgcc.a(_negsi2.o)
 .text          0x00000000        0x0 c:/program files (x86)/atmel/studio/7.0/toolchain/avr8/avr8-gnu-toolchain/bin/../lib/gcc/avr/5.4.0/avr5\libgcc.a(_exit.o)
 .data          0x00000000        0x0 c:/program files (x86)/atmel/studio/7.0/toolchain/avr8/avr8-gnu-toolchain/bin/../lib/gcc/avr/5.4.0/avr5\libgcc.a(_exit.o)
 .bss           0x00000000        0x0 c:/program files (x86)/atmel/studio/7.0/toolchain/avr8/avr8-gnu-toolchain/bin/../lib/gcc/avr/5.4.0/avr5\libgcc.a(_exit.o)
 .text.libgcc.mul
                0x00000000        0x0 c:/program files (x86)/atmel/studio/7.0/toolchain/avr8/avr8-gnu-toolchain/bin/../lib/gcc/avr/5.4.0/avr5\libgcc.a(_exit.o)
 .text.libgcc.div
                0x00000000        0x0 c:/program files (x86)/atmel/studio/7.0/toolchain/avr8/avr8-gnu-toolchain/bin/../lib/gcc/avr/5.4.0/avr5\libgcc.a(_exit.o)
 .text.libgcc   0x00000000        0x0 c:/program files (x86)/atmel/studio/7.0/toolchain/avr8/avr8-gnu-toolchain/bin/../lib/gcc/avr/5.4.0/avr5\libgcc.a(_exit.o)
 .text.libgcc.prologue
                0x00000000        0x0 c:/program files (x86)/atmel/studio/7.0/toolchain/avr8/avr8-gnu-toolchain/bin/../lib/gcc/avr/5.4.0/avr5\libgcc.a(_exit.o)
 .text.libgcc.builtins
                0x00000000        0x0 c:/program files (x86)/atmel/studio/7.0/toolchain/avr8/avr8-gnu-toolchain/bin/../lib/gcc/avr/5.4.0/avr5\libgcc.a(_exit.o)
 .text.libgcc.fmul
                0x00000000        0x0 c:/program files (x86)/atmel/studio/7.0/toolchain/avr8/avr8-gnu-toolchain/bin/../lib/gcc/avr/5.4.0/avr5\libgcc.a(_exit.o)
 .text.libgcc.fixed
                0x00000000        0x0 c:/program files (x86)/atmel/studio/7.0/toolchain/avr8/avr8-gnu-toolchain/bin/../lib/gcc/avr/5.4.0/avr5\libgcc.a(_exit.o)
 .text          0x00000000        0x0 c:/program files (x86)/atmel/studio/7.0/toolchain/avr8/avr8-gnu-toolchain/bin/../lib/gcc/avr/5.4.0/avr5\libgcc.a(_tablejump2.o)
 .data          0x00000000        0x0 c:/program files (x86)/atmel/studio/7.0/toolchain/avr8/avr8-gnu-toolchain/bin/../lib/gcc/avr/5.4.0/avr5\libgcc.a(_tablejump2.o)
 .bss           0x00000000        0x0 c:/program files (x86)/atmel/studio/7.0/toolchain/avr8/avr8-gnu-toolchain/bin/../lib/gcc/avr/5.4.0/avr5\libgcc.a(_tablejump2.o)
 .text.libgcc.mul
                0x00000000        0x0 c:/program files (x86)/atmel/studio/7.0/toolchain/avr8/avr8-gnu-toolchain/bin/../lib/gcc/avr/5.4.0/avr5\libgcc.a(_tablejump2.o)
 .text.libgcc.div
                0x00000000        0x0 c:/program files (x86)/atmel/studio/7.0/toolchain/avr8/avr8-gnu-toolchain/bin/../lib/gcc/avr/5.4.0/avr5\libgcc.a(_tablejump2.o)
 .text.libgcc   0x00000000        0xc c:/program files (x86)/atmel/studio/7.0/toolchain/avr8/avr8-gnu-toolchain/bin/../lib/gcc/avr/5.4.0/avr5\libgcc.a(_tablejump2.o)
 .text.libgcc.prologue
                0x00000000        0x0 c:/program files (x86)/atmel/studio/7.0/toolchain/avr8/avr8-gnu-toolchain/bin/../lib/gcc/avr/5.4.0/avr5\libgcc.a(_tablejump2.o)
 .text.libgcc.builtins
                0x00000000        0x0 c:/program files (x86)/atmel/studio/7.0/toolchain/avr8/avr8-gnu-toolchain/bin/../lib/gcc/avr/5.4.0/avr5\libgcc.a(_tablejump2.o)
 .text.libgcc.fmul
                0x00000000        0x0 c:/program files (x86)/atmel/studio/7.0/toolchain/avr8/avr8-gnu-toolchain/bin/../lib/gcc/avr/5.4.0/avr5\libgcc.a(_tablejump2.o)
 .text.libgcc.fixed
                0x00000000        0x0 c:/program files (x86)/atmel/studio/7.0/toolchain/avr8/avr8-gnu-toolchain/bin/../lib/gcc/avr/5.4.0/avr5\libgcc.a(_tablejump2.o)
 .text          0x00000000        0x0 c:/program files (x86)/atmel/studio/7.0/toolchain/avr8/avr8-gnu-toolchain/bin/../lib/gcc/avr/5.4.0/avr5\libgcc.a(_clear_bss.o)
 .data          0x00000000        0x0 c:/program files (x86)/atmel/studio/7.0/toolchain/avr8/avr8-gnu-toolchain/bin/../lib/gcc/avr/5.4.0/avr5\libgcc.a(_clear_bss.o)
 .bss           0x00000000        0x0 c:/program files (x86)/atmel/studio/7.0/toolchain/avr8/avr8-gnu-toolchain/bin/../lib/gcc/avr/5.4.0/avr5\libgcc.a(_clear_bss.o)
 .text.libgcc.mul
                0x00000000        0x0 c:/program files (x86)/atmel/studio/7.0/toolchain/avr8/avr8-gnu-toolchain/bin/../lib/gcc/avr/5.4.0/avr5\libgcc.a(_clear_bss.o)
 .text.libgcc.div
                0x00000000        0x0 c:/program files (x86)/atmel/studio/7.0/toolchain/avr8/avr8-gnu-toolchain/bin/../lib/gcc/avr/5.4.0/avr5\libgcc.a(_clear_bss.o)
 .text.libgcc   0x00000000        0x0 c:/program files (x86)/atmel/studio/7.0/toolchain/avr8/avr8-gnu-toolchain/bin/../lib/gcc/avr/5.4.0/avr5\libgcc.a(_clear_bss.o)
 .text.libgcc.prologue
                0x00000000        0x0 c:/program files (x86)/atmel/studio/7.0/toolchain/avr8/avr8-gnu-toolchain/bin/../lib/gcc/avr/5.4.0/avr5\libgcc.a(_clear_bss.o)
 .text.libgcc.builtins
                0x00000000        0x0 c:/program files (x86)/atmel/studio/7.0/toolchain/avr8/avr8-gnu-toolchain/bin/../lib/gcc/avr/5.4.0/avr5\libgcc.a(_clear_bss.o)
 .text.libgcc.fmul
                0x00000000        0x0 c:/program files (x86)/atmel/studio/7.0/toolchain/avr8/avr8-gnu-toolchain/bin/../lib/gcc/avr/5.4.0/avr5\libgcc.a(_clear_bss.o)
 .text.libgcc.fixed
                0x00000000        0x0 c:/program files (x86)/atmel/studio/7.0/toolchain/avr8/avr8-gnu-toolchain/bin/../lib/gcc/avr/5.4.0/avr5\libgcc.a(_clear_bss.o)
 .text          0x00000000        0x0 c:/program files (x86)/atmel/studio/7.0/toolchain/avr8/avr8-gnu-toolchain/bin/../lib/gcc/avr/5.4.0/avr5\libgcc.a(_udivmodsi4.o)
 .data          0x00000000        0x0 c:/program files (x86)/atmel/studio/7.0/toolchain/avr8/avr8-gnu-toolchain/bin/../lib/gcc/avr/5.4.0/avr5\libgcc.a(_udivmodsi4.o)
 .bss           0x00000000        0x0 c:/program files (x86)/atmel/studio/7.0/toolchain/avr8/avr8-gnu-toolchain/bin/../lib/gcc/avr/5.4.0/avr5\libgcc.a(_udivmodsi4.o)
 .text.libgcc.mul
                0x00000000        0x0 c:/program files (x86)/atmel/studio/7.0/toolchain/avr8/avr8-gnu-toolchain/bin/../lib/gcc/avr/5.4.0/avr5\libgcc.a(_udivmodsi4.o)
 .text.libgcc.div
                0x00000000       0x44 c:/program files (x86)/atmel/studio/7.0/toolchain/avr8/avr8-gnu-toolchain/bin/../lib/gcc/avr/5.4.0/avr5\libgcc.a(_udivmodsi4.o)
 .text.libgcc   0x00000000        0x0 c:/program files (x86)/atmel/studio/7.0/toolchain/avr8/avr8-gnu-toolchain/bin/../lib/gcc/avr/5.4.0/avr5\libgcc.a(_udivmodsi4.o)
 .text.libgcc.prologue
                0x00000000        0x0 c:/program files (x86)/atmel/studio/7.0/toolchain/avr8/avr8-gnu-toolchain/bin/../lib/gcc/avr/5.4.0/avr5\libgcc.a(_udivmodsi4.o)
 .text.libgcc.builtins
                0x00000000        0x0 c:/program files (x86)/atmel/studio/7.0/toolchain/avr8/avr8-gnu-toolchain/bin/../lib/gcc/avr/5.4.0/avr5\libgcc.a(_udivmodsi4.o)
 .text.libgcc.fmul
                0x00000000        0x0 c:/program files (x86)/atmel/studio/7.0/toolchain/avr8/avr8-gnu-toolchain/bin/../lib/gcc/avr/5.4.0/avr5\libgcc.a(_udivmodsi4.o)
 .text.libgcc.fixed
                0x00000000        0x0 c:/program files (x86)/atmel/studio/7.0/toolchain/avr8/avr8-gnu-toolchain/bin/../lib/gcc/avr/5.4.0/avr5\libgcc.a(_udivmodsi4.o)

Memory Configuration

Name             Origin             Length             Attributes
text             0x00000000         0x00008000         xr
data             0x00800060         0x00000800         rw !x
eeprom           0x00810000         0x00000400         rw !x
fuse             0x00820000         0x00000002         rw !x
lock             0x00830000         0x00000400         rw !x
signature        0x00840000         0x00000400         rw !x
user_signatures  0x00850000         0x00000400         rw !x
*default*        0x00000000         0xffffffff

Linker script and memory map

LOAD C:/Program Files (x86)/Atmel/Studio/7.0/Packs/atmel/ATmega_DFP/1.7.374/gcc/dev/atmega32/avr5/crtatmega32.o
LOAD APP/main.o
LOAD APP/Sess16/ASG1/ASS_PROG.o
LOAD APP/Sess16/ses.o
LOAD APP/Sess16/Task/ses.o
LOAD APP/Sess17/ses.o
LOAD APP/Sess18/ASG2/ASS_PROG.o
LOAD APP/Sess18/ses.o
LOAD APP/Sess18/TASKNEWCHARACTER/NEWCHARACTER_PROG.o
LOAD APP/Sess19/sess_PROG.o
LOAD APP/Sess19/TASKCALC/CALC_PROG.o
LOAD APP/Sess19/TASKLOGINSYSTEM/LOG_PROG.o
LOAD APP/Sess20/sess_PROG.o
LOAD APP/Sess22TI1/SESSTI1_PROG.o
LOAD APP/Sess21/SESS_PROG.o
LOAD APP/Sess21/TASK/TASK_PROG.o
LOAD APP/Sess22TI1/TASKCOUNTER/TASKCOUNTER_PROG.o
LOAD APP/Sess23CTC/PWM/PWM_PROG.o
LOAD APP/Sess23CTC/sess_PROG.o
LOAD APP/Sess24MOTOR/SERVO/SERVO_PROG.o
LOAD APP/Sess24MOTOR/sess_PROG.o
LOAD APP/Sess25WDT/sess_PROG.o
LOAD APP/Sess25WDT/TaskULTRASONIC/ULTRA_PROG.o
LOAD APP/Sess26UART/sess_PROG.o
LOAD APP/Sess26UART/TASKKPDUART/TASKKPDUART_PROG.o
LOAD APP/Sess27SPI/BLUTOTH/sess_PROG.o
LOAD APP/Sess27SPI/sess_PROG.o
LOAD APP/Sess28I2C/sess_PROG.o
LOAD APP/Sess29EEPROM/sess_PROG.o
LOAD APP/Sess29EEPROM/TASKEEPROMPASS/TASKEEPROMPASS_PROG.o
LOAD APP/Sess32/sess_PROG.o
LOAD APP/Sess32/TTL/sess_PROG.o
LOAD HAL/7seg/SS_PROG.o
LOAD HAL/EEPROM/EEPROM_PROG.o
LOAD HAL/KPD/KPD_PROG.o
LOAD HAL/LCD/LCD_PROG.o
LOAD MCAL/ADC/ADC_PROG.o
LOAD MCAL/DIO/DIO_PROG.o
LOAD MCAL/EXT/EXT_PROG.o
LOAD MCAL/GI/GI_PROG.o
LOAD MCAL/I2C/I2C_PROG.o
LOAD MCAL/SPI/SPI_PROG.o
LOAD MCAL/TIMER0/TIMER0_PROG.o
LOAD MCAL/TIMER1/TIMER1_PROG.o
LOAD MCAL/UART/UART_PROG.o
LOAD MCAL/WDT/WDT_PROG.o
LOAD RTOS/RTOS.o
START GROUP
LOAD c:/program files (x86)/atmel/studio/7.0/toolchain/avr8/avr8-gnu-toolchain/bin/../lib/gcc/avr/5.4.0/../../../../avr/lib/avr5\libm.a
END GROUP
START GROUP
LOAD c:/program files (x86)/atmel/studio/7.0/toolchain/avr8/avr8-gnu-toolchain/bin/../lib/gcc/avr/5.4.0/avr5\libgcc.a
LOAD c:/program files (x86)/atmel/studio/7.0/toolchain/avr8/avr8-gnu-toolchain/bin/../lib/gcc/avr/5.4.0/../../../../avr/lib/avr5\libm.a
LOAD c:/program files (x86)/atmel/studio/7.0/toolchain/avr8/avr8-gnu-toolchain/bin/../lib/gcc/avr/5.4.0/../../../../avr/lib/avr5\libc.a
LOAD C:/Program Files (x86)/Atmel/Studio/7.0/Packs/atmel/ATmega_DFP/1.7.374/gcc/dev/atmega32/avr5\libatmega32.a
END GROUP
                0x00000000                __TEXT_REGION_ORIGIN__ = DEFINED (__TEXT_REGION_ORIGIN__)?__TEXT_REGION_ORIGIN__:0x0
                [0x00800060]                __DATA_REGION_ORIGIN__ = DEFINED (__DATA_REGION_ORIGIN__)?__DATA_REGION_ORIGIN__:0x800060
                [0x00008000]                __TEXT_REGION_LENGTH__ = DEFINED (__TEXT_REGION_LENGTH__)?__TEXT_REGION_LENGTH__:0x20000
                [0x00000800]                __DATA_REGION_LENGTH__ = DEFINED (__DATA_REGION_LENGTH__)?__DATA_REGION_LENGTH__:0xffa0
                [0x00000400]                __EEPROM_REGION_LENGTH__ = DEFINED (__EEPROM_REGION_LENGTH__)?__EEPROM_REGION_LENGTH__:0x10000
                [0x00000002]                __FUSE_REGION_LENGTH__ = DEFINED (__FUSE_REGION_LENGTH__)?__FUSE_REGION_LENGTH__:0x400
                0x00000400                __LOCK_REGION_LENGTH__ = DEFINED (__LOCK_REGION_LENGTH__)?__LOCK_REGION_LENGTH__:0x400
                0x00000400                __SIGNATURE_REGION_LENGTH__ = DEFINED (__SIGNATURE_REGION_LENGTH__)?__SIGNATURE_REGION_LENGTH__:0x400
                0x00000400                __USER_SIGNATURE_REGION_LENGTH__ = DEFINED (__USER_SIGNATURE_REGION_LENGTH__)?__USER_SIGNATURE_REGION_LENGTH__:0x400

.hash
 *(.hash)

.dynsym
 *(.dynsym)

.dynstr
 *(.dynstr)

.gnu.version
 *(.gnu.version)

.gnu.version_d
 *(.gnu.version_d)

.gnu.version_r
 *(.gnu.version_r)

.rel.init
 *(.rel.init)

.rela.init
 *(.rela.init)

.rel.text
 *(.rel.text)
 *(.rel.text.*)
 *(.rel.gnu.linkonce.t*)

.rela.text
 *(.rela.text)
 *(.rela.text.*)
 *(.rela.gnu.linkonce.t*)

.rel.fini
 *(.rel.fini)

.rela.fini
 *(.rela.fini)

.rel.rodata
 *(.rel.rodata)
 *(.rel.rodata.*)
 *(.rel.gnu.linkonce.r*)

.rela.rodata
 *(.rela.rodata)
 *(.rela.rodata.*)
 *(.rela.gnu.linkonce.r*)

.rel.data
 *(.rel.data)
 *(.rel.data.*)
 *(.rel.gnu.linkonce.d*)

.rela.data
 *(.rela.data)
 *(.rela.data.*)
 *(.rela.gnu.linkonce.d*)

.rel.ctors
 *(.rel.ctors)

.rela.ctors
 *(.rela.ctors)

.rel.dtors
 *(.rel.dtors)

.rela.dtors
 *(.rela.dtors)

.rel.got
 *(.rel.got)

.rela.got
 *(.rela.got)

.rel.bss
 *(.rel.bss)

.rela.bss
 *(.rela.bss)

.rel.plt
 *(.rel.plt)

.rela.plt
 *(.rela.plt)

.text           0x00000000      0x778
 *(.vectors)
 .vectors       0x00000000       0x54 C:/Program Files (x86)/Atmel/Studio/7.0/Packs/atmel/ATmega_DFP/1.7.374/gcc/dev/atmega32/avr5/crtatmega32.o
                0x00000000                __vector_default
                0x00000000                __vectors
 *(.vectors)
 *(.progmem.gcc*)
                0x00000054                . = ALIGN (0x2)
                0x00000054                __trampolines_start = .
 *(.trampolines)
 .trampolines   0x00000054        0x0 linker stubs
 *(.trampolines*)
                0x00000054                __trampolines_end = .
 *libprintf_flt.a:*(.progmem.data)
 *libc.a:*(.progmem.data)
 *(.progmem*)
                0x00000054                . = ALIGN (0x2)
 *(.jumptables)
 *(.jumptables*)
 *(.lowtext)
 *(.lowtext*)
                0x00000054                __ctors_start = .
 *(.ctors)
                0x00000054                __ctors_end = .
                0x00000054                __dtors_start = .
 *(.dtors)
                0x00000054                __dtors_end = .
 SORT(*)(.ctors)
 SORT(*)(.dtors)
 *(.init0)
 .init0         0x00000054        0x0 C:/Program Files (x86)/Atmel/Studio/7.0/Packs/atmel/ATmega_DFP/1.7.374/gcc/dev/atmega32/avr5/crtatmega32.o
                0x00000054                __init
 *(.init0)
 *(.init1)
 *(.init1)
 *(.init2)
 .init2         0x00000054        0xc C:/Program Files (x86)/Atmel/Studio/7.0/Packs/atmel/ATmega_DFP/1.7.374/gcc/dev/atmega32/avr5/crtatmega32.o
 *(.init2)
 *(.init3)
 *(.init3)
 *(.init4)
 .init4         0x00000060       0x10 c:/program files (x86)/atmel/studio/7.0/toolchain/avr8/avr8-gnu-toolchain/bin/../lib/gcc/avr/5.4.0/avr5\libgcc.a(_clear_bss.o)
                0x00000060                __do_clear_bss
 *(.init4)
 *(.init5)
 *(.init5)
 *(.init6)
 *(.init6)
 *(.init7)
 *(.init7)
 *(.init8)
 *(.init8)
 *(.init9)
 .init9         0x00000070        0x8 C:/Program Files (x86)/Atmel/Studio/7.0/Packs/atmel/ATmega_DFP/1.7.374/gcc/dev/atmega32/avr5/crtatmega32.o
 *(.init9)
 *(.text)
 .text          0x00000078        0x4 C:/Program Files (x86)/Atmel/Studio/7.0/Packs/atmel/ATmega_DFP/1.7.374/gcc/dev/atmega32/avr5/crtatmega32.o
                0x00000078                __vector_12
                0x00000078                __bad_interrupt
                0x00000078                __vector_17
                0x00000078                __vector_19
                0x00000078                __vector_7
                0x00000078                __vector_5
                0x00000078                __vector_4
                0x00000078                __vector_9
                0x00000078                __vector_15
                0x00000078                __vector_8
                0x00000078                __vector_14
                0x00000078                __vector_16
                0x00000078                __vector_18
                0x00000078                __vector_20
                0x0000007c                . = ALIGN (0x2)
 *(.text.*)
 .text.main     0x0000007c        0xa APP/main.o
                0x0000007c                main
 .text.task1    0x00000086        0x8 APP/Sess32/sess_PROG.o
                0x00000086                task1
 .text.task2    0x0000008e        0x8 APP/Sess32/sess_PROG.o
                0x0000008e                task2
 .text.task3    0x00000096        0x8 APP/Sess32/sess_PROG.o
                0x00000096                task3
 .text.source_code
                0x0000009e       0x4c APP/Sess32/sess_PROG.o
                0x0000009e                source_code
 .text.DIO_setPinDir
                0x000000ea      0x116 MCAL/DIO/DIO_PROG.o
                0x000000ea                DIO_setPinDir
 .text.DIO_setPinValue
                0x00000200      0x116 MCAL/DIO/DIO_PROG.o
                0x00000200                DIO_setPinValue
 .text.DIO_readPinValue
                0x00000316       0x6c MCAL/DIO/DIO_PROG.o
                0x00000316                DIO_readPinValue
 .text.DIO_togglePinValue
                0x00000382       0x18 MCAL/DIO/DIO_PROG.o
                0x00000382                DIO_togglePinValue
 .text.__vector_1
                0x0000039a       0x4e MCAL/EXT/EXT_PROG.o
                0x0000039a                __vector_1
 .text.__vector_2
                0x000003e8       0x4e MCAL/EXT/EXT_PROG.o
                0x000003e8                __vector_2
 .text.__vector_3
                0x00000436       0x4e MCAL/EXT/EXT_PROG.o
                0x00000436                __vector_3
 .text.GI_enable
                0x00000484        0x8 MCAL/GI/GI_PROG.o
                0x00000484                GI_enable
 .text.TIMER0_initNormal
                0x0000048c       0x14 MCAL/TIMER0/TIMER0_PROG.o
                0x0000048c                TIMER0_initNormal
 .text.TIMER0_start
                0x000004a0       0xd8 MCAL/TIMER0/TIMER0_PROG.o
                0x000004a0                TIMER0_start
 .text.TIMER_setcallbackOv
                0x00000578        0xa MCAL/TIMER0/TIMER0_PROG.o
                0x00000578                TIMER_setcallbackOv
 .text.__vector_11
                0x00000582       0x4e MCAL/TIMER0/TIMER0_PROG.o
                0x00000582                __vector_11
 .text.__vector_10
                0x000005d0       0x4e MCAL/TIMER0/TIMER0_PROG.o
                0x000005d0                __vector_10
 .text.__vector_6
                0x0000061e       0x4e MCAL/TIMER1/TIMER1_PROG.o
                0x0000061e                __vector_6
 .text.__vector_13
                0x0000066c       0x4e MCAL/UART/UART_PROG.o
                0x0000066c                __vector_13
 .text.RTOS_Schedular
                0x000006ba       0x5e RTOS/RTOS.o
 .text.RTOS_Init
                0x00000718       0x12 RTOS/RTOS.o
                0x00000718                RTOS_Init
 .text.RTOS_CreateTask
                0x0000072a       0x1a RTOS/RTOS.o
                0x0000072a                RTOS_CreateTask
 .text.RTOS_Start
                0x00000744        0x8 RTOS/RTOS.o
                0x00000744                RTOS_Start
 .text.libgcc.div
                0x0000074c       0x28 c:/program files (x86)/atmel/studio/7.0/toolchain/avr8/avr8-gnu-toolchain/bin/../lib/gcc/avr/5.4.0/avr5\libgcc.a(_udivmodhi4.o)
                0x0000074c                __udivmodhi4
                0x00000774                . = ALIGN (0x2)
 *(.fini9)
 .fini9         0x00000774        0x0 c:/program files (x86)/atmel/studio/7.0/toolchain/avr8/avr8-gnu-toolchain/bin/../lib/gcc/avr/5.4.0/avr5\libgcc.a(_exit.o)
                0x00000774                _exit
                0x00000774                exit
 *(.fini9)
 *(.fini8)
 *(.fini8)
 *(.fini7)
 *(.fini7)
 *(.fini6)
 *(.fini6)
 *(.fini5)
 *(.fini5)
 *(.fini4)
 *(.fini4)
 *(.fini3)
 *(.fini3)
 *(.fini2)
 *(.fini2)
 *(.fini1)
 *(.fini1)
 *(.fini0)
 .fini0         0x00000774        0x4 c:/program files (x86)/atmel/studio/7.0/toolchain/avr8/avr8-gnu-toolchain/bin/../lib/gcc/avr/5.4.0/avr5\libgcc.a(_exit.o)
 *(.fini0)
                0x00000778                _etext = .

.data           0x00800060        0x0 load address 0x00000778
                [!provide]                PROVIDE (__data_start, .)
 *(.data)
 *(.data*)
 *(.gnu.linkonce.d*)
 *(.rodata)
 *(.rodata*)
 *(.gnu.linkonce.r*)
                0x00800060                . = ALIGN (0x2)
                0x00800060                _edata = .
                [!provide]                PROVIDE (__data_end, .)

.bss            0x00800060       0x1c
                0x00800060                PROVIDE (__bss_start, .)
 *(.bss)
 *(.bss*)
 .bss.counter.1777
                0x00800060        0x2 RTOS/RTOS.o
 *(COMMON)
 COMMON         0x00800062        0x6 MCAL/EXT/EXT_PROG.o
                0x00800062                EXT_int1Func
                0x00800064                EXT_int2Func
                0x00800066                EXT_int0Func
 COMMON         0x00800068        0x4 MCAL/TIMER0/TIMER0_PROG.o
                0x00800068                TIMER0_CTCFunc
                0x0080006a                TIMER0_OvFunc
 COMMON         0x0080006c        0x2 MCAL/TIMER1/TIMER1_PROG.o
                0x0080006c                TIMER1_IcuFunc
 COMMON         0x0080006e        0x2 MCAL/UART/UART_PROG.o
                0x0080006e                UART_INTFunc
 COMMON         0x00800070        0xc RTOS/RTOS.o
                0x00800070                arrTasks
                0x0080007c                PROVIDE (__bss_end, .)
                0x00000778                __data_load_start = LOADADDR (.data)
                0x00000778                __data_load_end = (__data_load_start + SIZEOF (.data))

.noinit         0x0080007c        0x0
                [!provide]                PROVIDE (__noinit_start, .)
 *(.noinit*)
                [!provide]                PROVIDE (__noinit_end, .)
                0x0080007c                _end = .
                [!provide]                PROVIDE (__heap_start, .)

.eeprom         0x00810000        0x0
 *(.eeprom*)
                0x00810000                __eeprom_end = .

.fuse
 *(.fuse)
 *(.lfuse)
 *(.hfuse)
 *(.efuse)

.lock
 *(.lock*)

.signature
 *(.signature*)

.user_signatures
 *(.user_signatures*)

.stab
 *(.stab)

.stabstr
 *(.stabstr)

.stab.excl
 *(.stab.excl)

.stab.exclstr
 *(.stab.exclstr)

.stab.index
 *(.stab.index)

.stab.indexstr
 *(.stab.indexstr)

.comment        0x00000000       0x30
 *(.comment)
 .comment       0x00000000       0x30 APP/main.o
                                 0x31 (size before relaxing)
 .comment       0x00000030       0x31 APP/Sess32/sess_PROG.o
 .comment       0x00000030       0x31 MCAL/DIO/DIO_PROG.o
 .comment       0x00000030       0x31 MCAL/EXT/EXT_PROG.o
 .comment       0x00000030       0x31 MCAL/GI/GI_PROG.o
 .comment       0x00000030       0x31 MCAL/TIMER0/TIMER0_PROG.o
 .comment       0x00000030       0x31 MCAL/TIMER1/TIMER1_PROG.o
 .comment       0x00000030       0x31 MCAL/UART/UART_PROG.o
 .comment       0x00000030       0x31 RTOS/RTOS.o

.note.gnu.avr.deviceinfo
                0x00000000       0x3c
 .note.gnu.avr.deviceinfo
                0x00000000       0x3c C:/Program Files (x86)/Atmel/Studio/7.0/Packs/atmel/ATmega_DFP/1.7.374/gcc/dev/atmega32/avr5/crtatmega32.o

.note.gnu.build-id
 *(.note.gnu.build-id)

.debug
 *(.debug)

.line
 *(.line)

.debug_srcinfo
 *(.debug_srcinfo)

.debug_sfnames
 *(.debug_sfnames)

.debug_aranges  0x00000000      0x280
 *(.debug_aranges)
 .debug_aranges
                0x00000000       0x20 APP/main.o
 .debug_aranges
                0x00000020       0x38 APP/Sess32/sess_PROG.o
 .debug_aranges
                0x00000058       0x40 MCAL/DIO/DIO_PROG.o
 .debug_aranges
                0x00000098       0x60 MCAL/EXT/EXT_PROG.o
 .debug_aranges
                0x000000f8       0x28 MCAL/GI/GI_PROG.o
 .debug_aranges
                0x00000120       0x78 MCAL/TIMER0/TIMER0_PROG.o
 .debug_aranges
                0x00000198       0x60 MCAL/TIMER1/TIMER1_PROG.o
 .debug_aranges
                0x000001f8       0x50 MCAL/UART/UART_PROG.o
 .debug_aranges
                0x00000248       0x38 RTOS/RTOS.o

.debug_pubnames
 *(.debug_pubnames)

.debug_info     0x00000000     0x1465
 *(.debug_info .gnu.linkonce.wi.*)
 .debug_info    0x00000000      0x4e6 C:/Program Files (x86)/Atmel/Studio/7.0/Packs/atmel/ATmega_DFP/1.7.374/gcc/dev/atmega32/avr5/crtatmega32.o
 .debug_info    0x000004e6       0xb2 APP/main.o
 .debug_info    0x00000598      0x239 APP/Sess32/sess_PROG.o
 .debug_info    0x000007d1      0x1b2 MCAL/DIO/DIO_PROG.o
 .debug_info    0x00000983      0x20f MCAL/EXT/EXT_PROG.o
 .debug_info    0x00000b92       0xb2 MCAL/GI/GI_PROG.o
 .debug_info    0x00000c44      0x224 MCAL/TIMER0/TIMER0_PROG.o
 .debug_info    0x00000e68      0x1f2 MCAL/TIMER1/TIMER1_PROG.o
 .debug_info    0x0000105a      0x1e0 MCAL/UART/UART_PROG.o
 .debug_info    0x0000123a      0x22b RTOS/RTOS.o

.debug_abbrev   0x00000000      0xbf8
 *(.debug_abbrev)
 .debug_abbrev  0x00000000      0x4a3 C:/Program Files (x86)/Atmel/Studio/7.0/Packs/atmel/ATmega_DFP/1.7.374/gcc/dev/atmega32/avr5/crtatmega32.o
 .debug_abbrev  0x000004a3       0x63 APP/main.o
 .debug_abbrev  0x00000506       0xa2 APP/Sess32/sess_PROG.o
 .debug_abbrev  0x000005a8       0xe3 MCAL/DIO/DIO_PROG.o
 .debug_abbrev  0x0000068b       0xad MCAL/EXT/EXT_PROG.o
 .debug_abbrev  0x00000738       0x4f MCAL/GI/GI_PROG.o
 .debug_abbrev  0x00000787       0xea MCAL/TIMER0/TIMER0_PROG.o
 .debug_abbrev  0x00000871       0xea MCAL/TIMER1/TIMER1_PROG.o
 .debug_abbrev  0x0000095b      0x14f MCAL/UART/UART_PROG.o
 .debug_abbrev  0x00000aaa      0x14e RTOS/RTOS.o

.debug_line     0x00000000      0xd67
 *(.debug_line .debug_line.* .debug_line_end)
 .debug_line    0x00000000      0x116 C:/Program Files (x86)/Atmel/Studio/7.0/Packs/atmel/ATmega_DFP/1.7.374/gcc/dev/atmega32/avr5/crtatmega32.o
 .debug_line    0x00000116       0x63 APP/main.o
 .debug_line    0x00000179       0xe4 APP/Sess32/sess_PROG.o
 .debug_line    0x0000025d      0x1d5 MCAL/DIO/DIO_PROG.o
 .debug_line    0x00000432      0x1ac MCAL/EXT/EXT_PROG.o
 .debug_line    0x000005de       0x74 MCAL/GI/GI_PROG.o
 .debug_line    0x00000652      0x280 MCAL/TIMER0/TIMER0_PROG.o
 .debug_line    0x000008d2      0x20a MCAL/TIMER1/TIMER1_PROG.o
 .debug_line    0x00000adc      0x171 MCAL/UART/UART_PROG.o
 .debug_line    0x00000c4d      0x11a RTOS/RTOS.o

.debug_frame    0x00000000      0x61c
 *(.debug_frame)
 .debug_frame   0x00000000       0x24 APP/main.o
 .debug_frame   0x00000024       0x54 APP/Sess32/sess_PROG.o
 .debug_frame   0x00000078       0x6c MCAL/DIO/DIO_PROG.o
 .debug_frame   0x000000e4      0x17c MCAL/EXT/EXT_PROG.o
 .debug_frame   0x00000260       0x34 MCAL/GI/GI_PROG.o
 .debug_frame   0x00000294      0x164 MCAL/TIMER0/TIMER0_PROG.o
 .debug_frame   0x000003f8       0xec MCAL/TIMER1/TIMER1_PROG.o
 .debug_frame   0x000004e4       0xdc MCAL/UART/UART_PROG.o
 .debug_frame   0x000005c0       0x5c RTOS/RTOS.o

.debug_str      0x00000000      0x7cb
 *(.debug_str)
 .debug_str     0x00000000      0x196 C:/Program Files (x86)/Atmel/Studio/7.0/Packs/atmel/ATmega_DFP/1.7.374/gcc/dev/atmega32/avr5/crtatmega32.o
 .debug_str     0x00000196      0x17e APP/main.o
                                0x1b2 (size before relaxing)
 .debug_str     0x00000314       0x72 APP/Sess32/sess_PROG.o
                                0x211 (size before relaxing)
 .debug_str     0x00000386       0x53 MCAL/DIO/DIO_PROG.o
                                0x207 (size before relaxing)
 .debug_str     0x000003d9       0xc5 MCAL/EXT/EXT_PROG.o
                                0x258 (size before relaxing)
 .debug_str     0x0000049e       0x2a MCAL/GI/GI_PROG.o
                                0x1bd (size before relaxing)
 .debug_str     0x000004c8      0x119 MCAL/TIMER0/TIMER0_PROG.o
                                0x2ac (size before relaxing)
 .debug_str     0x000005e1       0xe0 MCAL/TIMER1/TIMER1_PROG.o
                                0x279 (size before relaxing)
 .debug_str     0x000006c1       0xa2 MCAL/UART/UART_PROG.o
                                0x235 (size before relaxing)
 .debug_str     0x00000763       0x68 RTOS/RTOS.o
                                0x262 (size before relaxing)

.debug_loc      0x00000000      0xd01
 *(.debug_loc)
 .debug_loc     0x00000000      0x3f3 MCAL/DIO/DIO_PROG.o
 .debug_loc     0x000003f3      0x341 MCAL/EXT/EXT_PROG.o
 .debug_loc     0x00000734      0x27f MCAL/TIMER0/TIMER0_PROG.o
 .debug_loc     0x000009b3      0x12b MCAL/TIMER1/TIMER1_PROG.o
 .debug_loc     0x00000ade      0x1cc MCAL/UART/UART_PROG.o
 .debug_loc     0x00000caa       0x57 RTOS/RTOS.o

.debug_macinfo
 *(.debug_macinfo)

.debug_weaknames
 *(.debug_weaknames)

.debug_funcnames
 *(.debug_funcnames)

.debug_typenames
 *(.debug_typenames)

.debug_varnames
 *(.debug_varnames)

.debug_pubtypes
 *(.debug_pubtypes)

.debug_ranges   0x00000000      0x1f0
 *(.debug_ranges)
 .debug_ranges  0x00000000       0x10 APP/main.o
 .debug_ranges  0x00000010       0x28 APP/Sess32/sess_PROG.o
 .debug_ranges  0x00000038       0x30 MCAL/DIO/DIO_PROG.o
 .debug_ranges  0x00000068       0x50 MCAL/EXT/EXT_PROG.o
 .debug_ranges  0x000000b8       0x18 MCAL/GI/GI_PROG.o
 .debug_ranges  0x000000d0       0x68 MCAL/TIMER0/TIMER0_PROG.o
 .debug_ranges  0x00000138       0x50 MCAL/TIMER1/TIMER1_PROG.o
 .debug_ranges  0x00000188       0x40 MCAL/UART/UART_PROG.o
 .debug_ranges  0x000001c8       0x28 RTOS/RTOS.o

.debug_macro
 *(.debug_macro)
OUTPUT(code.elf elf32-avr)
LOAD linker stubs
