Archive member included to satisfy reference by file (symbol)

c:/program files (x86)/atmel/studio/7.0/toolchain/avr8/avr8-gnu-toolchain/bin/../lib/gcc/avr/5.4.0/../../../../avr/lib/avr5\libm.a(addsf3.o)
                              HAL/LCD/LCD_PROG.o (__subsf3)
c:/program files (x86)/atmel/studio/7.0/toolchain/avr8/avr8-gnu-toolchain/bin/../lib/gcc/avr/5.4.0/../../../../avr/lib/avr5\libm.a(addsf3x.o)
                              c:/program files (x86)/atmel/studio/7.0/toolchain/avr8/avr8-gnu-toolchain/bin/../lib/gcc/avr/5.4.0/../../../../avr/lib/avr5\libm.a(addsf3.o) (__addsf3x)
c:/program files (x86)/atmel/studio/7.0/toolchain/avr8/avr8-gnu-toolchain/bin/../lib/gcc/avr/5.4.0/../../../../avr/lib/avr5\libm.a(fixsfsi.o)
                              HAL/LCD/LCD_PROG.o (__fixsfsi)
c:/program files (x86)/atmel/studio/7.0/toolchain/avr8/avr8-gnu-toolchain/bin/../lib/gcc/avr/5.4.0/../../../../avr/lib/avr5\libm.a(fixunssfsi.o)
                              HAL/LCD/LCD_PROG.o (__fixunssfsi)
c:/program files (x86)/atmel/studio/7.0/toolchain/avr8/avr8-gnu-toolchain/bin/../lib/gcc/avr/5.4.0/../../../../avr/lib/avr5\libm.a(floatsisf.o)
                              HAL/LCD/LCD_PROG.o (__floatunsisf)
c:/program files (x86)/atmel/studio/7.0/toolchain/avr8/avr8-gnu-toolchain/bin/../lib/gcc/avr/5.4.0/../../../../avr/lib/avr5\libm.a(fp_inf.o)
                              c:/program files (x86)/atmel/studio/7.0/toolchain/avr8/avr8-gnu-toolchain/bin/../lib/gcc/avr/5.4.0/../../../../avr/lib/avr5\libm.a(addsf3x.o) (__fp_inf)
c:/program files (x86)/atmel/studio/7.0/toolchain/avr8/avr8-gnu-toolchain/bin/../lib/gcc/avr/5.4.0/../../../../avr/lib/avr5\libm.a(fp_nan.o)
                              c:/program files (x86)/atmel/studio/7.0/toolchain/avr8/avr8-gnu-toolchain/bin/../lib/gcc/avr/5.4.0/../../../../avr/lib/avr5\libm.a(addsf3x.o) (__fp_nan)
c:/program files (x86)/atmel/studio/7.0/toolchain/avr8/avr8-gnu-toolchain/bin/../lib/gcc/avr/5.4.0/../../../../avr/lib/avr5\libm.a(fp_pscA.o)
                              c:/program files (x86)/atmel/studio/7.0/toolchain/avr8/avr8-gnu-toolchain/bin/../lib/gcc/avr/5.4.0/../../../../avr/lib/avr5\libm.a(addsf3x.o) (__fp_pscA)
c:/program files (x86)/atmel/studio/7.0/toolchain/avr8/avr8-gnu-toolchain/bin/../lib/gcc/avr/5.4.0/../../../../avr/lib/avr5\libm.a(fp_pscB.o)
                              c:/program files (x86)/atmel/studio/7.0/toolchain/avr8/avr8-gnu-toolchain/bin/../lib/gcc/avr/5.4.0/../../../../avr/lib/avr5\libm.a(addsf3x.o) (__fp_pscB)
c:/program files (x86)/atmel/studio/7.0/toolchain/avr8/avr8-gnu-toolchain/bin/../lib/gcc/avr/5.4.0/../../../../avr/lib/avr5\libm.a(fp_round.o)
                              c:/program files (x86)/atmel/studio/7.0/toolchain/avr8/avr8-gnu-toolchain/bin/../lib/gcc/avr/5.4.0/../../../../avr/lib/avr5\libm.a(addsf3.o) (__fp_round)
c:/program files (x86)/atmel/studio/7.0/toolchain/avr8/avr8-gnu-toolchain/bin/../lib/gcc/avr/5.4.0/../../../../avr/lib/avr5\libm.a(fp_split3.o)
                              c:/program files (x86)/atmel/studio/7.0/toolchain/avr8/avr8-gnu-toolchain/bin/../lib/gcc/avr/5.4.0/../../../../avr/lib/avr5\libm.a(addsf3x.o) (__fp_split3)
c:/program files (x86)/atmel/studio/7.0/toolchain/avr8/avr8-gnu-toolchain/bin/../lib/gcc/avr/5.4.0/../../../../avr/lib/avr5\libm.a(fp_zero.o)
                              c:/program files (x86)/atmel/studio/7.0/toolchain/avr8/avr8-gnu-toolchain/bin/../lib/gcc/avr/5.4.0/../../../../avr/lib/avr5\libm.a(addsf3x.o) (__fp_zero)
c:/program files (x86)/atmel/studio/7.0/toolchain/avr8/avr8-gnu-toolchain/bin/../lib/gcc/avr/5.4.0/../../../../avr/lib/avr5\libm.a(mulsf3.o)
                              HAL/LCD/LCD_PROG.o (__mulsf3)
c:/program files (x86)/atmel/studio/7.0/toolchain/avr8/avr8-gnu-toolchain/bin/../lib/gcc/avr/5.4.0/../../../../avr/lib/avr5\libm.a(mulsf3x.o)
                              c:/program files (x86)/atmel/studio/7.0/toolchain/avr8/avr8-gnu-toolchain/bin/../lib/gcc/avr/5.4.0/../../../../avr/lib/avr5\libm.a(mulsf3.o) (__mulsf3x)
c:/program files (x86)/atmel/studio/7.0/toolchain/avr8/avr8-gnu-toolchain/bin/../lib/gcc/avr/5.4.0/avr5\libgcc.a(_udivmodhi4.o)
                              FREERTOS/queue.o (__udivmodhi4)
c:/program files (x86)/atmel/studio/7.0/toolchain/avr8/avr8-gnu-toolchain/bin/../lib/gcc/avr/5.4.0/avr5\libgcc.a(_divmodhi4.o)
                              HAL/LCD/LCD_PROG.o (__divmodhi4)
c:/program files (x86)/atmel/studio/7.0/toolchain/avr8/avr8-gnu-toolchain/bin/../lib/gcc/avr/5.4.0/avr5\libgcc.a(_divmodsi4.o)
                              MCAL/TIMER1/TIMER1_PROG.o (__divmodsi4)
c:/program files (x86)/atmel/studio/7.0/toolchain/avr8/avr8-gnu-toolchain/bin/../lib/gcc/avr/5.4.0/avr5\libgcc.a(_negsi2.o)
                              c:/program files (x86)/atmel/studio/7.0/toolchain/avr8/avr8-gnu-toolchain/bin/../lib/gcc/avr/5.4.0/avr5\libgcc.a(_divmodsi4.o) (__negsi2)
c:/program files (x86)/atmel/studio/7.0/toolchain/avr8/avr8-gnu-toolchain/bin/../lib/gcc/avr/5.4.0/avr5\libgcc.a(_exit.o)
                              C:/Program Files (x86)/Atmel/Studio/7.0/Packs/atmel/ATmega_DFP/1.7.374/gcc/dev/atmega32/avr5/crtatmega32.o (exit)
c:/program files (x86)/atmel/studio/7.0/toolchain/avr8/avr8-gnu-toolchain/bin/../lib/gcc/avr/5.4.0/avr5\libgcc.a(_tablejump2.o)
                              MCAL/WDT/WDT_PROG.o (__tablejump2__)
c:/program files (x86)/atmel/studio/7.0/toolchain/avr8/avr8-gnu-toolchain/bin/../lib/gcc/avr/5.4.0/avr5\libgcc.a(_copy_data.o)
                              FREERTOS/tasks.o (__do_copy_data)
c:/program files (x86)/atmel/studio/7.0/toolchain/avr8/avr8-gnu-toolchain/bin/../lib/gcc/avr/5.4.0/avr5\libgcc.a(_clear_bss.o)
                              FREERTOS/heap_1.o (__do_clear_bss)
c:/program files (x86)/atmel/studio/7.0/toolchain/avr8/avr8-gnu-toolchain/bin/../lib/gcc/avr/5.4.0/avr5\libgcc.a(_udivmodsi4.o)
                              c:/program files (x86)/atmel/studio/7.0/toolchain/avr8/avr8-gnu-toolchain/bin/../lib/gcc/avr/5.4.0/avr5\libgcc.a(_divmodsi4.o) (__udivmodsi4)
c:/program files (x86)/atmel/studio/7.0/toolchain/avr8/avr8-gnu-toolchain/bin/../lib/gcc/avr/5.4.0/../../../../avr/lib/avr5\libc.a(memcpy.o)
                              FREERTOS/queue.o (memcpy)

Allocating common symbols
Common symbol       size              file

TIMER0_CTCFunc      0x2               MCAL/TIMER0/TIMER0_PROG.o
EXT_int1Func        0x2               MCAL/EXT/EXT_PROG.o
UART_INTFunc        0x2               MCAL/UART/UART_PROG.o
EXT_int2Func        0x2               MCAL/EXT/EXT_PROG.o
EXT_int0Func        0x2               MCAL/EXT/EXT_PROG.o
arrTasks            0xc               RTOS/RTOS.o
TIMER0_OvFunc       0x2               MCAL/TIMER0/TIMER0_PROG.o
TIMER1_IcuFunc      0x2               MCAL/TIMER1/TIMER1_PROG.o

Discarded input sections

 .data          0x00000000        0x0 C:/Program Files (x86)/Atmel/Studio/7.0/Packs/atmel/ATmega_DFP/1.7.374/gcc/dev/atmega32/avr5/crtatmega32.o
 .bss           0x00000000        0x0 C:/Program Files (x86)/Atmel/Studio/7.0/Packs/atmel/ATmega_DFP/1.7.374/gcc/dev/atmega32/avr5/crtatmega32.o
 .text          0x00000000        0x0 APP/main.o
 .data          0x00000000        0x0 APP/main.o
 .bss           0x00000000        0x0 APP/main.o
 .text          0x00000000        0x0 APP/Sess16/ASG1/ASS_PROG.o
 .data          0x00000000        0x0 APP/Sess16/ASG1/ASS_PROG.o
 .bss           0x00000000        0x0 APP/Sess16/ASG1/ASS_PROG.o
 .debug_line    0x00000000        0x0 APP/Sess16/ASG1/ASS_PROG.o
 .debug_str     0x00000000      0x120 APP/Sess16/ASG1/ASS_PROG.o
 .comment       0x00000000       0x31 APP/Sess16/ASG1/ASS_PROG.o
 .text          0x00000000        0x0 APP/Sess16/ses.o
 .data          0x00000000        0x0 APP/Sess16/ses.o
 .bss           0x00000000        0x0 APP/Sess16/ses.o
 .debug_line    0x00000000        0x0 APP/Sess16/ses.o
 .debug_str     0x00000000      0x116 APP/Sess16/ses.o
 .comment       0x00000000       0x31 APP/Sess16/ses.o
 .text          0x00000000        0x0 APP/Sess16/Task/ses.o
 .data          0x00000000        0x0 APP/Sess16/Task/ses.o
 .bss           0x00000000        0x0 APP/Sess16/Task/ses.o
 .debug_line    0x00000000        0x0 APP/Sess16/Task/ses.o
 .debug_str     0x00000000      0x11b APP/Sess16/Task/ses.o
 .comment       0x00000000       0x31 APP/Sess16/Task/ses.o
 .text          0x00000000        0x0 APP/Sess17/ses.o
 .data          0x00000000        0x0 APP/Sess17/ses.o
 .bss           0x00000000        0x0 APP/Sess17/ses.o
 .debug_line    0x00000000        0x0 APP/Sess17/ses.o
 .debug_str     0x00000000      0x116 APP/Sess17/ses.o
 .comment       0x00000000       0x31 APP/Sess17/ses.o
 .text          0x00000000        0x0 APP/Sess18/ASG2/ASS_PROG.o
 .data          0x00000000        0x0 APP/Sess18/ASG2/ASS_PROG.o
 .bss           0x00000000        0x0 APP/Sess18/ASG2/ASS_PROG.o
 .debug_line    0x00000000        0x0 APP/Sess18/ASG2/ASS_PROG.o
 .debug_str     0x00000000      0x120 APP/Sess18/ASG2/ASS_PROG.o
 .comment       0x00000000       0x31 APP/Sess18/ASG2/ASS_PROG.o
 .text          0x00000000        0x0 APP/Sess18/ses.o
 .data          0x00000000        0x0 APP/Sess18/ses.o
 .bss           0x00000000        0x0 APP/Sess18/ses.o
 .debug_line    0x00000000        0x0 APP/Sess18/ses.o
 .debug_str     0x00000000      0x116 APP/Sess18/ses.o
 .comment       0x00000000       0x31 APP/Sess18/ses.o
 .text          0x00000000        0x0 APP/Sess18/TASKNEWCHARACTER/NEWCHARACTER_PROG.o
 .data          0x00000000        0x0 APP/Sess18/TASKNEWCHARACTER/NEWCHARACTER_PROG.o
 .bss           0x00000000        0x0 APP/Sess18/TASKNEWCHARACTER/NEWCHARACTER_PROG.o
 .debug_line    0x00000000        0x0 APP/Sess18/TASKNEWCHARACTER/NEWCHARACTER_PROG.o
 .debug_str     0x00000000      0x135 APP/Sess18/TASKNEWCHARACTER/NEWCHARACTER_PROG.o
 .comment       0x00000000       0x31 APP/Sess18/TASKNEWCHARACTER/NEWCHARACTER_PROG.o
 .text          0x00000000        0x0 APP/Sess19/sess_PROG.o
 .data          0x00000000        0x0 APP/Sess19/sess_PROG.o
 .bss           0x00000000        0x0 APP/Sess19/sess_PROG.o
 .debug_line    0x00000000        0x0 APP/Sess19/sess_PROG.o
 .debug_str     0x00000000      0x11c APP/Sess19/sess_PROG.o
 .comment       0x00000000       0x31 APP/Sess19/sess_PROG.o
 .text          0x00000000        0x0 APP/Sess19/TASKCALC/CALC_PROG.o
 .data          0x00000000        0x0 APP/Sess19/TASKCALC/CALC_PROG.o
 .bss           0x00000000        0x0 APP/Sess19/TASKCALC/CALC_PROG.o
 .debug_line    0x00000000        0x0 APP/Sess19/TASKCALC/CALC_PROG.o
 .debug_str     0x00000000      0x125 APP/Sess19/TASKCALC/CALC_PROG.o
 .comment       0x00000000       0x31 APP/Sess19/TASKCALC/CALC_PROG.o
 .text          0x00000000        0x0 APP/Sess19/TASKLOGINSYSTEM/LOG_PROG.o
 .data          0x00000000        0x0 APP/Sess19/TASKLOGINSYSTEM/LOG_PROG.o
 .bss           0x00000000        0x0 APP/Sess19/TASKLOGINSYSTEM/LOG_PROG.o
 .debug_line    0x00000000        0x0 APP/Sess19/TASKLOGINSYSTEM/LOG_PROG.o
 .debug_str     0x00000000      0x12b APP/Sess19/TASKLOGINSYSTEM/LOG_PROG.o
 .comment       0x00000000       0x31 APP/Sess19/TASKLOGINSYSTEM/LOG_PROG.o
 .text          0x00000000        0x0 APP/Sess20/sess_PROG.o
 .data          0x00000000        0x0 APP/Sess20/sess_PROG.o
 .bss           0x00000000        0x0 APP/Sess20/sess_PROG.o
 .debug_line    0x00000000        0x0 APP/Sess20/sess_PROG.o
 .debug_str     0x00000000      0x11c APP/Sess20/sess_PROG.o
 .comment       0x00000000       0x31 APP/Sess20/sess_PROG.o
 .text          0x00000000        0x0 APP/Sess22TI1/SESSTI1_PROG.o
 .data          0x00000000        0x0 APP/Sess22TI1/SESSTI1_PROG.o
 .bss           0x00000000        0x0 APP/Sess22TI1/SESSTI1_PROG.o
 .debug_line    0x00000000        0x0 APP/Sess22TI1/SESSTI1_PROG.o
 .debug_str     0x00000000      0x122 APP/Sess22TI1/SESSTI1_PROG.o
 .comment       0x00000000       0x31 APP/Sess22TI1/SESSTI1_PROG.o
 .text          0x00000000        0x0 APP/Sess21/SESS_PROG.o
 .data          0x00000000        0x0 APP/Sess21/SESS_PROG.o
 .bss           0x00000000        0x0 APP/Sess21/SESS_PROG.o
 .debug_line    0x00000000        0x0 APP/Sess21/SESS_PROG.o
 .debug_str     0x00000000      0x11c APP/Sess21/SESS_PROG.o
 .comment       0x00000000       0x31 APP/Sess21/SESS_PROG.o
 .text          0x00000000        0x0 APP/Sess21/TASK/TASK_PROG.o
 .data          0x00000000        0x0 APP/Sess21/TASK/TASK_PROG.o
 .bss           0x00000000        0x0 APP/Sess21/TASK/TASK_PROG.o
 .debug_line    0x00000000        0x0 APP/Sess21/TASK/TASK_PROG.o
 .debug_str     0x00000000      0x121 APP/Sess21/TASK/TASK_PROG.o
 .comment       0x00000000       0x31 APP/Sess21/TASK/TASK_PROG.o
 .text          0x00000000        0x0 APP/Sess22TI1/TASKCOUNTER/TASKCOUNTER_PROG.o
 .data          0x00000000        0x0 APP/Sess22TI1/TASKCOUNTER/TASKCOUNTER_PROG.o
 .bss           0x00000000        0x0 APP/Sess22TI1/TASKCOUNTER/TASKCOUNTER_PROG.o
 .debug_line    0x00000000        0x0 APP/Sess22TI1/TASKCOUNTER/TASKCOUNTER_PROG.o
 .debug_str     0x00000000      0x132 APP/Sess22TI1/TASKCOUNTER/TASKCOUNTER_PROG.o
 .comment       0x00000000       0x31 APP/Sess22TI1/TASKCOUNTER/TASKCOUNTER_PROG.o
 .text          0x00000000        0x0 APP/Sess23CTC/PWM/PWM_PROG.o
 .data          0x00000000        0x0 APP/Sess23CTC/PWM/PWM_PROG.o
 .bss           0x00000000        0x0 APP/Sess23CTC/PWM/PWM_PROG.o
 .debug_line    0x00000000        0x0 APP/Sess23CTC/PWM/PWM_PROG.o
 .debug_str     0x00000000      0x122 APP/Sess23CTC/PWM/PWM_PROG.o
 .comment       0x00000000       0x31 APP/Sess23CTC/PWM/PWM_PROG.o
 .text          0x00000000        0x0 APP/Sess23CTC/sess_PROG.o
 .data          0x00000000        0x0 APP/Sess23CTC/sess_PROG.o
 .bss           0x00000000        0x0 APP/Sess23CTC/sess_PROG.o
 .debug_line    0x00000000        0x0 APP/Sess23CTC/sess_PROG.o
 .debug_str     0x00000000      0x11f APP/Sess23CTC/sess_PROG.o
 .comment       0x00000000       0x31 APP/Sess23CTC/sess_PROG.o
 .text          0x00000000        0x0 APP/Sess24MOTOR/SERVO/SERVO_PROG.o
 .data          0x00000000        0x0 APP/Sess24MOTOR/SERVO/SERVO_PROG.o
 .bss           0x00000000        0x0 APP/Sess24MOTOR/SERVO/SERVO_PROG.o
 .debug_line    0x00000000        0x0 APP/Sess24MOTOR/SERVO/SERVO_PROG.o
 .debug_str     0x00000000      0x128 APP/Sess24MOTOR/SERVO/SERVO_PROG.o
 .comment       0x00000000       0x31 APP/Sess24MOTOR/SERVO/SERVO_PROG.o
 .text          0x00000000        0x0 APP/Sess24MOTOR/sess_PROG.o
 .data          0x00000000        0x0 APP/Sess24MOTOR/sess_PROG.o
 .bss           0x00000000        0x0 APP/Sess24MOTOR/sess_PROG.o
 .debug_line    0x00000000        0x0 APP/Sess24MOTOR/sess_PROG.o
 .debug_str     0x00000000      0x121 APP/Sess24MOTOR/sess_PROG.o
 .comment       0x00000000       0x31 APP/Sess24MOTOR/sess_PROG.o
 .text          0x00000000        0x0 APP/Sess25WDT/sess_PROG.o
 .data          0x00000000        0x0 APP/Sess25WDT/sess_PROG.o
 .bss           0x00000000        0x0 APP/Sess25WDT/sess_PROG.o
 .debug_line    0x00000000        0x0 APP/Sess25WDT/sess_PROG.o
 .debug_str     0x00000000      0x11f APP/Sess25WDT/sess_PROG.o
 .comment       0x00000000       0x31 APP/Sess25WDT/sess_PROG.o
 .text          0x00000000        0x0 APP/Sess25WDT/TaskULTRASONIC/ULTRA_PROG.o
 .data          0x00000000        0x0 APP/Sess25WDT/TaskULTRASONIC/ULTRA_PROG.o
 .bss           0x00000000        0x0 APP/Sess25WDT/TaskULTRASONIC/ULTRA_PROG.o
 .debug_line    0x00000000        0x0 APP/Sess25WDT/TaskULTRASONIC/ULTRA_PROG.o
 .debug_str     0x00000000      0x12f APP/Sess25WDT/TaskULTRASONIC/ULTRA_PROG.o
 .comment       0x00000000       0x31 APP/Sess25WDT/TaskULTRASONIC/ULTRA_PROG.o
 .text          0x00000000        0x0 APP/Sess26UART/sess_PROG.o
 .data          0x00000000        0x0 APP/Sess26UART/sess_PROG.o
 .bss           0x00000000        0x0 APP/Sess26UART/sess_PROG.o
 .debug_line    0x00000000        0x0 APP/Sess26UART/sess_PROG.o
 .debug_str     0x00000000      0x120 APP/Sess26UART/sess_PROG.o
 .comment       0x00000000       0x31 APP/Sess26UART/sess_PROG.o
 .text          0x00000000        0x0 APP/Sess26UART/TASKKPDUART/TASKKPDUART_PROG.o
 .data          0x00000000        0x0 APP/Sess26UART/TASKKPDUART/TASKKPDUART_PROG.o
 .bss           0x00000000        0x0 APP/Sess26UART/TASKKPDUART/TASKKPDUART_PROG.o
 .debug_line    0x00000000        0x0 APP/Sess26UART/TASKKPDUART/TASKKPDUART_PROG.o
 .debug_str     0x00000000      0x133 APP/Sess26UART/TASKKPDUART/TASKKPDUART_PROG.o
 .comment       0x00000000       0x31 APP/Sess26UART/TASKKPDUART/TASKKPDUART_PROG.o
 .text          0x00000000        0x0 APP/Sess27SPI/BLUTOTH/sess_PROG.o
 .data          0x00000000        0x0 APP/Sess27SPI/BLUTOTH/sess_PROG.o
 .bss           0x00000000        0x0 APP/Sess27SPI/BLUTOTH/sess_PROG.o
 .debug_line    0x00000000        0x0 APP/Sess27SPI/BLUTOTH/sess_PROG.o
 .debug_str     0x00000000      0x127 APP/Sess27SPI/BLUTOTH/sess_PROG.o
 .comment       0x00000000       0x31 APP/Sess27SPI/BLUTOTH/sess_PROG.o
 .text          0x00000000        0x0 APP/Sess27SPI/sess_PROG.o
 .data          0x00000000        0x0 APP/Sess27SPI/sess_PROG.o
 .bss           0x00000000        0x0 APP/Sess27SPI/sess_PROG.o
 .debug_line    0x00000000        0x0 APP/Sess27SPI/sess_PROG.o
 .debug_str     0x00000000      0x11f APP/Sess27SPI/sess_PROG.o
 .comment       0x00000000       0x31 APP/Sess27SPI/sess_PROG.o
 .text          0x00000000        0x0 APP/Sess28I2C/sess_PROG.o
 .data          0x00000000        0x0 APP/Sess28I2C/sess_PROG.o
 .bss           0x00000000        0x0 APP/Sess28I2C/sess_PROG.o
 .debug_line    0x00000000        0x0 APP/Sess28I2C/sess_PROG.o
 .debug_str     0x00000000      0x11f APP/Sess28I2C/sess_PROG.o
 .comment       0x00000000       0x31 APP/Sess28I2C/sess_PROG.o
 .text          0x00000000        0x0 APP/Sess29EEPROM/sess_PROG.o
 .data          0x00000000        0x0 APP/Sess29EEPROM/sess_PROG.o
 .bss           0x00000000        0x0 APP/Sess29EEPROM/sess_PROG.o
 .debug_line    0x00000000        0x0 APP/Sess29EEPROM/sess_PROG.o
 .debug_str     0x00000000      0x122 APP/Sess29EEPROM/sess_PROG.o
 .comment       0x00000000       0x31 APP/Sess29EEPROM/sess_PROG.o
 .text          0x00000000        0x0 APP/Sess29EEPROM/TASKEEPROMPASS/TASKEEPROMPASS_PROG.o
 .data          0x00000000        0x0 APP/Sess29EEPROM/TASKEEPROMPASS/TASKEEPROMPASS_PROG.o
 .bss           0x00000000        0x0 APP/Sess29EEPROM/TASKEEPROMPASS/TASKEEPROMPASS_PROG.o
 .debug_line    0x00000000        0x0 APP/Sess29EEPROM/TASKEEPROMPASS/TASKEEPROMPASS_PROG.o
 .debug_str     0x00000000      0x13b APP/Sess29EEPROM/TASKEEPROMPASS/TASKEEPROMPASS_PROG.o
 .comment       0x00000000       0x31 APP/Sess29EEPROM/TASKEEPROMPASS/TASKEEPROMPASS_PROG.o
 .text          0x00000000        0x0 APP/Sess32/sess_PROG.o
 .data          0x00000000        0x0 APP/Sess32/sess_PROG.o
 .bss           0x00000000        0x0 APP/Sess32/sess_PROG.o
 .debug_line    0x00000000        0x0 APP/Sess32/sess_PROG.o
 .debug_str     0x00000000      0x11c APP/Sess32/sess_PROG.o
 .comment       0x00000000       0x31 APP/Sess32/sess_PROG.o
 .text          0x00000000        0x0 APP/Sess32/TTL/sess_PROG.o
 .data          0x00000000        0x0 APP/Sess32/TTL/sess_PROG.o
 .bss           0x00000000        0x0 APP/Sess32/TTL/sess_PROG.o
 .debug_line    0x00000000        0x0 APP/Sess32/TTL/sess_PROG.o
 .debug_str     0x00000000      0x120 APP/Sess32/TTL/sess_PROG.o
 .comment       0x00000000       0x31 APP/Sess32/TTL/sess_PROG.o
 .text          0x00000000        0x0 APP/Sess33FREERTOS/sess_PROG.o
 .data          0x00000000        0x0 APP/Sess33FREERTOS/sess_PROG.o
 .bss           0x00000000        0x0 APP/Sess33FREERTOS/sess_PROG.o
 .text          0x00000000        0x0 FREERTOS/croutine.o
 .data          0x00000000        0x0 FREERTOS/croutine.o
 .bss           0x00000000        0x0 FREERTOS/croutine.o
 .debug_info    0x00000000       0x64 FREERTOS/croutine.o
 .debug_abbrev  0x00000000       0x26 FREERTOS/croutine.o
 .debug_aranges
                0x00000000       0x18 FREERTOS/croutine.o
 .debug_line    0x00000000       0x1a FREERTOS/croutine.o
 .debug_str     0x00000000      0x18e FREERTOS/croutine.o
 .comment       0x00000000       0x31 FREERTOS/croutine.o
 .text          0x00000000        0x0 FREERTOS/event_groups.o
 .data          0x00000000        0x0 FREERTOS/event_groups.o
 .bss           0x00000000        0x0 FREERTOS/event_groups.o
 .text.prvTestWaitCondition
                0x00000000       0x26 FREERTOS/event_groups.o
 .text.xEventGroupCreate
                0x00000000       0x26 FREERTOS/event_groups.o
 .text.xEventGroupWaitBits
                0x00000000       0xe4 FREERTOS/event_groups.o
 .text.xEventGroupClearBits
                0x00000000       0x1e FREERTOS/event_groups.o
 .text.xEventGroupGetBitsFromISR
                0x00000000        0x8 FREERTOS/event_groups.o
 .text.xEventGroupSetBits
                0x00000000       0xc8 FREERTOS/event_groups.o
 .text.xEventGroupSync
                0x00000000       0xd6 FREERTOS/event_groups.o
 .text.vEventGroupDelete
                0x00000000       0x2e FREERTOS/event_groups.o
 .text.vEventGroupSetBitsCallback
                0x00000000        0x8 FREERTOS/event_groups.o
 .text.vEventGroupClearBitsCallback
                0x00000000        0x8 FREERTOS/event_groups.o
 .debug_info    0x00000000      0x8db FREERTOS/event_groups.o
 .debug_abbrev  0x00000000      0x1dc FREERTOS/event_groups.o
 .debug_loc     0x00000000      0xb41 FREERTOS/event_groups.o
 .debug_aranges
                0x00000000       0x68 FREERTOS/event_groups.o
 .debug_ranges  0x00000000       0x70 FREERTOS/event_groups.o
 .debug_line    0x00000000      0x403 FREERTOS/event_groups.o
 .debug_str     0x00000000      0x5a2 FREERTOS/event_groups.o
 .comment       0x00000000       0x31 FREERTOS/event_groups.o
 .debug_frame   0x00000000      0x15c FREERTOS/event_groups.o
 .text          0x00000000        0x0 FREERTOS/heap_1.o
 .data          0x00000000        0x0 FREERTOS/heap_1.o
 .bss           0x00000000        0x0 FREERTOS/heap_1.o
 .text.pvPortMalloc
                0x00000000       0x74 FREERTOS/heap_1.o
 .text.vPortFree
                0x00000000        0x2 FREERTOS/heap_1.o
 .text.vPortInitialiseBlocks
                0x00000000        0xa FREERTOS/heap_1.o
 .text.xPortGetFreeHeapSize
                0x00000000       0x12 FREERTOS/heap_1.o
 .bss.pucAlignedHeap.2112
                0x00000000        0x2 FREERTOS/heap_1.o
 .bss.xNextFreeByte
                0x00000000        0x2 FREERTOS/heap_1.o
 .bss.ucHeap    0x00000000      0x640 FREERTOS/heap_1.o
 .debug_info    0x00000000      0x1a4 FREERTOS/heap_1.o
 .debug_abbrev  0x00000000      0x11c FREERTOS/heap_1.o
 .debug_loc     0x00000000      0x10f FREERTOS/heap_1.o
 .debug_aranges
                0x00000000       0x38 FREERTOS/heap_1.o
 .debug_ranges  0x00000000       0x28 FREERTOS/heap_1.o
 .debug_line    0x00000000      0x1b4 FREERTOS/heap_1.o
 .debug_str     0x00000000      0x23e FREERTOS/heap_1.o
 .comment       0x00000000       0x31 FREERTOS/heap_1.o
 .debug_frame   0x00000000       0x60 FREERTOS/heap_1.o
 .text          0x00000000        0x0 FREERTOS/list.o
 .data          0x00000000        0x0 FREERTOS/list.o
 .bss           0x00000000        0x0 FREERTOS/list.o
 .text.vListInitialise
                0x00000000       0x1c FREERTOS/list.o
 .text.vListInitialiseItem
                0x00000000        0x8 FREERTOS/list.o
 .text.vListInsertEnd
                0x00000000       0x42 FREERTOS/list.o
 .text.vListInsert
                0x00000000       0x62 FREERTOS/list.o
 .text.uxListRemove
                0x00000000       0x4e FREERTOS/list.o
 .debug_info    0x00000000      0x2d8 FREERTOS/list.o
 .debug_abbrev  0x00000000       0xff FREERTOS/list.o
 .debug_loc     0x00000000      0x145 FREERTOS/list.o
 .debug_aranges
                0x00000000       0x40 FREERTOS/list.o
 .debug_ranges  0x00000000       0x30 FREERTOS/list.o
 .debug_line    0x00000000      0x1d7 FREERTOS/list.o
 .debug_str     0x00000000      0x2cd FREERTOS/list.o
 .comment       0x00000000       0x31 FREERTOS/list.o
 .debug_frame   0x00000000       0x88 FREERTOS/list.o
 .text          0x00000000        0x0 FREERTOS/port.o
 .data          0x00000000        0x0 FREERTOS/port.o
 .bss           0x00000000        0x0 FREERTOS/port.o
 .text.prvSetupTimerInterrupt
                0x00000000       0x12 FREERTOS/port.o
 .text.pxPortInitialiseStack
                0x00000000       0xd8 FREERTOS/port.o
 .text.xPortStartScheduler
                0x00000000       0x5e FREERTOS/port.o
 .text.vPortEndScheduler
                0x00000000        0x2 FREERTOS/port.o
 .text.vPortYield
                0x00000000       0xb2 FREERTOS/port.o
 .text          0x00000000        0x0 FREERTOS/queue.o
 .data          0x00000000        0x0 FREERTOS/queue.o
 .bss           0x00000000        0x0 FREERTOS/queue.o
 .text.prvIsQueueEmpty
                0x00000000       0x1a FREERTOS/queue.o
 .text.prvIsQueueFull
                0x00000000       0x1c FREERTOS/queue.o
 .text.prvCopyDataToQueue
                0x00000000       0x92 FREERTOS/queue.o
 .text.prvCopyDataFromQueue
                0x00000000       0x34 FREERTOS/queue.o
 .text.prvUnlockQueue
                0x00000000       0x68 FREERTOS/queue.o
 .text.xQueueGenericReset
                0x00000000       0xc0 FREERTOS/queue.o
 .text.prvInitialiseNewQueue
                0x00000000       0x26 FREERTOS/queue.o
 .text.xQueueGenericCreate
                0x00000000       0x82 FREERTOS/queue.o
 .text.xQueueCreateCountingSemaphore
                0x00000000       0x2c FREERTOS/queue.o
 .text.xQueueGenericSend
                0x00000000      0x124 FREERTOS/queue.o
 .text.xQueueGenericSendFromISR
                0x00000000       0x84 FREERTOS/queue.o
 .text.xQueueGiveFromISR
                0x00000000       0x70 FREERTOS/queue.o
 .text.xQueueReceive
                0x00000000      0x11e FREERTOS/queue.o
 .text.xQueueSemaphoreTake
                0x00000000      0x106 FREERTOS/queue.o
 .text.xQueuePeek
                0x00000000      0x122 FREERTOS/queue.o
 .text.xQueueReceiveFromISR
                0x00000000       0x7a FREERTOS/queue.o
 .text.xQueuePeekFromISR
                0x00000000       0x2e FREERTOS/queue.o
 .text.uxQueueMessagesWaiting
                0x00000000       0x10 FREERTOS/queue.o
 .text.uxQueueSpacesAvailable
                0x00000000       0x16 FREERTOS/queue.o
 .text.uxQueueMessagesWaitingFromISR
                0x00000000        0x6 FREERTOS/queue.o
 .text.vQueueDelete
                0x00000000        0x6 FREERTOS/queue.o
 .text.xQueueIsQueueEmptyFromISR
                0x00000000       0x10 FREERTOS/queue.o
 .text.xQueueIsQueueFullFromISR
                0x00000000       0x12 FREERTOS/queue.o
 .debug_info    0x00000000     0x1563 FREERTOS/queue.o
 .debug_abbrev  0x00000000      0x227 FREERTOS/queue.o
 .debug_loc     0x00000000     0x19c9 FREERTOS/queue.o
 .debug_aranges
                0x00000000       0xd0 FREERTOS/queue.o
 .debug_ranges  0x00000000      0x108 FREERTOS/queue.o
 .debug_line    0x00000000      0xaed FREERTOS/queue.o
 .debug_str     0x00000000      0x7f5 FREERTOS/queue.o
 .comment       0x00000000       0x31 FREERTOS/queue.o
 .debug_frame   0x00000000      0x314 FREERTOS/queue.o
 .text          0x00000000        0x0 FREERTOS/stream_buffer.o
 .data          0x00000000        0x0 FREERTOS/stream_buffer.o
 .bss           0x00000000        0x0 FREERTOS/stream_buffer.o
 .text.prvBytesInBuffer
                0x00000000       0x26 FREERTOS/stream_buffer.o
 .text.prvInitialiseNewStreamBuffer
                0x00000000       0x20 FREERTOS/stream_buffer.o
 .text.prvWriteBytesToBuffer
                0x00000000       0x88 FREERTOS/stream_buffer.o
 .text.prvWriteMessageToBuffer
                0x00000000       0x8e FREERTOS/stream_buffer.o
 .text.prvReadBytesFromBuffer
                0x00000000       0x88 FREERTOS/stream_buffer.o
 .text.prvReadMessageFromBuffer
                0x00000000       0x90 FREERTOS/stream_buffer.o
 .text.xStreamBufferGenericCreate
                0x00000000       0x80 FREERTOS/stream_buffer.o
 .text.vStreamBufferDelete
                0x00000000       0x1a FREERTOS/stream_buffer.o
 .text.xStreamBufferReset
                0x00000000       0x56 FREERTOS/stream_buffer.o
 .text.xStreamBufferSetTriggerLevel
                0x00000000       0x22 FREERTOS/stream_buffer.o
 .text.xStreamBufferSpacesAvailable
                0x00000000       0x34 FREERTOS/stream_buffer.o
 .text.xStreamBufferBytesAvailable
                0x00000000        0x6 FREERTOS/stream_buffer.o
 .text.xStreamBufferSend
                0x00000000      0x174 FREERTOS/stream_buffer.o
 .text.xStreamBufferSendFromISR
                0x00000000       0x8e FREERTOS/stream_buffer.o
 .text.xStreamBufferReceive
                0x00000000      0x102 FREERTOS/stream_buffer.o
 .text.xStreamBufferNextMessageLengthBytes
                0x00000000       0x54 FREERTOS/stream_buffer.o
 .text.xStreamBufferReceiveFromISR
                0x00000000       0x8a FREERTOS/stream_buffer.o
 .text.xStreamBufferIsEmpty
                0x00000000       0x18 FREERTOS/stream_buffer.o
 .text.xStreamBufferIsFull
                0x00000000       0x2c FREERTOS/stream_buffer.o
 .text.xStreamBufferSendCompletedFromISR
                0x00000000       0x4c FREERTOS/stream_buffer.o
 .text.xStreamBufferReceiveCompletedFromISR
                0x00000000       0x4c FREERTOS/stream_buffer.o
 .debug_info    0x00000000     0x1376 FREERTOS/stream_buffer.o
 .debug_abbrev  0x00000000      0x200 FREERTOS/stream_buffer.o
 .debug_loc     0x00000000     0x1c9f FREERTOS/stream_buffer.o
 .debug_aranges
                0x00000000       0xc0 FREERTOS/stream_buffer.o
 .debug_ranges  0x00000000       0xb0 FREERTOS/stream_buffer.o
 .debug_line    0x00000000      0x77c FREERTOS/stream_buffer.o
 .debug_str     0x00000000      0x845 FREERTOS/stream_buffer.o
 .comment       0x00000000       0x31 FREERTOS/stream_buffer.o
 .debug_frame   0x00000000      0x41c FREERTOS/stream_buffer.o
 .text          0x00000000        0x0 FREERTOS/tasks.o
 .data          0x00000000        0x0 FREERTOS/tasks.o
 .bss           0x00000000        0x0 FREERTOS/tasks.o
 .text.prvTaskIsTaskSuspended
                0x00000000       0x2e FREERTOS/tasks.o
 .text.prvInitialiseNewTask
                0x00000000       0xd2 FREERTOS/tasks.o
 .text.prvIdleTask
                0x00000000        0xe FREERTOS/tasks.o
 .text.prvInitialiseTaskLists
                0x00000000       0x66 FREERTOS/tasks.o
 .text.prvAddNewTaskToReadyList
                0x00000000       0xfa FREERTOS/tasks.o
 .text.prvAddCurrentTaskToDelayedList
                0x00000000      0x102 FREERTOS/tasks.o
 .text.xTaskCreate
                0x00000000       0xb2 FREERTOS/tasks.o
 .text.vTaskResume
                0x00000000       0xcc FREERTOS/tasks.o
 .text.xTaskResumeFromISR
                0x00000000       0xda FREERTOS/tasks.o
 .rodata.str1.1
                0x00000000        0x5 FREERTOS/tasks.o
 .text.vTaskStartScheduler
                0x00000000       0x58 FREERTOS/tasks.o
 .text.vTaskEndScheduler
                0x00000000        0xc FREERTOS/tasks.o
 .text.vTaskSuspendAll
                0x00000000        0xc FREERTOS/tasks.o
 .text.xTaskGetTickCount
                0x00000000       0x14 FREERTOS/tasks.o
 .text.xTaskGetTickCountFromISR
                0x00000000        0xa FREERTOS/tasks.o
 .text.uxTaskGetNumberOfTasks
                0x00000000        0x6 FREERTOS/tasks.o
 .text.pcTaskGetName
                0x00000000       0x10 FREERTOS/tasks.o
 .text.xTaskResumeAll
                0x00000000      0x1aa FREERTOS/tasks.o
 .text.vTaskDelay
                0x00000000       0x2c FREERTOS/tasks.o
 .text.xTaskCatchUpTicks
                0x00000000       0x32 FREERTOS/tasks.o
 .text.vTaskSuspend
                0x00000000       0xc2 FREERTOS/tasks.o
 .text.vTaskPlaceOnEventList
                0x00000000       0x24 FREERTOS/tasks.o
 .text.vTaskPlaceOnUnorderedEventList
                0x00000000       0x8c FREERTOS/tasks.o
 .text.xTaskRemoveFromEventList
                0x00000000      0x17a FREERTOS/tasks.o
 .text.vTaskRemoveFromUnorderedEventList
                0x00000000      0x14c FREERTOS/tasks.o
 .text.vTaskSetTimeOutState
                0x00000000       0x20 FREERTOS/tasks.o
 .text.vTaskInternalSetTimeOutState
                0x00000000       0x16 FREERTOS/tasks.o
 .text.xTaskCheckForTimeOut
                0x00000000       0x7e FREERTOS/tasks.o
 .text.vTaskMissedYield
                0x00000000        0x8 FREERTOS/tasks.o
 .text.xTaskGetCurrentTaskHandle
                0x00000000        0xa FREERTOS/tasks.o
 .text.uxTaskResetEventItemValue
                0x00000000       0x2e FREERTOS/tasks.o
 .text.ulTaskGenericNotifyTake
                0x00000000      0x106 FREERTOS/tasks.o
 .text.xTaskGenericNotifyWait
                0x00000000      0x142 FREERTOS/tasks.o
 .text.xTaskGenericNotify
                0x00000000      0x20a FREERTOS/tasks.o
 .text.xTaskGenericNotifyFromISR
                0x00000000      0x260 FREERTOS/tasks.o
 .text.vTaskGenericNotifyGiveFromISR
                0x00000000      0x194 FREERTOS/tasks.o
 .text.xTaskGenericNotifyStateClear
                0x00000000       0x34 FREERTOS/tasks.o
 .text.ulTaskGenericNotifyValueClear
                0x00000000       0x6c FREERTOS/tasks.o
 .data.uxTopUsedPriority
                0x00000000        0x1 FREERTOS/tasks.o
 .bss.xIdleTaskHandle
                0x00000000        0x2 FREERTOS/tasks.o
 .bss.uxTaskNumber
                0x00000000        0x1 FREERTOS/tasks.o
 .bss.xSchedulerRunning
                0x00000000        0x1 FREERTOS/tasks.o
 .bss.uxCurrentNumberOfTasks
                0x00000000        0x1 FREERTOS/tasks.o
 .bss.xSuspendedTaskList
                0x00000000        0x9 FREERTOS/tasks.o
 .bss.xPendingReadyList
                0x00000000        0x9 FREERTOS/tasks.o
 .bss.xDelayedTaskList2
                0x00000000        0x9 FREERTOS/tasks.o
 .bss.xDelayedTaskList1
                0x00000000        0x9 FREERTOS/tasks.o
 .text          0x00000000        0x0 FREERTOS/timers.o
 .data          0x00000000        0x0 FREERTOS/timers.o
 .bss           0x00000000        0x0 FREERTOS/timers.o
 .debug_info    0x00000000       0x64 FREERTOS/timers.o
 .debug_abbrev  0x00000000       0x26 FREERTOS/timers.o
 .debug_aranges
                0x00000000       0x18 FREERTOS/timers.o
 .debug_line    0x00000000       0x1a FREERTOS/timers.o
 .debug_str     0x00000000      0x18c FREERTOS/timers.o
 .comment       0x00000000       0x31 FREERTOS/timers.o
 .text          0x00000000        0x0 HAL/7seg/SS_PROG.o
 .data          0x00000000        0x0 HAL/7seg/SS_PROG.o
 .bss           0x00000000        0x0 HAL/7seg/SS_PROG.o
 .text.SS_init  0x00000000       0x32 HAL/7seg/SS_PROG.o
 .text.SS_writeNum
                0x00000000       0xc0 HAL/7seg/SS_PROG.o
 .debug_info    0x00000000      0x382 HAL/7seg/SS_PROG.o
 .debug_abbrev  0x00000000      0x134 HAL/7seg/SS_PROG.o
 .debug_loc     0x00000000      0x1b6 HAL/7seg/SS_PROG.o
 .debug_aranges
                0x00000000       0x28 HAL/7seg/SS_PROG.o
 .debug_ranges  0x00000000       0x18 HAL/7seg/SS_PROG.o
 .debug_line    0x00000000      0x1e0 HAL/7seg/SS_PROG.o
 .debug_str     0x00000000      0x229 HAL/7seg/SS_PROG.o
 .comment       0x00000000       0x31 HAL/7seg/SS_PROG.o
 .debug_frame   0x00000000       0x44 HAL/7seg/SS_PROG.o
 .text          0x00000000        0x0 HAL/EEPROM/EEPROM_PROG.o
 .data          0x00000000        0x0 HAL/EEPROM/EEPROM_PROG.o
 .bss           0x00000000        0x0 HAL/EEPROM/EEPROM_PROG.o
 .text.EEPROM_Init
                0x00000000        0x8 HAL/EEPROM/EEPROM_PROG.o
 .text.EEPROM_SendByte
                0x00000000       0x44 HAL/EEPROM/EEPROM_PROG.o
 .text.EEPROM_ReadByteNACK
                0x00000000       0x62 HAL/EEPROM/EEPROM_PROG.o
 .debug_info    0x00000000      0x182 HAL/EEPROM/EEPROM_PROG.o
 .debug_abbrev  0x00000000       0xe4 HAL/EEPROM/EEPROM_PROG.o
 .debug_loc     0x00000000       0xf2 HAL/EEPROM/EEPROM_PROG.o
 .debug_aranges
                0x00000000       0x30 HAL/EEPROM/EEPROM_PROG.o
 .debug_ranges  0x00000000       0x20 HAL/EEPROM/EEPROM_PROG.o
 .debug_line    0x00000000      0x192 HAL/EEPROM/EEPROM_PROG.o
 .debug_str     0x00000000      0x211 HAL/EEPROM/EEPROM_PROG.o
 .comment       0x00000000       0x31 HAL/EEPROM/EEPROM_PROG.o
 .debug_frame   0x00000000       0x44 HAL/EEPROM/EEPROM_PROG.o
 .text          0x00000000        0x0 HAL/KPD/KPD_PROG.o
 .data          0x00000000        0x0 HAL/KPD/KPD_PROG.o
 .bss           0x00000000        0x0 HAL/KPD/KPD_PROG.o
 .text.KPD_init
                0x00000000       0x5a HAL/KPD/KPD_PROG.o
 .text.KPD_read
                0x00000000      0x17a HAL/KPD/KPD_PROG.o
 .debug_info    0x00000000      0x4a8 HAL/KPD/KPD_PROG.o
 .debug_abbrev  0x00000000       0xa1 HAL/KPD/KPD_PROG.o
 .debug_aranges
                0x00000000       0x28 HAL/KPD/KPD_PROG.o
 .debug_ranges  0x00000000       0x18 HAL/KPD/KPD_PROG.o
 .debug_line    0x00000000      0x1f7 HAL/KPD/KPD_PROG.o
 .debug_str     0x00000000      0x1f8 HAL/KPD/KPD_PROG.o
 .comment       0x00000000       0x31 HAL/KPD/KPD_PROG.o
 .debug_frame   0x00000000       0x34 HAL/KPD/KPD_PROG.o
 .text          0x00000000        0x0 HAL/LCD/LCD_PROG.o
 .data          0x00000000        0x0 HAL/LCD/LCD_PROG.o
 .bss           0x00000000        0x0 HAL/LCD/LCD_PROG.o
 .text.LCD_Instruction
                0x00000000       0x2c HAL/LCD/LCD_PROG.o
 .text.LCD_pulse
                0x00000000       0x1e HAL/LCD/LCD_PROG.o
 .text.LCD_sendData
                0x00000000       0x76 HAL/LCD/LCD_PROG.o
 .text.LCD_sendCmd
                0x00000000       0x76 HAL/LCD/LCD_PROG.o
 .text.LCD_init
                0x00000000       0x8e HAL/LCD/LCD_PROG.o
 .text.LCD_clearDis
                0x00000000        0x8 HAL/LCD/LCD_PROG.o
 .text.LCD_GoTo
                0x00000000       0x18 HAL/LCD/LCD_PROG.o
 .text.LCD_CreateNewCharacter
                0x00000000       0x46 HAL/LCD/LCD_PROG.o
 .text.LCD_Shift
                0x00000000       0x18 HAL/LCD/LCD_PROG.o
 .text.LCD_sendStr
                0x00000000       0x26 HAL/LCD/LCD_PROG.o
 .text.LCD_sendNum
                0x00000000       0x98 HAL/LCD/LCD_PROG.o
 .text.LCD_sendFloatNum
                0x00000000       0x58 HAL/LCD/LCD_PROG.o
 .text.LCD_SendNewCharacter
                0x00000000        0x6 HAL/LCD/LCD_PROG.o
 .debug_info    0x00000000      0x93e HAL/LCD/LCD_PROG.o
 .debug_abbrev  0x00000000      0x1ac HAL/LCD/LCD_PROG.o
 .debug_loc     0x00000000      0x5e2 HAL/LCD/LCD_PROG.o
 .debug_aranges
                0x00000000       0x80 HAL/LCD/LCD_PROG.o
 .debug_ranges  0x00000000       0x70 HAL/LCD/LCD_PROG.o
 .debug_line    0x00000000      0x45c HAL/LCD/LCD_PROG.o
 .debug_str     0x00000000      0x30b HAL/LCD/LCD_PROG.o
 .comment       0x00000000       0x31 HAL/LCD/LCD_PROG.o
 .debug_frame   0x00000000      0x148 HAL/LCD/LCD_PROG.o
 .text          0x00000000        0x0 MCAL/ADC/ADC_PROG.o
 .data          0x00000000        0x0 MCAL/ADC/ADC_PROG.o
 .bss           0x00000000        0x0 MCAL/ADC/ADC_PROG.o
 .text.ADC_init
                0x00000000       0x26 MCAL/ADC/ADC_PROG.o
 .text.ADC_read
                0x00000000       0x56 MCAL/ADC/ADC_PROG.o
 .text.ADC_convertAnalog
                0x00000000       0x18 MCAL/ADC/ADC_PROG.o
 .debug_info    0x00000000      0x10b MCAL/ADC/ADC_PROG.o
 .debug_abbrev  0x00000000       0x94 MCAL/ADC/ADC_PROG.o
 .debug_loc     0x00000000       0x70 MCAL/ADC/ADC_PROG.o
 .debug_aranges
                0x00000000       0x30 MCAL/ADC/ADC_PROG.o
 .debug_ranges  0x00000000       0x20 MCAL/ADC/ADC_PROG.o
 .debug_line    0x00000000      0x10e MCAL/ADC/ADC_PROG.o
 .debug_str     0x00000000      0x1e1 MCAL/ADC/ADC_PROG.o
 .comment       0x00000000       0x31 MCAL/ADC/ADC_PROG.o
 .debug_frame   0x00000000       0x44 MCAL/ADC/ADC_PROG.o
 .text          0x00000000        0x0 MCAL/DIO/DIO_PROG.o
 .data          0x00000000        0x0 MCAL/DIO/DIO_PROG.o
 .bss           0x00000000        0x0 MCAL/DIO/DIO_PROG.o
 .text.DIO_setPullUp
                0x00000000        0x8 MCAL/DIO/DIO_PROG.o
 .text          0x00000000        0x0 MCAL/EXT/EXT_PROG.o
 .data          0x00000000        0x0 MCAL/EXT/EXT_PROG.o
 .bss           0x00000000        0x0 MCAL/EXT/EXT_PROG.o
 .text.EXT_int0Int
                0x00000000       0x3c MCAL/EXT/EXT_PROG.o
 .text.EXT_int1Int
                0x00000000       0x3c MCAL/EXT/EXT_PROG.o
 .text.EXT_int2Int
                0x00000000       0x1e MCAL/EXT/EXT_PROG.o
 .text.EXT_setcallbackInt0
                0x00000000        0xa MCAL/EXT/EXT_PROG.o
 .text.EXT_setcallbackInt1
                0x00000000        0xa MCAL/EXT/EXT_PROG.o
 .text.EXT_setcallbackInt2
                0x00000000        0xa MCAL/EXT/EXT_PROG.o
 .text          0x00000000        0x0 MCAL/GI/GI_PROG.o
 .data          0x00000000        0x0 MCAL/GI/GI_PROG.o
 .bss           0x00000000        0x0 MCAL/GI/GI_PROG.o
 .text.GI_desable
                0x00000000        0x8 MCAL/GI/GI_PROG.o
 .text          0x00000000        0x0 MCAL/I2C/I2C_PROG.o
 .data          0x00000000        0x0 MCAL/I2C/I2C_PROG.o
 .bss           0x00000000        0x0 MCAL/I2C/I2C_PROG.o
 .text.I2C_init
                0x00000000       0x18 MCAL/I2C/I2C_PROG.o
 .text.I2C_sendByte
                0x00000000       0x2a MCAL/I2C/I2C_PROG.o
 .text.I2C_receiveByteACK
                0x00000000       0x2e MCAL/I2C/I2C_PROG.o
 .text.I2C_receiveByteNACK
                0x00000000       0x2e MCAL/I2C/I2C_PROG.o
 .text.I2C_SlaveReceiveByte
                0x00000000       0x12 MCAL/I2C/I2C_PROG.o
 .debug_info    0x00000000      0x1db MCAL/I2C/I2C_PROG.o
 .debug_abbrev  0x00000000       0xc8 MCAL/I2C/I2C_PROG.o
 .debug_loc     0x00000000      0x101 MCAL/I2C/I2C_PROG.o
 .debug_aranges
                0x00000000       0x40 MCAL/I2C/I2C_PROG.o
 .debug_ranges  0x00000000       0x30 MCAL/I2C/I2C_PROG.o
 .debug_line    0x00000000      0x1b5 MCAL/I2C/I2C_PROG.o
 .debug_str     0x00000000      0x232 MCAL/I2C/I2C_PROG.o
 .comment       0x00000000       0x31 MCAL/I2C/I2C_PROG.o
 .debug_frame   0x00000000       0x64 MCAL/I2C/I2C_PROG.o
 .text          0x00000000        0x0 MCAL/SPI/SPI_PROG.o
 .data          0x00000000        0x0 MCAL/SPI/SPI_PROG.o
 .bss           0x00000000        0x0 MCAL/SPI/SPI_PROG.o
 .text.SPI_init
                0x00000000       0x5e MCAL/SPI/SPI_PROG.o
 .text.SPI_sendReceiveData
                0x00000000       0x20 MCAL/SPI/SPI_PROG.o
 .debug_info    0x00000000      0x20a MCAL/SPI/SPI_PROG.o
 .debug_abbrev  0x00000000       0xdb MCAL/SPI/SPI_PROG.o
 .debug_loc     0x00000000       0x86 MCAL/SPI/SPI_PROG.o
 .debug_aranges
                0x00000000       0x28 MCAL/SPI/SPI_PROG.o
 .debug_ranges  0x00000000       0x18 MCAL/SPI/SPI_PROG.o
 .debug_line    0x00000000      0x106 MCAL/SPI/SPI_PROG.o
 .debug_str     0x00000000      0x216 MCAL/SPI/SPI_PROG.o
 .comment       0x00000000       0x31 MCAL/SPI/SPI_PROG.o
 .debug_frame   0x00000000       0x3c MCAL/SPI/SPI_PROG.o
 .text          0x00000000        0x0 MCAL/TIMER0/TIMER0_PROG.o
 .data          0x00000000        0x0 MCAL/TIMER0/TIMER0_PROG.o
 .bss           0x00000000        0x0 MCAL/TIMER0/TIMER0_PROG.o
 .text.TIMER0_initCTC
                0x00000000       0x14 MCAL/TIMER0/TIMER0_PROG.o
 .text.TIMER0_initFPWM
                0x00000000       0x1a MCAL/TIMER0/TIMER0_PROG.o
 .text.TIMER0_init_Phase_Correct_PWM
                0x00000000       0x1a MCAL/TIMER0/TIMER0_PROG.o
 .text.TIMER0_setPreload
                0x00000000        0x4 MCAL/TIMER0/TIMER0_PROG.o
 .text.TIMER0_setOCR
                0x00000000        0x4 MCAL/TIMER0/TIMER0_PROG.o
 .text.TIMER0_getCounter
                0x00000000        0x4 MCAL/TIMER0/TIMER0_PROG.o
 .text.TIMER_setcallbackCTC
                0x00000000        0xa MCAL/TIMER0/TIMER0_PROG.o
 .text          0x00000000        0x0 MCAL/TIMER1/TIMER1_PROG.o
 .data          0x00000000        0x0 MCAL/TIMER1/TIMER1_PROG.o
 .bss           0x00000000        0x0 MCAL/TIMER1/TIMER1_PROG.o
 .text.TIMER1_initFastPwmMod14
                0x00000000       0x26 MCAL/TIMER1/TIMER1_PROG.o
 .text.TIMER1_STOP
                0x00000000       0x14 MCAL/TIMER1/TIMER1_PROG.o
 .text.TIMER1_setOcr
                0x00000000        0x6 MCAL/TIMER1/TIMER1_PROG.o
 .text.TIMER1_setFrequency
                0x00000000       0x40 MCAL/TIMER1/TIMER1_PROG.o
 .text.TIMER1_InitIcu
                0x00000000       0xac MCAL/TIMER1/TIMER1_PROG.o
 .text.TIMER1_setPreload
                0x00000000        0x6 MCAL/TIMER1/TIMER1_PROG.o
 .text.TIMER1_getICR
                0x00000000        0x6 MCAL/TIMER1/TIMER1_PROG.o
 .text.TIMER1_setcallbackIcu
                0x00000000        0xa MCAL/TIMER1/TIMER1_PROG.o
 .text          0x00000000        0x0 MCAL/UART/UART_PROG.o
 .data          0x00000000        0x0 MCAL/UART/UART_PROG.o
 .bss           0x00000000        0x0 MCAL/UART/UART_PROG.o
 .text.UART_init
                0x00000000       0x1e MCAL/UART/UART_PROG.o
 .text.UART_sendData
                0x00000000        0x8 MCAL/UART/UART_PROG.o
 .text.UART_sendStr
                0x00000000       0x26 MCAL/UART/UART_PROG.o
 .text.UART_receiveData
                0x00000000       0x16 MCAL/UART/UART_PROG.o
 .text.UART_INT_init
                0x00000000       0x18 MCAL/UART/UART_PROG.o
 .text.UART_setcallbackINT
                0x00000000        0xa MCAL/UART/UART_PROG.o
 .text          0x00000000        0x0 MCAL/WDT/WDT_PROG.o
 .data          0x00000000        0x0 MCAL/WDT/WDT_PROG.o
 .bss           0x00000000        0x0 MCAL/WDT/WDT_PROG.o
 .text.WDT_Start
                0x00000000       0xc0 MCAL/WDT/WDT_PROG.o
 .progmem.gcc_sw_table.WDT_Start
                0x00000000       0x10 MCAL/WDT/WDT_PROG.o
 .text.WDT_Stop
                0x00000000        0xa MCAL/WDT/WDT_PROG.o
 .debug_info    0x00000000       0xc7 MCAL/WDT/WDT_PROG.o
 .debug_abbrev  0x00000000       0x78 MCAL/WDT/WDT_PROG.o
 .debug_loc     0x00000000       0xe6 MCAL/WDT/WDT_PROG.o
 .debug_aranges
                0x00000000       0x28 MCAL/WDT/WDT_PROG.o
 .debug_ranges  0x00000000       0x18 MCAL/WDT/WDT_PROG.o
 .debug_line    0x00000000      0x13d MCAL/WDT/WDT_PROG.o
 .debug_str     0x00000000      0x1c2 MCAL/WDT/WDT_PROG.o
 .comment       0x00000000       0x31 MCAL/WDT/WDT_PROG.o
 .debug_frame   0x00000000       0x34 MCAL/WDT/WDT_PROG.o
 .text          0x00000000        0x0 RTOS/RTOS.o
 .data          0x00000000        0x0 RTOS/RTOS.o
 .bss           0x00000000        0x0 RTOS/RTOS.o
 .text          0x00000000        0x0 c:/program files (x86)/atmel/studio/7.0/toolchain/avr8/avr8-gnu-toolchain/bin/../lib/gcc/avr/5.4.0/../../../../avr/lib/avr5\libm.a(addsf3.o)
 .data          0x00000000        0x0 c:/program files (x86)/atmel/studio/7.0/toolchain/avr8/avr8-gnu-toolchain/bin/../lib/gcc/avr/5.4.0/../../../../avr/lib/avr5\libm.a(addsf3.o)
 .bss           0x00000000        0x0 c:/program files (x86)/atmel/studio/7.0/toolchain/avr8/avr8-gnu-toolchain/bin/../lib/gcc/avr/5.4.0/../../../../avr/lib/avr5\libm.a(addsf3.o)
 .text.avr-libc.fplib
                0x00000000        0xe c:/program files (x86)/atmel/studio/7.0/toolchain/avr8/avr8-gnu-toolchain/bin/../lib/gcc/avr/5.4.0/../../../../avr/lib/avr5\libm.a(addsf3.o)
 .text          0x00000000        0x0 c:/program files (x86)/atmel/studio/7.0/toolchain/avr8/avr8-gnu-toolchain/bin/../lib/gcc/avr/5.4.0/../../../../avr/lib/avr5\libm.a(addsf3x.o)
 .data          0x00000000        0x0 c:/program files (x86)/atmel/studio/7.0/toolchain/avr8/avr8-gnu-toolchain/bin/../lib/gcc/avr/5.4.0/../../../../avr/lib/avr5\libm.a(addsf3x.o)
 .bss           0x00000000        0x0 c:/program files (x86)/atmel/studio/7.0/toolchain/avr8/avr8-gnu-toolchain/bin/../lib/gcc/avr/5.4.0/../../../../avr/lib/avr5\libm.a(addsf3x.o)
 .text.avr-libc.fplib
                0x00000000       0xcc c:/program files (x86)/atmel/studio/7.0/toolchain/avr8/avr8-gnu-toolchain/bin/../lib/gcc/avr/5.4.0/../../../../avr/lib/avr5\libm.a(addsf3x.o)
 .text          0x00000000        0x0 c:/program files (x86)/atmel/studio/7.0/toolchain/avr8/avr8-gnu-toolchain/bin/../lib/gcc/avr/5.4.0/../../../../avr/lib/avr5\libm.a(fixsfsi.o)
 .data          0x00000000        0x0 c:/program files (x86)/atmel/studio/7.0/toolchain/avr8/avr8-gnu-toolchain/bin/../lib/gcc/avr/5.4.0/../../../../avr/lib/avr5\libm.a(fixsfsi.o)
 .bss           0x00000000        0x0 c:/program files (x86)/atmel/studio/7.0/toolchain/avr8/avr8-gnu-toolchain/bin/../lib/gcc/avr/5.4.0/../../../../avr/lib/avr5\libm.a(fixsfsi.o)
 .text.avr-libc.fplib
                0x00000000        0xe c:/program files (x86)/atmel/studio/7.0/toolchain/avr8/avr8-gnu-toolchain/bin/../lib/gcc/avr/5.4.0/../../../../avr/lib/avr5\libm.a(fixsfsi.o)
 .text          0x00000000        0x0 c:/program files (x86)/atmel/studio/7.0/toolchain/avr8/avr8-gnu-toolchain/bin/../lib/gcc/avr/5.4.0/../../../../avr/lib/avr5\libm.a(fixunssfsi.o)
 .data          0x00000000        0x0 c:/program files (x86)/atmel/studio/7.0/toolchain/avr8/avr8-gnu-toolchain/bin/../lib/gcc/avr/5.4.0/../../../../avr/lib/avr5\libm.a(fixunssfsi.o)
 .bss           0x00000000        0x0 c:/program files (x86)/atmel/studio/7.0/toolchain/avr8/avr8-gnu-toolchain/bin/../lib/gcc/avr/5.4.0/../../../../avr/lib/avr5\libm.a(fixunssfsi.o)
 .text.avr-libc.fplib
                0x00000000       0x5e c:/program files (x86)/atmel/studio/7.0/toolchain/avr8/avr8-gnu-toolchain/bin/../lib/gcc/avr/5.4.0/../../../../avr/lib/avr5\libm.a(fixunssfsi.o)
 .text          0x00000000        0x0 c:/program files (x86)/atmel/studio/7.0/toolchain/avr8/avr8-gnu-toolchain/bin/../lib/gcc/avr/5.4.0/../../../../avr/lib/avr5\libm.a(floatsisf.o)
 .data          0x00000000        0x0 c:/program files (x86)/atmel/studio/7.0/toolchain/avr8/avr8-gnu-toolchain/bin/../lib/gcc/avr/5.4.0/../../../../avr/lib/avr5\libm.a(floatsisf.o)
 .bss           0x00000000        0x0 c:/program files (x86)/atmel/studio/7.0/toolchain/avr8/avr8-gnu-toolchain/bin/../lib/gcc/avr/5.4.0/../../../../avr/lib/avr5\libm.a(floatsisf.o)
 .text.avr-libc.fplib
                0x00000000       0x7a c:/program files (x86)/atmel/studio/7.0/toolchain/avr8/avr8-gnu-toolchain/bin/../lib/gcc/avr/5.4.0/../../../../avr/lib/avr5\libm.a(floatsisf.o)
 .text          0x00000000        0x0 c:/program files (x86)/atmel/studio/7.0/toolchain/avr8/avr8-gnu-toolchain/bin/../lib/gcc/avr/5.4.0/../../../../avr/lib/avr5\libm.a(fp_inf.o)
 .data          0x00000000        0x0 c:/program files (x86)/atmel/studio/7.0/toolchain/avr8/avr8-gnu-toolchain/bin/../lib/gcc/avr/5.4.0/../../../../avr/lib/avr5\libm.a(fp_inf.o)
 .bss           0x00000000        0x0 c:/program files (x86)/atmel/studio/7.0/toolchain/avr8/avr8-gnu-toolchain/bin/../lib/gcc/avr/5.4.0/../../../../avr/lib/avr5\libm.a(fp_inf.o)
 .text.avr-libc.fplib
                0x00000000        0xc c:/program files (x86)/atmel/studio/7.0/toolchain/avr8/avr8-gnu-toolchain/bin/../lib/gcc/avr/5.4.0/../../../../avr/lib/avr5\libm.a(fp_inf.o)
 .text          0x00000000        0x0 c:/program files (x86)/atmel/studio/7.0/toolchain/avr8/avr8-gnu-toolchain/bin/../lib/gcc/avr/5.4.0/../../../../avr/lib/avr5\libm.a(fp_nan.o)
 .data          0x00000000        0x0 c:/program files (x86)/atmel/studio/7.0/toolchain/avr8/avr8-gnu-toolchain/bin/../lib/gcc/avr/5.4.0/../../../../avr/lib/avr5\libm.a(fp_nan.o)
 .bss           0x00000000        0x0 c:/program files (x86)/atmel/studio/7.0/toolchain/avr8/avr8-gnu-toolchain/bin/../lib/gcc/avr/5.4.0/../../../../avr/lib/avr5\libm.a(fp_nan.o)
 .text.avr-libc.fplib
                0x00000000        0x6 c:/program files (x86)/atmel/studio/7.0/toolchain/avr8/avr8-gnu-toolchain/bin/../lib/gcc/avr/5.4.0/../../../../avr/lib/avr5\libm.a(fp_nan.o)
 .text          0x00000000        0x0 c:/program files (x86)/atmel/studio/7.0/toolchain/avr8/avr8-gnu-toolchain/bin/../lib/gcc/avr/5.4.0/../../../../avr/lib/avr5\libm.a(fp_pscA.o)
 .data          0x00000000        0x0 c:/program files (x86)/atmel/studio/7.0/toolchain/avr8/avr8-gnu-toolchain/bin/../lib/gcc/avr/5.4.0/../../../../avr/lib/avr5\libm.a(fp_pscA.o)
 .bss           0x00000000        0x0 c:/program files (x86)/atmel/studio/7.0/toolchain/avr8/avr8-gnu-toolchain/bin/../lib/gcc/avr/5.4.0/../../../../avr/lib/avr5\libm.a(fp_pscA.o)
 .text.avr-libc.fplib
                0x00000000        0xe c:/program files (x86)/atmel/studio/7.0/toolchain/avr8/avr8-gnu-toolchain/bin/../lib/gcc/avr/5.4.0/../../../../avr/lib/avr5\libm.a(fp_pscA.o)
 .text          0x00000000        0x0 c:/program files (x86)/atmel/studio/7.0/toolchain/avr8/avr8-gnu-toolchain/bin/../lib/gcc/avr/5.4.0/../../../../avr/lib/avr5\libm.a(fp_pscB.o)
 .data          0x00000000        0x0 c:/program files (x86)/atmel/studio/7.0/toolchain/avr8/avr8-gnu-toolchain/bin/../lib/gcc/avr/5.4.0/../../../../avr/lib/avr5\libm.a(fp_pscB.o)
 .bss           0x00000000        0x0 c:/program files (x86)/atmel/studio/7.0/toolchain/avr8/avr8-gnu-toolchain/bin/../lib/gcc/avr/5.4.0/../../../../avr/lib/avr5\libm.a(fp_pscB.o)
 .text.avr-libc.fplib
                0x00000000        0xe c:/program files (x86)/atmel/studio/7.0/toolchain/avr8/avr8-gnu-toolchain/bin/../lib/gcc/avr/5.4.0/../../../../avr/lib/avr5\libm.a(fp_pscB.o)
 .text          0x00000000        0x0 c:/program files (x86)/atmel/studio/7.0/toolchain/avr8/avr8-gnu-toolchain/bin/../lib/gcc/avr/5.4.0/../../../../avr/lib/avr5\libm.a(fp_round.o)
 .data          0x00000000        0x0 c:/program files (x86)/atmel/studio/7.0/toolchain/avr8/avr8-gnu-toolchain/bin/../lib/gcc/avr/5.4.0/../../../../avr/lib/avr5\libm.a(fp_round.o)
 .bss           0x00000000        0x0 c:/program files (x86)/atmel/studio/7.0/toolchain/avr8/avr8-gnu-toolchain/bin/../lib/gcc/avr/5.4.0/../../../../avr/lib/avr5\libm.a(fp_round.o)
 .text.avr-libc.fplib
                0x00000000       0x22 c:/program files (x86)/atmel/studio/7.0/toolchain/avr8/avr8-gnu-toolchain/bin/../lib/gcc/avr/5.4.0/../../../../avr/lib/avr5\libm.a(fp_round.o)
 .text          0x00000000        0x0 c:/program files (x86)/atmel/studio/7.0/toolchain/avr8/avr8-gnu-toolchain/bin/../lib/gcc/avr/5.4.0/../../../../avr/lib/avr5\libm.a(fp_split3.o)
 .data          0x00000000        0x0 c:/program files (x86)/atmel/studio/7.0/toolchain/avr8/avr8-gnu-toolchain/bin/../lib/gcc/avr/5.4.0/../../../../avr/lib/avr5\libm.a(fp_split3.o)
 .bss           0x00000000        0x0 c:/program files (x86)/atmel/studio/7.0/toolchain/avr8/avr8-gnu-toolchain/bin/../lib/gcc/avr/5.4.0/../../../../avr/lib/avr5\libm.a(fp_split3.o)
 .text.avr-libc.fplib
                0x00000000       0x44 c:/program files (x86)/atmel/studio/7.0/toolchain/avr8/avr8-gnu-toolchain/bin/../lib/gcc/avr/5.4.0/../../../../avr/lib/avr5\libm.a(fp_split3.o)
 .text          0x00000000        0x0 c:/program files (x86)/atmel/studio/7.0/toolchain/avr8/avr8-gnu-toolchain/bin/../lib/gcc/avr/5.4.0/../../../../avr/lib/avr5\libm.a(fp_zero.o)
 .data          0x00000000        0x0 c:/program files (x86)/atmel/studio/7.0/toolchain/avr8/avr8-gnu-toolchain/bin/../lib/gcc/avr/5.4.0/../../../../avr/lib/avr5\libm.a(fp_zero.o)
 .bss           0x00000000        0x0 c:/program files (x86)/atmel/studio/7.0/toolchain/avr8/avr8-gnu-toolchain/bin/../lib/gcc/avr/5.4.0/../../../../avr/lib/avr5\libm.a(fp_zero.o)
 .text.avr-libc.fplib
                0x00000000        0xe c:/program files (x86)/atmel/studio/7.0/toolchain/avr8/avr8-gnu-toolchain/bin/../lib/gcc/avr/5.4.0/../../../../avr/lib/avr5\libm.a(fp_zero.o)
 .text          0x00000000        0x0 c:/program files (x86)/atmel/studio/7.0/toolchain/avr8/avr8-gnu-toolchain/bin/../lib/gcc/avr/5.4.0/../../../../avr/lib/avr5\libm.a(mulsf3.o)
 .data          0x00000000        0x0 c:/program files (x86)/atmel/studio/7.0/toolchain/avr8/avr8-gnu-toolchain/bin/../lib/gcc/avr/5.4.0/../../../../avr/lib/avr5\libm.a(mulsf3.o)
 .bss           0x00000000        0x0 c:/program files (x86)/atmel/studio/7.0/toolchain/avr8/avr8-gnu-toolchain/bin/../lib/gcc/avr/5.4.0/../../../../avr/lib/avr5\libm.a(mulsf3.o)
 .text.avr-libc.fplib
                0x00000000        0x8 c:/program files (x86)/atmel/studio/7.0/toolchain/avr8/avr8-gnu-toolchain/bin/../lib/gcc/avr/5.4.0/../../../../avr/lib/avr5\libm.a(mulsf3.o)
 .text          0x00000000        0x0 c:/program files (x86)/atmel/studio/7.0/toolchain/avr8/avr8-gnu-toolchain/bin/../lib/gcc/avr/5.4.0/../../../../avr/lib/avr5\libm.a(mulsf3x.o)
 .data          0x00000000        0x0 c:/program files (x86)/atmel/studio/7.0/toolchain/avr8/avr8-gnu-toolchain/bin/../lib/gcc/avr/5.4.0/../../../../avr/lib/avr5\libm.a(mulsf3x.o)
 .bss           0x00000000        0x0 c:/program files (x86)/atmel/studio/7.0/toolchain/avr8/avr8-gnu-toolchain/bin/../lib/gcc/avr/5.4.0/../../../../avr/lib/avr5\libm.a(mulsf3x.o)
 .text.avr-libc.fplib
                0x00000000       0xd2 c:/program files (x86)/atmel/studio/7.0/toolchain/avr8/avr8-gnu-toolchain/bin/../lib/gcc/avr/5.4.0/../../../../avr/lib/avr5\libm.a(mulsf3x.o)
 .text          0x00000000        0x0 c:/program files (x86)/atmel/studio/7.0/toolchain/avr8/avr8-gnu-toolchain/bin/../lib/gcc/avr/5.4.0/avr5\libgcc.a(_udivmodhi4.o)
 .data          0x00000000        0x0 c:/program files (x86)/atmel/studio/7.0/toolchain/avr8/avr8-gnu-toolchain/bin/../lib/gcc/avr/5.4.0/avr5\libgcc.a(_udivmodhi4.o)
 .bss           0x00000000        0x0 c:/program files (x86)/atmel/studio/7.0/toolchain/avr8/avr8-gnu-toolchain/bin/../lib/gcc/avr/5.4.0/avr5\libgcc.a(_udivmodhi4.o)
 .text.libgcc.mul
                0x00000000        0x0 c:/program files (x86)/atmel/studio/7.0/toolchain/avr8/avr8-gnu-toolchain/bin/../lib/gcc/avr/5.4.0/avr5\libgcc.a(_udivmodhi4.o)
 .text.libgcc   0x00000000        0x0 c:/program files (x86)/atmel/studio/7.0/toolchain/avr8/avr8-gnu-toolchain/bin/../lib/gcc/avr/5.4.0/avr5\libgcc.a(_udivmodhi4.o)
 .text.libgcc.prologue
                0x00000000        0x0 c:/program files (x86)/atmel/studio/7.0/toolchain/avr8/avr8-gnu-toolchain/bin/../lib/gcc/avr/5.4.0/avr5\libgcc.a(_udivmodhi4.o)
 .text.libgcc.builtins
                0x00000000        0x0 c:/program files (x86)/atmel/studio/7.0/toolchain/avr8/avr8-gnu-toolchain/bin/../lib/gcc/avr/5.4.0/avr5\libgcc.a(_udivmodhi4.o)
 .text.libgcc.fmul
                0x00000000        0x0 c:/program files (x86)/atmel/studio/7.0/toolchain/avr8/avr8-gnu-toolchain/bin/../lib/gcc/avr/5.4.0/avr5\libgcc.a(_udivmodhi4.o)
 .text.libgcc.fixed
                0x00000000        0x0 c:/program files (x86)/atmel/studio/7.0/toolchain/avr8/avr8-gnu-toolchain/bin/../lib/gcc/avr/5.4.0/avr5\libgcc.a(_udivmodhi4.o)
 .text          0x00000000        0x0 c:/program files (x86)/atmel/studio/7.0/toolchain/avr8/avr8-gnu-toolchain/bin/../lib/gcc/avr/5.4.0/avr5\libgcc.a(_divmodhi4.o)
 .data          0x00000000        0x0 c:/program files (x86)/atmel/studio/7.0/toolchain/avr8/avr8-gnu-toolchain/bin/../lib/gcc/avr/5.4.0/avr5\libgcc.a(_divmodhi4.o)
 .bss           0x00000000        0x0 c:/program files (x86)/atmel/studio/7.0/toolchain/avr8/avr8-gnu-toolchain/bin/../lib/gcc/avr/5.4.0/avr5\libgcc.a(_divmodhi4.o)
 .text.libgcc.mul
                0x00000000        0x0 c:/program files (x86)/atmel/studio/7.0/toolchain/avr8/avr8-gnu-toolchain/bin/../lib/gcc/avr/5.4.0/avr5\libgcc.a(_divmodhi4.o)
 .text.libgcc.div
                0x00000000       0x28 c:/program files (x86)/atmel/studio/7.0/toolchain/avr8/avr8-gnu-toolchain/bin/../lib/gcc/avr/5.4.0/avr5\libgcc.a(_divmodhi4.o)
 .text.libgcc   0x00000000        0x0 c:/program files (x86)/atmel/studio/7.0/toolchain/avr8/avr8-gnu-toolchain/bin/../lib/gcc/avr/5.4.0/avr5\libgcc.a(_divmodhi4.o)
 .text.libgcc.prologue
                0x00000000        0x0 c:/program files (x86)/atmel/studio/7.0/toolchain/avr8/avr8-gnu-toolchain/bin/../lib/gcc/avr/5.4.0/avr5\libgcc.a(_divmodhi4.o)
 .text.libgcc.builtins
                0x00000000        0x0 c:/program files (x86)/atmel/studio/7.0/toolchain/avr8/avr8-gnu-toolchain/bin/../lib/gcc/avr/5.4.0/avr5\libgcc.a(_divmodhi4.o)
 .text.libgcc.fmul
                0x00000000        0x0 c:/program files (x86)/atmel/studio/7.0/toolchain/avr8/avr8-gnu-toolchain/bin/../lib/gcc/avr/5.4.0/avr5\libgcc.a(_divmodhi4.o)
 .text.libgcc.fixed
                0x00000000        0x0 c:/program files (x86)/atmel/studio/7.0/toolchain/avr8/avr8-gnu-toolchain/bin/../lib/gcc/avr/5.4.0/avr5\libgcc.a(_divmodhi4.o)
 .text          0x00000000        0x0 c:/program files (x86)/atmel/studio/7.0/toolchain/avr8/avr8-gnu-toolchain/bin/../lib/gcc/avr/5.4.0/avr5\libgcc.a(_divmodsi4.o)
 .data          0x00000000        0x0 c:/program files (x86)/atmel/studio/7.0/toolchain/avr8/avr8-gnu-toolchain/bin/../lib/gcc/avr/5.4.0/avr5\libgcc.a(_divmodsi4.o)
 .bss           0x00000000        0x0 c:/program files (x86)/atmel/studio/7.0/toolchain/avr8/avr8-gnu-toolchain/bin/../lib/gcc/avr/5.4.0/avr5\libgcc.a(_divmodsi4.o)
 .text.libgcc.mul
                0x00000000        0x0 c:/program files (x86)/atmel/studio/7.0/toolchain/avr8/avr8-gnu-toolchain/bin/../lib/gcc/avr/5.4.0/avr5\libgcc.a(_divmodsi4.o)
 .text.libgcc.div
                0x00000000       0x2e c:/program files (x86)/atmel/studio/7.0/toolchain/avr8/avr8-gnu-toolchain/bin/../lib/gcc/avr/5.4.0/avr5\libgcc.a(_divmodsi4.o)
 .text.libgcc   0x00000000        0x0 c:/program files (x86)/atmel/studio/7.0/toolchain/avr8/avr8-gnu-toolchain/bin/../lib/gcc/avr/5.4.0/avr5\libgcc.a(_divmodsi4.o)
 .text.libgcc.prologue
                0x00000000        0x0 c:/program files (x86)/atmel/studio/7.0/toolchain/avr8/avr8-gnu-toolchain/bin/../lib/gcc/avr/5.4.0/avr5\libgcc.a(_divmodsi4.o)
 .text.libgcc.builtins
                0x00000000        0x0 c:/program files (x86)/atmel/studio/7.0/toolchain/avr8/avr8-gnu-toolchain/bin/../lib/gcc/avr/5.4.0/avr5\libgcc.a(_divmodsi4.o)
 .text.libgcc.fmul
                0x00000000        0x0 c:/program files (x86)/atmel/studio/7.0/toolchain/avr8/avr8-gnu-toolchain/bin/../lib/gcc/avr/5.4.0/avr5\libgcc.a(_divmodsi4.o)
 .text.libgcc.fixed
                0x00000000        0x0 c:/program files (x86)/atmel/studio/7.0/toolchain/avr8/avr8-gnu-toolchain/bin/../lib/gcc/avr/5.4.0/avr5\libgcc.a(_divmodsi4.o)
 .text          0x00000000        0x0 c:/program files (x86)/atmel/studio/7.0/toolchain/avr8/avr8-gnu-toolchain/bin/../lib/gcc/avr/5.4.0/avr5\libgcc.a(_negsi2.o)
 .data          0x00000000        0x0 c:/program files (x86)/atmel/studio/7.0/toolchain/avr8/avr8-gnu-toolchain/bin/../lib/gcc/avr/5.4.0/avr5\libgcc.a(_negsi2.o)
 .bss           0x00000000        0x0 c:/program files (x86)/atmel/studio/7.0/toolchain/avr8/avr8-gnu-toolchain/bin/../lib/gcc/avr/5.4.0/avr5\libgcc.a(_negsi2.o)
 .text.libgcc.mul
                0x00000000        0x0 c:/program files (x86)/atmel/studio/7.0/toolchain/avr8/avr8-gnu-toolchain/bin/../lib/gcc/avr/5.4.0/avr5\libgcc.a(_negsi2.o)
 .text.libgcc.div
                0x00000000       0x10 c:/program files (x86)/atmel/studio/7.0/toolchain/avr8/avr8-gnu-toolchain/bin/../lib/gcc/avr/5.4.0/avr5\libgcc.a(_negsi2.o)
 .text.libgcc   0x00000000        0x0 c:/program files (x86)/atmel/studio/7.0/toolchain/avr8/avr8-gnu-toolchain/bin/../lib/gcc/avr/5.4.0/avr5\libgcc.a(_negsi2.o)
 .text.libgcc.prologue
                0x00000000        0x0 c:/program files (x86)/atmel/studio/7.0/toolchain/avr8/avr8-gnu-toolchain/bin/../lib/gcc/avr/5.4.0/avr5\libgcc.a(_negsi2.o)
 .text.libgcc.builtins
                0x00000000        0x0 c:/program files (x86)/atmel/studio/7.0/toolchain/avr8/avr8-gnu-toolchain/bin/../lib/gcc/avr/5.4.0/avr5\libgcc.a(_negsi2.o)
 .text.libgcc.fmul
                0x00000000        0x0 c:/program files (x86)/atmel/studio/7.0/toolchain/avr8/avr8-gnu-toolchain/bin/../lib/gcc/avr/5.4.0/avr5\libgcc.a(_negsi2.o)
 .text.libgcc.fixed
                0x00000000        0x0 c:/program files (x86)/atmel/studio/7.0/toolchain/avr8/avr8-gnu-toolchain/bin/../lib/gcc/avr/5.4.0/avr5\libgcc.a(_negsi2.o)
 .text          0x00000000        0x0 c:/program files (x86)/atmel/studio/7.0/toolchain/avr8/avr8-gnu-toolchain/bin/../lib/gcc/avr/5.4.0/avr5\libgcc.a(_exit.o)
 .data          0x00000000        0x0 c:/program files (x86)/atmel/studio/7.0/toolchain/avr8/avr8-gnu-toolchain/bin/../lib/gcc/avr/5.4.0/avr5\libgcc.a(_exit.o)
 .bss           0x00000000        0x0 c:/program files (x86)/atmel/studio/7.0/toolchain/avr8/avr8-gnu-toolchain/bin/../lib/gcc/avr/5.4.0/avr5\libgcc.a(_exit.o)
 .text.libgcc.mul
                0x00000000        0x0 c:/program files (x86)/atmel/studio/7.0/toolchain/avr8/avr8-gnu-toolchain/bin/../lib/gcc/avr/5.4.0/avr5\libgcc.a(_exit.o)
 .text.libgcc.div
                0x00000000        0x0 c:/program files (x86)/atmel/studio/7.0/toolchain/avr8/avr8-gnu-toolchain/bin/../lib/gcc/avr/5.4.0/avr5\libgcc.a(_exit.o)
 .text.libgcc   0x00000000        0x0 c:/program files (x86)/atmel/studio/7.0/toolchain/avr8/avr8-gnu-toolchain/bin/../lib/gcc/avr/5.4.0/avr5\libgcc.a(_exit.o)
 .text.libgcc.prologue
                0x00000000        0x0 c:/program files (x86)/atmel/studio/7.0/toolchain/avr8/avr8-gnu-toolchain/bin/../lib/gcc/avr/5.4.0/avr5\libgcc.a(_exit.o)
 .text.libgcc.builtins
                0x00000000        0x0 c:/program files (x86)/atmel/studio/7.0/toolchain/avr8/avr8-gnu-toolchain/bin/../lib/gcc/avr/5.4.0/avr5\libgcc.a(_exit.o)
 .text.libgcc.fmul
                0x00000000        0x0 c:/program files (x86)/atmel/studio/7.0/toolchain/avr8/avr8-gnu-toolchain/bin/../lib/gcc/avr/5.4.0/avr5\libgcc.a(_exit.o)
 .text.libgcc.fixed
                0x00000000        0x0 c:/program files (x86)/atmel/studio/7.0/toolchain/avr8/avr8-gnu-toolchain/bin/../lib/gcc/avr/5.4.0/avr5\libgcc.a(_exit.o)
 .text          0x00000000        0x0 c:/program files (x86)/atmel/studio/7.0/toolchain/avr8/avr8-gnu-toolchain/bin/../lib/gcc/avr/5.4.0/avr5\libgcc.a(_tablejump2.o)
 .data          0x00000000        0x0 c:/program files (x86)/atmel/studio/7.0/toolchain/avr8/avr8-gnu-toolchain/bin/../lib/gcc/avr/5.4.0/avr5\libgcc.a(_tablejump2.o)
 .bss           0x00000000        0x0 c:/program files (x86)/atmel/studio/7.0/toolchain/avr8/avr8-gnu-toolchain/bin/../lib/gcc/avr/5.4.0/avr5\libgcc.a(_tablejump2.o)
 .text.libgcc.mul
                0x00000000        0x0 c:/program files (x86)/atmel/studio/7.0/toolchain/avr8/avr8-gnu-toolchain/bin/../lib/gcc/avr/5.4.0/avr5\libgcc.a(_tablejump2.o)
 .text.libgcc.div
                0x00000000        0x0 c:/program files (x86)/atmel/studio/7.0/toolchain/avr8/avr8-gnu-toolchain/bin/../lib/gcc/avr/5.4.0/avr5\libgcc.a(_tablejump2.o)
 .text.libgcc   0x00000000        0xc c:/program files (x86)/atmel/studio/7.0/toolchain/avr8/avr8-gnu-toolchain/bin/../lib/gcc/avr/5.4.0/avr5\libgcc.a(_tablejump2.o)
 .text.libgcc.prologue
                0x00000000        0x0 c:/program files (x86)/atmel/studio/7.0/toolchain/avr8/avr8-gnu-toolchain/bin/../lib/gcc/avr/5.4.0/avr5\libgcc.a(_tablejump2.o)
 .text.libgcc.builtins
                0x00000000        0x0 c:/program files (x86)/atmel/studio/7.0/toolchain/avr8/avr8-gnu-toolchain/bin/../lib/gcc/avr/5.4.0/avr5\libgcc.a(_tablejump2.o)
 .text.libgcc.fmul
                0x00000000        0x0 c:/program files (x86)/atmel/studio/7.0/toolchain/avr8/avr8-gnu-toolchain/bin/../lib/gcc/avr/5.4.0/avr5\libgcc.a(_tablejump2.o)
 .text.libgcc.fixed
                0x00000000        0x0 c:/program files (x86)/atmel/studio/7.0/toolchain/avr8/avr8-gnu-toolchain/bin/../lib/gcc/avr/5.4.0/avr5\libgcc.a(_tablejump2.o)
 .text          0x00000000        0x0 c:/program files (x86)/atmel/studio/7.0/toolchain/avr8/avr8-gnu-toolchain/bin/../lib/gcc/avr/5.4.0/avr5\libgcc.a(_copy_data.o)
 .data          0x00000000        0x0 c:/program files (x86)/atmel/studio/7.0/toolchain/avr8/avr8-gnu-toolchain/bin/../lib/gcc/avr/5.4.0/avr5\libgcc.a(_copy_data.o)
 .bss           0x00000000        0x0 c:/program files (x86)/atmel/studio/7.0/toolchain/avr8/avr8-gnu-toolchain/bin/../lib/gcc/avr/5.4.0/avr5\libgcc.a(_copy_data.o)
 .text.libgcc.mul
                0x00000000        0x0 c:/program files (x86)/atmel/studio/7.0/toolchain/avr8/avr8-gnu-toolchain/bin/../lib/gcc/avr/5.4.0/avr5\libgcc.a(_copy_data.o)
 .text.libgcc.div
                0x00000000        0x0 c:/program files (x86)/atmel/studio/7.0/toolchain/avr8/avr8-gnu-toolchain/bin/../lib/gcc/avr/5.4.0/avr5\libgcc.a(_copy_data.o)
 .text.libgcc   0x00000000        0x0 c:/program files (x86)/atmel/studio/7.0/toolchain/avr8/avr8-gnu-toolchain/bin/../lib/gcc/avr/5.4.0/avr5\libgcc.a(_copy_data.o)
 .text.libgcc.prologue
                0x00000000        0x0 c:/program files (x86)/atmel/studio/7.0/toolchain/avr8/avr8-gnu-toolchain/bin/../lib/gcc/avr/5.4.0/avr5\libgcc.a(_copy_data.o)
 .text.libgcc.builtins
                0x00000000        0x0 c:/program files (x86)/atmel/studio/7.0/toolchain/avr8/avr8-gnu-toolchain/bin/../lib/gcc/avr/5.4.0/avr5\libgcc.a(_copy_data.o)
 .text.libgcc.fmul
                0x00000000        0x0 c:/program files (x86)/atmel/studio/7.0/toolchain/avr8/avr8-gnu-toolchain/bin/../lib/gcc/avr/5.4.0/avr5\libgcc.a(_copy_data.o)
 .text.libgcc.fixed
                0x00000000        0x0 c:/program files (x86)/atmel/studio/7.0/toolchain/avr8/avr8-gnu-toolchain/bin/../lib/gcc/avr/5.4.0/avr5\libgcc.a(_copy_data.o)
 .text          0x00000000        0x0 c:/program files (x86)/atmel/studio/7.0/toolchain/avr8/avr8-gnu-toolchain/bin/../lib/gcc/avr/5.4.0/avr5\libgcc.a(_clear_bss.o)
 .data          0x00000000        0x0 c:/program files (x86)/atmel/studio/7.0/toolchain/avr8/avr8-gnu-toolchain/bin/../lib/gcc/avr/5.4.0/avr5\libgcc.a(_clear_bss.o)
 .bss           0x00000000        0x0 c:/program files (x86)/atmel/studio/7.0/toolchain/avr8/avr8-gnu-toolchain/bin/../lib/gcc/avr/5.4.0/avr5\libgcc.a(_clear_bss.o)
 .text.libgcc.mul
                0x00000000        0x0 c:/program files (x86)/atmel/studio/7.0/toolchain/avr8/avr8-gnu-toolchain/bin/../lib/gcc/avr/5.4.0/avr5\libgcc.a(_clear_bss.o)
 .text.libgcc.div
                0x00000000        0x0 c:/program files (x86)/atmel/studio/7.0/toolchain/avr8/avr8-gnu-toolchain/bin/../lib/gcc/avr/5.4.0/avr5\libgcc.a(_clear_bss.o)
 .text.libgcc   0x00000000        0x0 c:/program files (x86)/atmel/studio/7.0/toolchain/avr8/avr8-gnu-toolchain/bin/../lib/gcc/avr/5.4.0/avr5\libgcc.a(_clear_bss.o)
 .text.libgcc.prologue
                0x00000000        0x0 c:/program files (x86)/atmel/studio/7.0/toolchain/avr8/avr8-gnu-toolchain/bin/../lib/gcc/avr/5.4.0/avr5\libgcc.a(_clear_bss.o)
 .text.libgcc.builtins
                0x00000000        0x0 c:/program files (x86)/atmel/studio/7.0/toolchain/avr8/avr8-gnu-toolchain/bin/../lib/gcc/avr/5.4.0/avr5\libgcc.a(_clear_bss.o)
 .text.libgcc.fmul
                0x00000000        0x0 c:/program files (x86)/atmel/studio/7.0/toolchain/avr8/avr8-gnu-toolchain/bin/../lib/gcc/avr/5.4.0/avr5\libgcc.a(_clear_bss.o)
 .text.libgcc.fixed
                0x00000000        0x0 c:/program files (x86)/atmel/studio/7.0/toolchain/avr8/avr8-gnu-toolchain/bin/../lib/gcc/avr/5.4.0/avr5\libgcc.a(_clear_bss.o)
 .text          0x00000000        0x0 c:/program files (x86)/atmel/studio/7.0/toolchain/avr8/avr8-gnu-toolchain/bin/../lib/gcc/avr/5.4.0/avr5\libgcc.a(_udivmodsi4.o)
 .data          0x00000000        0x0 c:/program files (x86)/atmel/studio/7.0/toolchain/avr8/avr8-gnu-toolchain/bin/../lib/gcc/avr/5.4.0/avr5\libgcc.a(_udivmodsi4.o)
 .bss           0x00000000        0x0 c:/program files (x86)/atmel/studio/7.0/toolchain/avr8/avr8-gnu-toolchain/bin/../lib/gcc/avr/5.4.0/avr5\libgcc.a(_udivmodsi4.o)
 .text.libgcc.mul
                0x00000000        0x0 c:/program files (x86)/atmel/studio/7.0/toolchain/avr8/avr8-gnu-toolchain/bin/../lib/gcc/avr/5.4.0/avr5\libgcc.a(_udivmodsi4.o)
 .text.libgcc.div
                0x00000000       0x44 c:/program files (x86)/atmel/studio/7.0/toolchain/avr8/avr8-gnu-toolchain/bin/../lib/gcc/avr/5.4.0/avr5\libgcc.a(_udivmodsi4.o)
 .text.libgcc   0x00000000        0x0 c:/program files (x86)/atmel/studio/7.0/toolchain/avr8/avr8-gnu-toolchain/bin/../lib/gcc/avr/5.4.0/avr5\libgcc.a(_udivmodsi4.o)
 .text.libgcc.prologue
                0x00000000        0x0 c:/program files (x86)/atmel/studio/7.0/toolchain/avr8/avr8-gnu-toolchain/bin/../lib/gcc/avr/5.4.0/avr5\libgcc.a(_udivmodsi4.o)
 .text.libgcc.builtins
                0x00000000        0x0 c:/program files (x86)/atmel/studio/7.0/toolchain/avr8/avr8-gnu-toolchain/bin/../lib/gcc/avr/5.4.0/avr5\libgcc.a(_udivmodsi4.o)
 .text.libgcc.fmul
                0x00000000        0x0 c:/program files (x86)/atmel/studio/7.0/toolchain/avr8/avr8-gnu-toolchain/bin/../lib/gcc/avr/5.4.0/avr5\libgcc.a(_udivmodsi4.o)
 .text.libgcc.fixed
                0x00000000        0x0 c:/program files (x86)/atmel/studio/7.0/toolchain/avr8/avr8-gnu-toolchain/bin/../lib/gcc/avr/5.4.0/avr5\libgcc.a(_udivmodsi4.o)
 .text          0x00000000        0x0 c:/program files (x86)/atmel/studio/7.0/toolchain/avr8/avr8-gnu-toolchain/bin/../lib/gcc/avr/5.4.0/../../../../avr/lib/avr5\libc.a(memcpy.o)
 .data          0x00000000        0x0 c:/program files (x86)/atmel/studio/7.0/toolchain/avr8/avr8-gnu-toolchain/bin/../lib/gcc/avr/5.4.0/../../../../avr/lib/avr5\libc.a(memcpy.o)
 .bss           0x00000000        0x0 c:/program files (x86)/atmel/studio/7.0/toolchain/avr8/avr8-gnu-toolchain/bin/../lib/gcc/avr/5.4.0/../../../../avr/lib/avr5\libc.a(memcpy.o)
 .text.avr-libc
                0x00000000       0x12 c:/program files (x86)/atmel/studio/7.0/toolchain/avr8/avr8-gnu-toolchain/bin/../lib/gcc/avr/5.4.0/../../../../avr/lib/avr5\libc.a(memcpy.o)

Memory Configuration

Name             Origin             Length             Attributes
text             0x00000000         0x00008000         xr
data             0x00800060         0x00000800         rw !x
eeprom           0x00810000         0x00000400         rw !x
fuse             0x00820000         0x00000002         rw !x
lock             0x00830000         0x00000400         rw !x
signature        0x00840000         0x00000400         rw !x
user_signatures  0x00850000         0x00000400         rw !x
*default*        0x00000000         0xffffffff

Linker script and memory map

LOAD C:/Program Files (x86)/Atmel/Studio/7.0/Packs/atmel/ATmega_DFP/1.7.374/gcc/dev/atmega32/avr5/crtatmega32.o
LOAD APP/main.o
LOAD APP/Sess16/ASG1/ASS_PROG.o
LOAD APP/Sess16/ses.o
LOAD APP/Sess16/Task/ses.o
LOAD APP/Sess17/ses.o
LOAD APP/Sess18/ASG2/ASS_PROG.o
LOAD APP/Sess18/ses.o
LOAD APP/Sess18/TASKNEWCHARACTER/NEWCHARACTER_PROG.o
LOAD APP/Sess19/sess_PROG.o
LOAD APP/Sess19/TASKCALC/CALC_PROG.o
LOAD APP/Sess19/TASKLOGINSYSTEM/LOG_PROG.o
LOAD APP/Sess20/sess_PROG.o
LOAD APP/Sess22TI1/SESSTI1_PROG.o
LOAD APP/Sess21/SESS_PROG.o
LOAD APP/Sess21/TASK/TASK_PROG.o
LOAD APP/Sess22TI1/TASKCOUNTER/TASKCOUNTER_PROG.o
LOAD APP/Sess23CTC/PWM/PWM_PROG.o
LOAD APP/Sess23CTC/sess_PROG.o
LOAD APP/Sess24MOTOR/SERVO/SERVO_PROG.o
LOAD APP/Sess24MOTOR/sess_PROG.o
LOAD APP/Sess25WDT/sess_PROG.o
LOAD APP/Sess25WDT/TaskULTRASONIC/ULTRA_PROG.o
LOAD APP/Sess26UART/sess_PROG.o
LOAD APP/Sess26UART/TASKKPDUART/TASKKPDUART_PROG.o
LOAD APP/Sess27SPI/BLUTOTH/sess_PROG.o
LOAD APP/Sess27SPI/sess_PROG.o
LOAD APP/Sess28I2C/sess_PROG.o
LOAD APP/Sess29EEPROM/sess_PROG.o
LOAD APP/Sess29EEPROM/TASKEEPROMPASS/TASKEEPROMPASS_PROG.o
LOAD APP/Sess32/sess_PROG.o
LOAD APP/Sess32/TTL/sess_PROG.o
LOAD APP/Sess33FREERTOS/sess_PROG.o
LOAD FREERTOS/croutine.o
LOAD FREERTOS/event_groups.o
LOAD FREERTOS/heap_1.o
LOAD FREERTOS/list.o
LOAD FREERTOS/port.o
LOAD FREERTOS/queue.o
LOAD FREERTOS/stream_buffer.o
LOAD FREERTOS/tasks.o
LOAD FREERTOS/timers.o
LOAD HAL/7seg/SS_PROG.o
LOAD HAL/EEPROM/EEPROM_PROG.o
LOAD HAL/KPD/KPD_PROG.o
LOAD HAL/LCD/LCD_PROG.o
LOAD MCAL/ADC/ADC_PROG.o
LOAD MCAL/DIO/DIO_PROG.o
LOAD MCAL/EXT/EXT_PROG.o
LOAD MCAL/GI/GI_PROG.o
LOAD MCAL/I2C/I2C_PROG.o
LOAD MCAL/SPI/SPI_PROG.o
LOAD MCAL/TIMER0/TIMER0_PROG.o
LOAD MCAL/TIMER1/TIMER1_PROG.o
LOAD MCAL/UART/UART_PROG.o
LOAD MCAL/WDT/WDT_PROG.o
LOAD RTOS/RTOS.o
START GROUP
LOAD c:/program files (x86)/atmel/studio/7.0/toolchain/avr8/avr8-gnu-toolchain/bin/../lib/gcc/avr/5.4.0/../../../../avr/lib/avr5\libm.a
END GROUP
START GROUP
LOAD c:/program files (x86)/atmel/studio/7.0/toolchain/avr8/avr8-gnu-toolchain/bin/../lib/gcc/avr/5.4.0/avr5\libgcc.a
LOAD c:/program files (x86)/atmel/studio/7.0/toolchain/avr8/avr8-gnu-toolchain/bin/../lib/gcc/avr/5.4.0/../../../../avr/lib/avr5\libm.a
LOAD c:/program files (x86)/atmel/studio/7.0/toolchain/avr8/avr8-gnu-toolchain/bin/../lib/gcc/avr/5.4.0/../../../../avr/lib/avr5\libc.a
LOAD C:/Program Files (x86)/Atmel/Studio/7.0/Packs/atmel/ATmega_DFP/1.7.374/gcc/dev/atmega32/avr5\libatmega32.a
END GROUP
                0x00000000                __TEXT_REGION_ORIGIN__ = DEFINED (__TEXT_REGION_ORIGIN__)?__TEXT_REGION_ORIGIN__:0x0
                [0x00800060]                __DATA_REGION_ORIGIN__ = DEFINED (__DATA_REGION_ORIGIN__)?__DATA_REGION_ORIGIN__:0x800060
                [0x00008000]                __TEXT_REGION_LENGTH__ = DEFINED (__TEXT_REGION_LENGTH__)?__TEXT_REGION_LENGTH__:0x20000
                [0x00000800]                __DATA_REGION_LENGTH__ = DEFINED (__DATA_REGION_LENGTH__)?__DATA_REGION_LENGTH__:0xffa0
                [0x00000400]                __EEPROM_REGION_LENGTH__ = DEFINED (__EEPROM_REGION_LENGTH__)?__EEPROM_REGION_LENGTH__:0x10000
                [0x00000002]                __FUSE_REGION_LENGTH__ = DEFINED (__FUSE_REGION_LENGTH__)?__FUSE_REGION_LENGTH__:0x400
                0x00000400                __LOCK_REGION_LENGTH__ = DEFINED (__LOCK_REGION_LENGTH__)?__LOCK_REGION_LENGTH__:0x400
                0x00000400                __SIGNATURE_REGION_LENGTH__ = DEFINED (__SIGNATURE_REGION_LENGTH__)?__SIGNATURE_REGION_LENGTH__:0x400
                0x00000400                __USER_SIGNATURE_REGION_LENGTH__ = DEFINED (__USER_SIGNATURE_REGION_LENGTH__)?__USER_SIGNATURE_REGION_LENGTH__:0x400

.hash
 *(.hash)

.dynsym
 *(.dynsym)

.dynstr
 *(.dynstr)

.gnu.version
 *(.gnu.version)

.gnu.version_d
 *(.gnu.version_d)

.gnu.version_r
 *(.gnu.version_r)

.rel.init
 *(.rel.init)

.rela.init
 *(.rela.init)

.rel.text
 *(.rel.text)
 *(.rel.text.*)
 *(.rel.gnu.linkonce.t*)

.rela.text
 *(.rela.text)
 *(.rela.text.*)
 *(.rela.gnu.linkonce.t*)

.rel.fini
 *(.rel.fini)

.rela.fini
 *(.rela.fini)

.rel.rodata
 *(.rel.rodata)
 *(.rel.rodata.*)
 *(.rel.gnu.linkonce.r*)

.rela.rodata
 *(.rela.rodata)
 *(.rela.rodata.*)
 *(.rela.gnu.linkonce.r*)

.rel.data
 *(.rel.data)
 *(.rel.data.*)
 *(.rel.gnu.linkonce.d*)

.rela.data
 *(.rela.data)
 *(.rela.data.*)
 *(.rela.gnu.linkonce.d*)

.rel.ctors
 *(.rel.ctors)

.rela.ctors
 *(.rela.ctors)

.rel.dtors
 *(.rel.dtors)

.rela.dtors
 *(.rela.dtors)

.rel.got
 *(.rel.got)

.rela.got
 *(.rela.got)

.rel.bss
 *(.rel.bss)

.rela.bss
 *(.rela.bss)

.rel.plt
 *(.rel.plt)

.rela.plt
 *(.rela.plt)

.text           0x00000000      0xb60
 *(.vectors)
 .vectors       0x00000000       0x54 C:/Program Files (x86)/Atmel/Studio/7.0/Packs/atmel/ATmega_DFP/1.7.374/gcc/dev/atmega32/avr5/crtatmega32.o
                0x00000000                __vector_default
                0x00000000                __vectors
 *(.vectors)
 *(.progmem.gcc*)
                0x00000054                . = ALIGN (0x2)
                0x00000054                __trampolines_start = .
 *(.trampolines)
 .trampolines   0x00000054        0x0 linker stubs
 *(.trampolines*)
                0x00000054                __trampolines_end = .
 *libprintf_flt.a:*(.progmem.data)
 *libc.a:*(.progmem.data)
 *(.progmem*)
                0x00000054                . = ALIGN (0x2)
 *(.jumptables)
 *(.jumptables*)
 *(.lowtext)
 *(.lowtext*)
                0x00000054                __ctors_start = .
 *(.ctors)
                0x00000054                __ctors_end = .
                0x00000054                __dtors_start = .
 *(.dtors)
                0x00000054                __dtors_end = .
 SORT(*)(.ctors)
 SORT(*)(.dtors)
 *(.init0)
 .init0         0x00000054        0x0 C:/Program Files (x86)/Atmel/Studio/7.0/Packs/atmel/ATmega_DFP/1.7.374/gcc/dev/atmega32/avr5/crtatmega32.o
                0x00000054                __init
 *(.init0)
 *(.init1)
 *(.init1)
 *(.init2)
 .init2         0x00000054        0xc C:/Program Files (x86)/Atmel/Studio/7.0/Packs/atmel/ATmega_DFP/1.7.374/gcc/dev/atmega32/avr5/crtatmega32.o
 *(.init2)
 *(.init3)
 *(.init3)
 *(.init4)
 .init4         0x00000060       0x16 c:/program files (x86)/atmel/studio/7.0/toolchain/avr8/avr8-gnu-toolchain/bin/../lib/gcc/avr/5.4.0/avr5\libgcc.a(_copy_data.o)
                0x00000060                __do_copy_data
 .init4         0x00000076       0x10 c:/program files (x86)/atmel/studio/7.0/toolchain/avr8/avr8-gnu-toolchain/bin/../lib/gcc/avr/5.4.0/avr5\libgcc.a(_clear_bss.o)
                0x00000076                __do_clear_bss
 *(.init4)
 *(.init5)
 *(.init5)
 *(.init6)
 *(.init6)
 *(.init7)
 *(.init7)
 *(.init8)
 *(.init8)
 *(.init9)
 .init9         0x00000086        0x8 C:/Program Files (x86)/Atmel/Studio/7.0/Packs/atmel/ATmega_DFP/1.7.374/gcc/dev/atmega32/avr5/crtatmega32.o
 *(.init9)
 *(.text)
 .text          0x0000008e        0x4 C:/Program Files (x86)/Atmel/Studio/7.0/Packs/atmel/ATmega_DFP/1.7.374/gcc/dev/atmega32/avr5/crtatmega32.o
                0x0000008e                __vector_12
                0x0000008e                __bad_interrupt
                0x0000008e                __vector_17
                0x0000008e                __vector_19
                0x0000008e                __vector_5
                0x0000008e                __vector_4
                0x0000008e                __vector_9
                0x0000008e                __vector_15
                0x0000008e                __vector_8
                0x0000008e                __vector_14
                0x0000008e                __vector_16
                0x0000008e                __vector_18
                0x0000008e                __vector_20
                0x00000092                . = ALIGN (0x2)
 *(.text.*)
 .text.main     0x00000092        0xa APP/main.o
                0x00000092                main
 .text.task1    0x0000009c        0x8 APP/Sess33FREERTOS/sess_PROG.o
                0x0000009c                task1
 .text.task2    0x000000a4        0x8 APP/Sess33FREERTOS/sess_PROG.o
                0x000000a4                task2
 .text.task3    0x000000ac        0x8 APP/Sess33FREERTOS/sess_PROG.o
                0x000000ac                task3
 .text.source_code
                0x000000b4       0x4c APP/Sess33FREERTOS/sess_PROG.o
                0x000000b4                source_code
 .text.vPortYieldFromTick
                0x00000100       0xb8 FREERTOS/port.o
                0x00000100                vPortYieldFromTick
 .text.__vector_7
                0x000001b8        0x6 FREERTOS/port.o
                0x000001b8                __vector_7
 .text.prvResetNextTaskUnblockTime
                0x000001be       0x38 FREERTOS/tasks.o
 .text.xTaskIncrementTick
                0x000001f6      0x234 FREERTOS/tasks.o
                0x000001f6                xTaskIncrementTick
 .text.vTaskSwitchContext
                0x0000042a       0xa8 FREERTOS/tasks.o
                0x0000042a                vTaskSwitchContext
 .text.DIO_setPinDir
                0x000004d2      0x116 MCAL/DIO/DIO_PROG.o
                0x000004d2                DIO_setPinDir
 .text.DIO_setPinValue
                0x000005e8      0x116 MCAL/DIO/DIO_PROG.o
                0x000005e8                DIO_setPinValue
 .text.DIO_readPinValue
                0x000006fe       0x6c MCAL/DIO/DIO_PROG.o
                0x000006fe                DIO_readPinValue
 .text.DIO_togglePinValue
                0x0000076a       0x18 MCAL/DIO/DIO_PROG.o
                0x0000076a                DIO_togglePinValue
 .text.__vector_1
                0x00000782       0x4e MCAL/EXT/EXT_PROG.o
                0x00000782                __vector_1
 .text.__vector_2
                0x000007d0       0x4e MCAL/EXT/EXT_PROG.o
                0x000007d0                __vector_2
 .text.__vector_3
                0x0000081e       0x4e MCAL/EXT/EXT_PROG.o
                0x0000081e                __vector_3
 .text.GI_enable
                0x0000086c        0x8 MCAL/GI/GI_PROG.o
                0x0000086c                GI_enable
 .text.TIMER0_initNormal
                0x00000874       0x14 MCAL/TIMER0/TIMER0_PROG.o
                0x00000874                TIMER0_initNormal
 .text.TIMER0_start
                0x00000888       0xd8 MCAL/TIMER0/TIMER0_PROG.o
                0x00000888                TIMER0_start
 .text.TIMER_setcallbackOv
                0x00000960        0xa MCAL/TIMER0/TIMER0_PROG.o
                0x00000960                TIMER_setcallbackOv
 .text.__vector_11
                0x0000096a       0x4e MCAL/TIMER0/TIMER0_PROG.o
                0x0000096a                __vector_11
 .text.__vector_10
                0x000009b8       0x4e MCAL/TIMER0/TIMER0_PROG.o
                0x000009b8                __vector_10
 .text.__vector_6
                0x00000a06       0x4e MCAL/TIMER1/TIMER1_PROG.o
                0x00000a06                __vector_6
 .text.__vector_13
                0x00000a54       0x4e MCAL/UART/UART_PROG.o
                0x00000a54                __vector_13
 .text.RTOS_Schedular
                0x00000aa2       0x5e RTOS/RTOS.o
 .text.RTOS_Init
                0x00000b00       0x12 RTOS/RTOS.o
                0x00000b00                RTOS_Init
 .text.RTOS_CreateTask
                0x00000b12       0x1a RTOS/RTOS.o
                0x00000b12                RTOS_CreateTask
 .text.RTOS_Start
                0x00000b2c        0x8 RTOS/RTOS.o
                0x00000b2c                RTOS_Start
 .text.libgcc.div
                0x00000b34       0x28 c:/program files (x86)/atmel/studio/7.0/toolchain/avr8/avr8-gnu-toolchain/bin/../lib/gcc/avr/5.4.0/avr5\libgcc.a(_udivmodhi4.o)
                0x00000b34                __udivmodhi4
                0x00000b5c                . = ALIGN (0x2)
 *(.fini9)
 .fini9         0x00000b5c        0x0 c:/program files (x86)/atmel/studio/7.0/toolchain/avr8/avr8-gnu-toolchain/bin/../lib/gcc/avr/5.4.0/avr5\libgcc.a(_exit.o)
                0x00000b5c                _exit
                0x00000b5c                exit
 *(.fini9)
 *(.fini8)
 *(.fini8)
 *(.fini7)
 *(.fini7)
 *(.fini6)
 *(.fini6)
 *(.fini5)
 *(.fini5)
 *(.fini4)
 *(.fini4)
 *(.fini3)
 *(.fini3)
 *(.fini2)
 *(.fini2)
 *(.fini1)
 *(.fini1)
 *(.fini0)
 .fini0         0x00000b5c        0x4 c:/program files (x86)/atmel/studio/7.0/toolchain/avr8/avr8-gnu-toolchain/bin/../lib/gcc/avr/5.4.0/avr5\libgcc.a(_exit.o)
 *(.fini0)
                0x00000b60                _etext = .

.data           0x00800060        0x0 load address 0x00000b60
                0x00800060                PROVIDE (__data_start, .)
 *(.data)
 *(.data*)
 *(.gnu.linkonce.d*)
 *(.rodata)
 *(.rodata*)
 *(.gnu.linkonce.r*)
                0x00800060                . = ALIGN (0x2)
                0x00800060                _edata = .
                0x00800060                PROVIDE (__data_end, .)

.bss            0x00800060       0x50
                0x00800060                PROVIDE (__bss_start, .)
 *(.bss)
 *(.bss*)
 .bss.uxSchedulerSuspended
                0x00800060        0x1 FREERTOS/tasks.o
 .bss.xNextTaskUnblockTime
                0x00800061        0x2 FREERTOS/tasks.o
 .bss.xNumOfOverflows
                0x00800063        0x1 FREERTOS/tasks.o
 .bss.xYieldPending
                0x00800064        0x1 FREERTOS/tasks.o
 .bss.xPendedTicks
                0x00800065        0x2 FREERTOS/tasks.o
 .bss.uxTopReadyPriority
                0x00800067        0x1 FREERTOS/tasks.o
 .bss.xTickCount
                0x00800068        0x2 FREERTOS/tasks.o
 .bss.pxOverflowDelayedTaskList
                0x0080006a        0x2 FREERTOS/tasks.o
 .bss.pxDelayedTaskList
                0x0080006c        0x2 FREERTOS/tasks.o
 .bss.pxReadyTasksLists
                0x0080006e       0x24 FREERTOS/tasks.o
 .bss.pxCurrentTCB
                0x00800092        0x2 FREERTOS/tasks.o
                0x00800092                pxCurrentTCB
 .bss.counter.1777
                0x00800094        0x2 RTOS/RTOS.o
 *(COMMON)
 COMMON         0x00800096        0x6 MCAL/EXT/EXT_PROG.o
                0x00800096                EXT_int1Func
                0x00800098                EXT_int2Func
                0x0080009a                EXT_int0Func
 COMMON         0x0080009c        0x4 MCAL/TIMER0/TIMER0_PROG.o
                0x0080009c                TIMER0_CTCFunc
                0x0080009e                TIMER0_OvFunc
 COMMON         0x008000a0        0x2 MCAL/TIMER1/TIMER1_PROG.o
                0x008000a0                TIMER1_IcuFunc
 COMMON         0x008000a2        0x2 MCAL/UART/UART_PROG.o
                0x008000a2                UART_INTFunc
 COMMON         0x008000a4        0xc RTOS/RTOS.o
                0x008000a4                arrTasks
                0x008000b0                PROVIDE (__bss_end, .)
                0x00000b60                __data_load_start = LOADADDR (.data)
                0x00000b60                __data_load_end = (__data_load_start + SIZEOF (.data))

.noinit         0x008000b0        0x0
                [!provide]                PROVIDE (__noinit_start, .)
 *(.noinit*)
                [!provide]                PROVIDE (__noinit_end, .)
                0x008000b0                _end = .
                [!provide]                PROVIDE (__heap_start, .)

.eeprom         0x00810000        0x0
 *(.eeprom*)
                0x00810000                __eeprom_end = .

.fuse
 *(.fuse)
 *(.lfuse)
 *(.hfuse)
 *(.efuse)

.lock
 *(.lock*)

.signature
 *(.signature*)

.user_signatures
 *(.user_signatures*)

.stab
 *(.stab)

.stabstr
 *(.stabstr)

.stab.excl
 *(.stab.excl)

.stab.exclstr
 *(.stab.exclstr)

.stab.index
 *(.stab.index)

.stab.indexstr
 *(.stab.indexstr)

.comment        0x00000000       0x30
 *(.comment)
 .comment       0x00000000       0x30 APP/main.o
                                 0x31 (size before relaxing)
 .comment       0x00000030       0x31 APP/Sess33FREERTOS/sess_PROG.o
 .comment       0x00000030       0x31 FREERTOS/port.o
 .comment       0x00000030       0x31 FREERTOS/tasks.o
 .comment       0x00000030       0x31 MCAL/DIO/DIO_PROG.o
 .comment       0x00000030       0x31 MCAL/EXT/EXT_PROG.o
 .comment       0x00000030       0x31 MCAL/GI/GI_PROG.o
 .comment       0x00000030       0x31 MCAL/TIMER0/TIMER0_PROG.o
 .comment       0x00000030       0x31 MCAL/TIMER1/TIMER1_PROG.o
 .comment       0x00000030       0x31 MCAL/UART/UART_PROG.o
 .comment       0x00000030       0x31 RTOS/RTOS.o

.note.gnu.avr.deviceinfo
                0x00000000       0x3c
 .note.gnu.avr.deviceinfo
                0x00000000       0x3c C:/Program Files (x86)/Atmel/Studio/7.0/Packs/atmel/ATmega_DFP/1.7.374/gcc/dev/atmega32/avr5/crtatmega32.o

.note.gnu.build-id
 *(.note.gnu.build-id)

.debug
 *(.debug)

.line
 *(.line)

.debug_srcinfo
 *(.debug_srcinfo)

.debug_sfnames
 *(.debug_sfnames)

.debug_aranges  0x00000000      0x428
 *(.debug_aranges)
 .debug_aranges
                0x00000000       0x20 APP/main.o
 .debug_aranges
                0x00000020       0x38 APP/Sess33FREERTOS/sess_PROG.o
 .debug_aranges
                0x00000058       0x50 FREERTOS/port.o
 .debug_aranges
                0x000000a8      0x158 FREERTOS/tasks.o
 .debug_aranges
                0x00000200       0x40 MCAL/DIO/DIO_PROG.o
 .debug_aranges
                0x00000240       0x60 MCAL/EXT/EXT_PROG.o
 .debug_aranges
                0x000002a0       0x28 MCAL/GI/GI_PROG.o
 .debug_aranges
                0x000002c8       0x78 MCAL/TIMER0/TIMER0_PROG.o
 .debug_aranges
                0x00000340       0x60 MCAL/TIMER1/TIMER1_PROG.o
 .debug_aranges
                0x000003a0       0x50 MCAL/UART/UART_PROG.o
 .debug_aranges
                0x000003f0       0x38 RTOS/RTOS.o

.debug_pubnames
 *(.debug_pubnames)

.debug_info     0x00000000     0x30f4
 *(.debug_info .gnu.linkonce.wi.*)
 .debug_info    0x00000000      0x4e6 C:/Program Files (x86)/Atmel/Studio/7.0/Packs/atmel/ATmega_DFP/1.7.374/gcc/dev/atmega32/avr5/crtatmega32.o
 .debug_info    0x000004e6       0xb2 APP/main.o
 .debug_info    0x00000598      0x239 APP/Sess33FREERTOS/sess_PROG.o
 .debug_info    0x000007d1      0x24e FREERTOS/port.o
 .debug_info    0x00000a1f     0x1a41 FREERTOS/tasks.o
 .debug_info    0x00002460      0x1b2 MCAL/DIO/DIO_PROG.o
 .debug_info    0x00002612      0x20f MCAL/EXT/EXT_PROG.o
 .debug_info    0x00002821       0xb2 MCAL/GI/GI_PROG.o
 .debug_info    0x000028d3      0x224 MCAL/TIMER0/TIMER0_PROG.o
 .debug_info    0x00002af7      0x1f2 MCAL/TIMER1/TIMER1_PROG.o
 .debug_info    0x00002ce9      0x1e0 MCAL/UART/UART_PROG.o
 .debug_info    0x00002ec9      0x22b RTOS/RTOS.o

.debug_abbrev   0x00000000      0xfe0
 *(.debug_abbrev)
 .debug_abbrev  0x00000000      0x4a3 C:/Program Files (x86)/Atmel/Studio/7.0/Packs/atmel/ATmega_DFP/1.7.374/gcc/dev/atmega32/avr5/crtatmega32.o
 .debug_abbrev  0x000004a3       0x63 APP/main.o
 .debug_abbrev  0x00000506       0xa2 APP/Sess33FREERTOS/sess_PROG.o
 .debug_abbrev  0x000005a8      0x143 FREERTOS/port.o
 .debug_abbrev  0x000006eb      0x2a5 FREERTOS/tasks.o
 .debug_abbrev  0x00000990       0xe3 MCAL/DIO/DIO_PROG.o
 .debug_abbrev  0x00000a73       0xad MCAL/EXT/EXT_PROG.o
 .debug_abbrev  0x00000b20       0x4f MCAL/GI/GI_PROG.o
 .debug_abbrev  0x00000b6f       0xea MCAL/TIMER0/TIMER0_PROG.o
 .debug_abbrev  0x00000c59       0xea MCAL/TIMER1/TIMER1_PROG.o
 .debug_abbrev  0x00000d43      0x14f MCAL/UART/UART_PROG.o
 .debug_abbrev  0x00000e92      0x14e RTOS/RTOS.o

.debug_line     0x00000000     0x2014
 *(.debug_line .debug_line.* .debug_line_end)
 .debug_line    0x00000000      0x116 C:/Program Files (x86)/Atmel/Studio/7.0/Packs/atmel/ATmega_DFP/1.7.374/gcc/dev/atmega32/avr5/crtatmega32.o
 .debug_line    0x00000116       0x6b APP/main.o
 .debug_line    0x00000181       0xec APP/Sess33FREERTOS/sess_PROG.o
 .debug_line    0x0000026d      0x2a4 FREERTOS/port.o
 .debug_line    0x00000511      0xff9 FREERTOS/tasks.o
 .debug_line    0x0000150a      0x1d5 MCAL/DIO/DIO_PROG.o
 .debug_line    0x000016df      0x1ac MCAL/EXT/EXT_PROG.o
 .debug_line    0x0000188b       0x74 MCAL/GI/GI_PROG.o
 .debug_line    0x000018ff      0x280 MCAL/TIMER0/TIMER0_PROG.o
 .debug_line    0x00001b7f      0x20a MCAL/TIMER1/TIMER1_PROG.o
 .debug_line    0x00001d89      0x171 MCAL/UART/UART_PROG.o
 .debug_line    0x00001efa      0x11a RTOS/RTOS.o

.debug_frame    0x00000000      0xbcc
 *(.debug_frame)
 .debug_frame   0x00000000       0x24 APP/main.o
 .debug_frame   0x00000024       0x54 APP/Sess33FREERTOS/sess_PROG.o
 .debug_frame   0x00000078       0x84 FREERTOS/port.o
 .debug_frame   0x000000fc      0x52c FREERTOS/tasks.o
 .debug_frame   0x00000628       0x6c MCAL/DIO/DIO_PROG.o
 .debug_frame   0x00000694      0x17c MCAL/EXT/EXT_PROG.o
 .debug_frame   0x00000810       0x34 MCAL/GI/GI_PROG.o
 .debug_frame   0x00000844      0x164 MCAL/TIMER0/TIMER0_PROG.o
 .debug_frame   0x000009a8       0xec MCAL/TIMER1/TIMER1_PROG.o
 .debug_frame   0x00000a94       0xdc MCAL/UART/UART_PROG.o
 .debug_frame   0x00000b70       0x5c RTOS/RTOS.o

.debug_str      0x00000000     0x12d5
 *(.debug_str)
 .debug_str     0x00000000      0x196 C:/Program Files (x86)/Atmel/Studio/7.0/Packs/atmel/ATmega_DFP/1.7.374/gcc/dev/atmega32/avr5/crtatmega32.o
 .debug_str     0x00000196      0x17e APP/main.o
                                0x1b2 (size before relaxing)
 .debug_str     0x00000314       0x7a APP/Sess33FREERTOS/sess_PROG.o
                                0x219 (size before relaxing)
 .debug_str     0x0000038e      0x14d FREERTOS/port.o
                                0x2c6 (size before relaxing)
 .debug_str     0x000004db      0x9be FREERTOS/tasks.o
                                0xc36 (size before relaxing)
 .debug_str     0x00000e99       0x53 MCAL/DIO/DIO_PROG.o
                                0x207 (size before relaxing)
 .debug_str     0x00000eec       0xc5 MCAL/EXT/EXT_PROG.o
                                0x258 (size before relaxing)
 .debug_str     0x00000fb1       0x2a MCAL/GI/GI_PROG.o
                                0x1bd (size before relaxing)
 .debug_str     0x00000fdb      0x119 MCAL/TIMER0/TIMER0_PROG.o
                                0x2ac (size before relaxing)
 .debug_str     0x000010f4       0xe0 MCAL/TIMER1/TIMER1_PROG.o
                                0x279 (size before relaxing)
 .debug_str     0x000011d4       0xa2 MCAL/UART/UART_PROG.o
                                0x235 (size before relaxing)
 .debug_str     0x00001276       0x5f RTOS/RTOS.o
                                0x262 (size before relaxing)

.debug_loc      0x00000000     0x2dad
 *(.debug_loc)
 .debug_loc     0x00000000      0x2a0 FREERTOS/port.o
 .debug_loc     0x000002a0     0x1e0c FREERTOS/tasks.o
 .debug_loc     0x000020ac      0x3f3 MCAL/DIO/DIO_PROG.o
 .debug_loc     0x0000249f      0x341 MCAL/EXT/EXT_PROG.o
 .debug_loc     0x000027e0      0x27f MCAL/TIMER0/TIMER0_PROG.o
 .debug_loc     0x00002a5f      0x12b MCAL/TIMER1/TIMER1_PROG.o
 .debug_loc     0x00002b8a      0x1cc MCAL/UART/UART_PROG.o
 .debug_loc     0x00002d56       0x57 RTOS/RTOS.o

.debug_macinfo
 *(.debug_macinfo)

.debug_weaknames
 *(.debug_weaknames)

.debug_funcnames
 *(.debug_funcnames)

.debug_typenames
 *(.debug_typenames)

.debug_varnames
 *(.debug_varnames)

.debug_pubtypes
 *(.debug_pubtypes)

.debug_ranges   0x00000000      0x398
 *(.debug_ranges)
 .debug_ranges  0x00000000       0x10 APP/main.o
 .debug_ranges  0x00000010       0x28 APP/Sess33FREERTOS/sess_PROG.o
 .debug_ranges  0x00000038       0x40 FREERTOS/port.o
 .debug_ranges  0x00000078      0x168 FREERTOS/tasks.o
 .debug_ranges  0x000001e0       0x30 MCAL/DIO/DIO_PROG.o
 .debug_ranges  0x00000210       0x50 MCAL/EXT/EXT_PROG.o
 .debug_ranges  0x00000260       0x18 MCAL/GI/GI_PROG.o
 .debug_ranges  0x00000278       0x68 MCAL/TIMER0/TIMER0_PROG.o
 .debug_ranges  0x000002e0       0x50 MCAL/TIMER1/TIMER1_PROG.o
 .debug_ranges  0x00000330       0x40 MCAL/UART/UART_PROG.o
 .debug_ranges  0x00000370       0x28 RTOS/RTOS.o

.debug_macro
 *(.debug_macro)
OUTPUT(code.elf elf32-avr)
LOAD linker stubs
